# JMH version: 1.37
# VM version: JDK 21.0.12.1, OpenJDK 64-Bit Server VM, 21.0.12.1+1-LTS
# VM invoker: /usr/lib/jvm/temurin-21-jdk-amd64/bin/java
# VM options: <none>
# Blackhole mode: compiler (auto-detected, use -Djmh.blackhole.autoDetect=false to disable)
# Warmup: 2 iterations, 2 s each
# Measurement: 5 iterations, 2 s each
# Timeout: 10 min per iteration
# Threads: 20 threads (1 group; 4x "getWorkload", 16x "putWorkload" in each group), will synchronize iterations
# Benchmark mode: Throughput, ops/time
# Benchmark: org.hestiastore.benchmark.segmentindex.SegmentIndexMixedDrainBenchmark.partitionedIngestMixed
# Parameters: (hotKeySpace = 256, workloadMode = splitHeavy)

# Run progress: 0.00% complete, ETA 00:00:14
# Fork: 1 of 1
# Warmup Iteration   1: 267529.102 ops/s
# Warmup Iteration   2: 785348.044 ops/s
Iteration   1: 987835.417 ops/s
                 getWorkload: 954468.477 ops/s
                 putWorkload: 33366.940 ops/s

Iteration   2: 1064131.439 ops/s
                 getWorkload: 1030207.354 ops/s
                 putWorkload: 33924.085 ops/s

Iteration   3: 1363319.086 ops/s
                 getWorkload: 1328617.626 ops/s
                 putWorkload: 34701.460 ops/s

Iteration   4: 1255299.050 ops/s
                 getWorkload: 1218996.921 ops/s
                 putWorkload: 36302.129 ops/s

Iteration   5: 1316883.894 ops/s
                 getWorkload: 1281057.930 ops/s
                 putWorkload: 35825.964 ops/s



Result "org.hestiastore.benchmark.segmentindex.SegmentIndexMixedDrainBenchmark.partitionedIngestMixed":
  1197493.777 ±(99.9%) 629305.331 ops/s [Average]
  (min, avg, max) = (987835.417, 1197493.777, 1363319.086), stdev = 163428.596
  CI (99.9%): [568188.447, 1826799.108] (assumes normal distribution)

Secondary result "org.hestiastore.benchmark.segmentindex.SegmentIndexMixedDrainBenchmark.partitionedIngestMixed:getWorkload":
  1162669.662 ±(99.9%) 625718.577 ops/s [Average]
  (min, avg, max) = (954468.477, 1162669.662, 1328617.626), stdev = 162497.127
  CI (99.9%): [536951.084, 1788388.239] (assumes normal distribution)

Secondary result "org.hestiastore.benchmark.segmentindex.SegmentIndexMixedDrainBenchmark.partitionedIngestMixed:putWorkload":
  34824.116 ±(99.9%) 4769.470 ops/s [Average]
  (min, avg, max) = (33366.940, 34824.116, 36302.129), stdev = 1238.616
  CI (99.9%): [30054.645, 39593.586] (assumes normal distribution)


# Run complete. Total time: 00:00:18

REMEMBER: The numbers below are just data. To gain reusable insights, you need to follow up on
why the numbers are the way they are. Use profilers (see -prof, -lprof), design factorial
experiments, perform baseline and negative tests that provide experimental control, make sure
the benchmarking environment is safe on JVM/OS/HW level, ask for reviews from the domain experts.
Do not assume the numbers tell you what you want them to tell.

NOTE: Current JVM experimentally supports Compiler Blackholes, and they are in use. Please exercise
extra caution when trusting the results, look into the generated code to check the benchmark still
works, and factor in a small probability of new VM bugs. Additionally, while comparisons between
different JVMs are already problematic, the performance difference caused by different Blackhole
modes can be very significant. Please make sure you use the consistent Blackhole mode for comparisons.

Benchmark                                                           (hotKeySpace)  (workloadMode)   Mode  Cnt        Score        Error  Units
SegmentIndexMixedDrainBenchmark.partitionedIngestMixed                        256      splitHeavy  thrpt    5  1197493.777 ± 629305.331  ops/s
SegmentIndexMixedDrainBenchmark.partitionedIngestMixed:getWorkload            256      splitHeavy  thrpt    5  1162669.662 ± 625718.577  ops/s
SegmentIndexMixedDrainBenchmark.partitionedIngestMixed:putWorkload            256      splitHeavy  thrpt    5    34824.116 ±   4769.470  ops/s

Benchmark result is saved to /home/runner/work/_temp/benchmark-results/candidate/raw/segment-index-mixed-split-heavy.json
