# JMH version: 1.37
# VM version: JDK 21.0.12.1, OpenJDK 64-Bit Server VM, 21.0.12.1+1-LTS
# VM invoker: /usr/lib/jvm/temurin-21-jdk-amd64/bin/java
# VM options: <none>
# Blackhole mode: compiler (auto-detected, use -Djmh.blackhole.autoDetect=false to disable)
# Warmup: 2 iterations, 2 s each
# Measurement: 5 iterations, 2 s each
# Timeout: 10 min per iteration
# Threads: 20 threads, will synchronize iterations
# Benchmark mode: Throughput, ops/time
# Benchmark: org.hestiastore.benchmark.segmentindex.SegmentIndexHotRoutePutBenchmark.putHotRoute
# Parameters: (contextLogging = false)

# Run progress: 0.00% complete, ETA 00:00:28
# Fork: 1 of 1
# Warmup Iteration   1: 2922722.678 ops/s
# Warmup Iteration   2: 3966773.613 ops/s
Iteration   1: 4042796.922 ops/s
Iteration   2: 4033387.836 ops/s
Iteration   3: 4069115.310 ops/s
Iteration   4: 4110543.390 ops/s
Iteration   5: 4122845.632 ops/s


Result "org.hestiastore.benchmark.segmentindex.SegmentIndexHotRoutePutBenchmark.putHotRoute":
  4075737.818 ±(99.9%) 153459.819 ops/s [Average]
  (min, avg, max) = (4033387.836, 4075737.818, 4122845.632), stdev = 39853.028
  CI (99.9%): [3922277.999, 4229197.637] (assumes normal distribution)


# JMH version: 1.37
# VM version: JDK 21.0.12.1, OpenJDK 64-Bit Server VM, 21.0.12.1+1-LTS
# VM invoker: /usr/lib/jvm/temurin-21-jdk-amd64/bin/java
# VM options: <none>
# Blackhole mode: compiler (auto-detected, use -Djmh.blackhole.autoDetect=false to disable)
# Warmup: 2 iterations, 2 s each
# Measurement: 5 iterations, 2 s each
# Timeout: 10 min per iteration
# Threads: 20 threads, will synchronize iterations
# Benchmark mode: Throughput, ops/time
# Benchmark: org.hestiastore.benchmark.segmentindex.SegmentIndexHotRoutePutBenchmark.putThenGetHotRoute
# Parameters: (contextLogging = false)

# Run progress: 50.00% complete, ETA 00:00:16
# Fork: 1 of 1
# Warmup Iteration   1: 1782549.452 ops/s
# Warmup Iteration   2: 2131517.815 ops/s
Iteration   1: 2229957.859 ops/s
Iteration   2: 2236383.294 ops/s
Iteration   3: 2216393.388 ops/s
Iteration   4: 2205871.100 ops/s
Iteration   5: 2224764.844 ops/s


Result "org.hestiastore.benchmark.segmentindex.SegmentIndexHotRoutePutBenchmark.putThenGetHotRoute":
  2222674.097 ±(99.9%) 45851.554 ops/s [Average]
  (min, avg, max) = (2205871.100, 2222674.097, 2236383.294), stdev = 11907.503
  CI (99.9%): [2176822.543, 2268525.651] (assumes normal distribution)


# Run complete. Total time: 00:00:31

REMEMBER: The numbers below are just data. To gain reusable insights, you need to follow up on
why the numbers are the way they are. Use profilers (see -prof, -lprof), design factorial
experiments, perform baseline and negative tests that provide experimental control, make sure
the benchmarking environment is safe on JVM/OS/HW level, ask for reviews from the domain experts.
Do not assume the numbers tell you what you want them to tell.

NOTE: Current JVM experimentally supports Compiler Blackholes, and they are in use. Please exercise
extra caution when trusting the results, look into the generated code to check the benchmark still
works, and factor in a small probability of new VM bugs. Additionally, while comparisons between
different JVMs are already problematic, the performance difference caused by different Blackhole
modes can be very significant. Please make sure you use the consistent Blackhole mode for comparisons.

Benchmark                                            (contextLogging)   Mode  Cnt        Score        Error  Units
SegmentIndexHotRoutePutBenchmark.putHotRoute                    false  thrpt    5  4075737.818 ± 153459.819  ops/s
SegmentIndexHotRoutePutBenchmark.putThenGetHotRoute             false  thrpt    5  2222674.097 ±  45851.554  ops/s

Benchmark result is saved to /home/runner/work/_temp/benchmark-results/candidate/raw/segment-index-hot-route-put.json
