# JMH version: 1.37
# VM version: JDK 21.0.12, OpenJDK 64-Bit Server VM, 21.0.12+8-LTS
# VM invoker: /usr/lib/jvm/temurin-21-jdk-amd64/bin/java
# VM options: <none>
# Blackhole mode: compiler (auto-detected, use -Djmh.blackhole.autoDetect=false to disable)
# Warmup: 2 iterations, 2 s each
# Measurement: 5 iterations, 2 s each
# Timeout: 10 min per iteration
# Threads: 1 thread, will synchronize iterations
# Benchmark mode: Average time, time/op
# Benchmark: org.hestiastore.benchmark.segmentindex.SegmentIndexRangeScanBenchmark.boundedScan
# Parameters: (keyCount = 32768, maxKeysInSegment = 1024, rangeSize = 128, snappy = true, valueLength = 64)

# Run progress: 0.00% complete, ETA 00:00:42
# Fork: 1 of 1
# Warmup Iteration   1: 39.979 us/op
# Warmup Iteration   2: 31.816 us/op
Iteration   1: 32.288 us/op
Iteration   2: 31.698 us/op
Iteration   3: 31.695 us/op
Iteration   4: 31.642 us/op
Iteration   5: 31.645 us/op


Result "org.hestiastore.benchmark.segmentindex.SegmentIndexRangeScanBenchmark.boundedScan":
  31.793 ±(99.9%) 1.070 us/op [Average]
  (min, avg, max) = (31.642, 31.793, 32.288), stdev = 0.278
  CI (99.9%): [30.724, 32.863] (assumes normal distribution)


# JMH version: 1.37
# VM version: JDK 21.0.12, OpenJDK 64-Bit Server VM, 21.0.12+8-LTS
# VM invoker: /usr/lib/jvm/temurin-21-jdk-amd64/bin/java
# VM options: <none>
# Blackhole mode: compiler (auto-detected, use -Djmh.blackhole.autoDetect=false to disable)
# Warmup: 2 iterations, 2 s each
# Measurement: 5 iterations, 2 s each
# Timeout: 10 min per iteration
# Threads: 1 thread, will synchronize iterations
# Benchmark mode: Average time, time/op
# Benchmark: org.hestiastore.benchmark.segmentindex.SegmentIndexRangeScanBenchmark.fullStreamRangeFallback
# Parameters: (keyCount = 32768, maxKeysInSegment = 1024, rangeSize = 128, snappy = true, valueLength = 64)

# Run progress: 33.33% complete, ETA 00:00:31
# Fork: 1 of 1
# Warmup Iteration   1: 2329.502 us/op
# Warmup Iteration   2: 2138.371 us/op
Iteration   1: 2107.390 us/op
Iteration   2: 2106.690 us/op
Iteration   3: 2095.746 us/op
Iteration   4: 2094.772 us/op
Iteration   5: 2095.528 us/op


Result "org.hestiastore.benchmark.segmentindex.SegmentIndexRangeScanBenchmark.fullStreamRangeFallback":
  2100.025 ±(99.9%) 24.716 us/op [Average]
  (min, avg, max) = (2094.772, 2100.025, 2107.390), stdev = 6.419
  CI (99.9%): [2075.309, 2124.741] (assumes normal distribution)


# JMH version: 1.37
# VM version: JDK 21.0.12, OpenJDK 64-Bit Server VM, 21.0.12+8-LTS
# VM invoker: /usr/lib/jvm/temurin-21-jdk-amd64/bin/java
# VM options: <none>
# Blackhole mode: compiler (auto-detected, use -Djmh.blackhole.autoDetect=false to disable)
# Warmup: 2 iterations, 2 s each
# Measurement: 5 iterations, 2 s each
# Timeout: 10 min per iteration
# Threads: 1 thread, will synchronize iterations
# Benchmark mode: Average time, time/op
# Benchmark: org.hestiastore.benchmark.segmentindex.SegmentIndexRangeScanBenchmark.sequentialRead
# Parameters: (keyCount = 32768, maxKeysInSegment = 1024, rangeSize = 128, snappy = true, valueLength = 64)

# Run progress: 66.67% complete, ETA 00:00:15
# Fork: 1 of 1
# Warmup Iteration   1: 4451.155 us/op
# Warmup Iteration   2: 4165.954 us/op
Iteration   1: 4094.852 us/op
Iteration   2: 4074.400 us/op
Iteration   3: 4068.591 us/op
Iteration   4: 4064.424 us/op
Iteration   5: 4085.502 us/op


Result "org.hestiastore.benchmark.segmentindex.SegmentIndexRangeScanBenchmark.sequentialRead":
  4077.554 ±(99.9%) 48.135 us/op [Average]
  (min, avg, max) = (4064.424, 4077.554, 4094.852), stdev = 12.501
  CI (99.9%): [4029.419, 4125.689] (assumes normal distribution)


# Run complete. Total time: 00:00:47

REMEMBER: The numbers below are just data. To gain reusable insights, you need to follow up on
why the numbers are the way they are. Use profilers (see -prof, -lprof), design factorial
experiments, perform baseline and negative tests that provide experimental control, make sure
the benchmarking environment is safe on JVM/OS/HW level, ask for reviews from the domain experts.
Do not assume the numbers tell you what you want them to tell.

NOTE: Current JVM experimentally supports Compiler Blackholes, and they are in use. Please exercise
extra caution when trusting the results, look into the generated code to check the benchmark still
works, and factor in a small probability of new VM bugs. Additionally, while comparisons between
different JVMs are already problematic, the performance difference caused by different Blackhole
modes can be very significant. Please make sure you use the consistent Blackhole mode for comparisons.

Benchmark                                               (keyCount)  (maxKeysInSegment)  (rangeSize)  (snappy)  (valueLength)  Mode  Cnt     Score    Error  Units
SegmentIndexRangeScanBenchmark.boundedScan                   32768                1024          128      true             64  avgt    5    31.793 ±  1.070  us/op
SegmentIndexRangeScanBenchmark.fullStreamRangeFallback       32768                1024          128      true             64  avgt    5  2100.025 ± 24.716  us/op
SegmentIndexRangeScanBenchmark.sequentialRead                32768                1024          128      true             64  avgt    5  4077.554 ± 48.135  us/op

Benchmark result is saved to /home/runner/work/_temp/benchmark-results/candidate/raw/segment-index-range-scan.json
