# JMH version: 1.37
# VM version: JDK 21.0.12, OpenJDK 64-Bit Server VM, 21.0.12+8-LTS
# VM invoker: /usr/lib/jvm/temurin-21-jdk-amd64/bin/java
# VM options: <none>
# Blackhole mode: compiler (auto-detected, use -Djmh.blackhole.autoDetect=false to disable)
# Warmup: 2 iterations, 2 s each
# Measurement: 5 iterations, 2 s each
# Timeout: 10 min per iteration
# Threads: 20 threads (1 group; 4x "getWorkload", 16x "putWorkload" in each group), will synchronize iterations
# Benchmark mode: Throughput, ops/time
# Benchmark: org.hestiastore.benchmark.segmentindex.SegmentIndexMixedDrainBenchmark.partitionedIngestMixed
# Parameters: (hotKeySpace = 256, workloadMode = drainOnly)

# Run progress: 0.00% complete, ETA 00:00:14
# Fork: 1 of 1
# Warmup Iteration   1: 600695.162 ops/s
# Warmup Iteration   2: 534069.851 ops/s
Iteration   1: 519520.529 ops/s
                 getWorkload: 242321.043 ops/s
                 putWorkload: 277199.485 ops/s

Iteration   2: 535773.892 ops/s
                 getWorkload: 260557.656 ops/s
                 putWorkload: 275216.236 ops/s

Iteration   3: 554473.251 ops/s
                 getWorkload: 260492.086 ops/s
                 putWorkload: 293981.166 ops/s

Iteration   4: 558813.136 ops/s
                 getWorkload: 274729.202 ops/s
                 putWorkload: 284083.934 ops/s

Iteration   5: 553072.498 ops/s
                 getWorkload: 259194.982 ops/s
                 putWorkload: 293877.515 ops/s



Result "org.hestiastore.benchmark.segmentindex.SegmentIndexMixedDrainBenchmark.partitionedIngestMixed":
  544330.661 ±(99.9%) 63207.909 ops/s [Average]
  (min, avg, max) = (519520.529, 544330.661, 558813.136), stdev = 16414.893
  CI (99.9%): [481122.752, 607538.570] (assumes normal distribution)

Secondary result "org.hestiastore.benchmark.segmentindex.SegmentIndexMixedDrainBenchmark.partitionedIngestMixed:getWorkload":
  259458.994 ±(99.9%) 44292.141 ops/s [Average]
  (min, avg, max) = (242321.043, 259458.994, 274729.202), stdev = 11502.528
  CI (99.9%): [215166.853, 303751.134] (assumes normal distribution)

Secondary result "org.hestiastore.benchmark.segmentindex.SegmentIndexMixedDrainBenchmark.partitionedIngestMixed:putWorkload":
  284871.667 ±(99.9%) 34268.487 ops/s [Average]
  (min, avg, max) = (275216.236, 284871.667, 293981.166), stdev = 8899.417
  CI (99.9%): [250603.180, 319140.154] (assumes normal distribution)


# Run complete. Total time: 00:00:15

REMEMBER: The numbers below are just data. To gain reusable insights, you need to follow up on
why the numbers are the way they are. Use profilers (see -prof, -lprof), design factorial
experiments, perform baseline and negative tests that provide experimental control, make sure
the benchmarking environment is safe on JVM/OS/HW level, ask for reviews from the domain experts.
Do not assume the numbers tell you what you want them to tell.

NOTE: Current JVM experimentally supports Compiler Blackholes, and they are in use. Please exercise
extra caution when trusting the results, look into the generated code to check the benchmark still
works, and factor in a small probability of new VM bugs. Additionally, while comparisons between
different JVMs are already problematic, the performance difference caused by different Blackhole
modes can be very significant. Please make sure you use the consistent Blackhole mode for comparisons.

Benchmark                                                           (hotKeySpace)  (workloadMode)   Mode  Cnt       Score       Error  Units
SegmentIndexMixedDrainBenchmark.partitionedIngestMixed                        256       drainOnly  thrpt    5  544330.661 ± 63207.909  ops/s
SegmentIndexMixedDrainBenchmark.partitionedIngestMixed:getWorkload            256       drainOnly  thrpt    5  259458.994 ± 44292.141  ops/s
SegmentIndexMixedDrainBenchmark.partitionedIngestMixed:putWorkload            256       drainOnly  thrpt    5  284871.667 ± 34268.487  ops/s

Benchmark result is saved to /home/runner/work/_temp/benchmark-results/candidate/raw/segment-index-mixed-drain.json
