# JMH version: 1.37
# VM version: JDK 21.0.12.1, OpenJDK 64-Bit Server VM, 21.0.12.1+1-LTS
# VM invoker: /usr/lib/jvm/temurin-21-jdk-amd64/bin/java
# VM options: <none>
# Blackhole mode: compiler (auto-detected, use -Djmh.blackhole.autoDetect=false to disable)
# Warmup: 2 iterations, 2 s each
# Measurement: 5 iterations, 2 s each
# Timeout: 10 min per iteration
# Threads: 20 threads (1 group; 4x "getWorkload", 16x "putWorkload" in each group), will synchronize iterations
# Benchmark mode: Throughput, ops/time
# Benchmark: org.hestiastore.benchmark.segmentindex.SegmentIndexMixedDrainBenchmark.partitionedIngestMixed
# Parameters: (hotKeySpace = 256, workloadMode = splitHeavy)

# Run progress: 0.00% complete, ETA 00:00:14
# Fork: 1 of 1
# Warmup Iteration   1: 346150.347 ops/s
# Warmup Iteration   2: 780974.744 ops/s
Iteration   1: 1120714.368 ops/s
                 getWorkload: 1102174.734 ops/s
                 putWorkload: 18539.634 ops/s

Iteration   2: 1090963.832 ops/s
                 getWorkload: 1072217.239 ops/s
                 putWorkload: 18746.593 ops/s

Iteration   3: 1208190.533 ops/s
                 getWorkload: 1187050.302 ops/s
                 putWorkload: 21140.230 ops/s

Iteration   4: 1271704.997 ops/s
                 getWorkload: 1249314.744 ops/s
                 putWorkload: 22390.253 ops/s

Iteration   5: 1324873.555 ops/s
                 getWorkload: 1307931.672 ops/s
                 putWorkload: 16941.883 ops/s



Result "org.hestiastore.benchmark.segmentindex.SegmentIndexMixedDrainBenchmark.partitionedIngestMixed":
  1203289.457 ±(99.9%) 379845.535 ops/s [Average]
  (min, avg, max) = (1090963.832, 1203289.457, 1324873.555), stdev = 98644.679
  CI (99.9%): [823443.922, 1583134.991] (assumes normal distribution)

Secondary result "org.hestiastore.benchmark.segmentindex.SegmentIndexMixedDrainBenchmark.partitionedIngestMixed:getWorkload":
  1183737.738 ±(99.9%) 379365.604 ops/s [Average]
  (min, avg, max) = (1072217.239, 1183737.738, 1307931.672), stdev = 98520.043
  CI (99.9%): [804372.134, 1563103.343] (assumes normal distribution)

Secondary result "org.hestiastore.benchmark.segmentindex.SegmentIndexMixedDrainBenchmark.partitionedIngestMixed:putWorkload":
  19551.718 ±(99.9%) 8406.501 ops/s [Average]
  (min, avg, max) = (16941.883, 19551.718, 22390.253), stdev = 2183.142
  CI (99.9%): [11145.217, 27958.220] (assumes normal distribution)


# Run complete. Total time: 00:00:19

REMEMBER: The numbers below are just data. To gain reusable insights, you need to follow up on
why the numbers are the way they are. Use profilers (see -prof, -lprof), design factorial
experiments, perform baseline and negative tests that provide experimental control, make sure
the benchmarking environment is safe on JVM/OS/HW level, ask for reviews from the domain experts.
Do not assume the numbers tell you what you want them to tell.

NOTE: Current JVM experimentally supports Compiler Blackholes, and they are in use. Please exercise
extra caution when trusting the results, look into the generated code to check the benchmark still
works, and factor in a small probability of new VM bugs. Additionally, while comparisons between
different JVMs are already problematic, the performance difference caused by different Blackhole
modes can be very significant. Please make sure you use the consistent Blackhole mode for comparisons.

Benchmark                                                           (hotKeySpace)  (workloadMode)   Mode  Cnt        Score        Error  Units
SegmentIndexMixedDrainBenchmark.partitionedIngestMixed                        256      splitHeavy  thrpt    5  1203289.457 ± 379845.535  ops/s
SegmentIndexMixedDrainBenchmark.partitionedIngestMixed:getWorkload            256      splitHeavy  thrpt    5  1183737.738 ± 379365.604  ops/s
SegmentIndexMixedDrainBenchmark.partitionedIngestMixed:putWorkload            256      splitHeavy  thrpt    5    19551.718 ±   8406.501  ops/s

Benchmark result is saved to /home/runner/work/_temp/benchmark-results/candidate/raw/segment-index-mixed-split-heavy.json
