# JMH version: 1.37
# VM version: JDK 21.0.12.1, OpenJDK 64-Bit Server VM, 21.0.12.1+1-LTS
# VM invoker: /usr/lib/jvm/temurin-21-jdk-amd64/bin/java
# VM options: <none>
# Blackhole mode: compiler (auto-detected, use -Djmh.blackhole.autoDetect=false to disable)
# Warmup: 2 iterations, 2 s each
# Measurement: 5 iterations, 2 s each
# Timeout: 10 min per iteration
# Threads: 20 threads (1 group; 4x "getWorkload", 16x "putWorkload" in each group), will synchronize iterations
# Benchmark mode: Throughput, ops/time
# Benchmark: org.hestiastore.benchmark.segmentindex.SegmentIndexMixedDrainBenchmark.partitionedIngestMixed
# Parameters: (hotKeySpace = 256, workloadMode = drainOnly)

# Run progress: 0.00% complete, ETA 00:00:14
# Fork: 1 of 1
# Warmup Iteration   1: 425048.076 ops/s
# Warmup Iteration   2: 623703.326 ops/s
Iteration   1: 514847.758 ops/s
                 getWorkload: 245698.330 ops/s
                 putWorkload: 269149.428 ops/s

Iteration   2: 521891.313 ops/s
                 getWorkload: 239454.906 ops/s
                 putWorkload: 282436.407 ops/s

Iteration   3: 555855.064 ops/s
                 getWorkload: 272052.561 ops/s
                 putWorkload: 283802.503 ops/s

Iteration   4: 532577.512 ops/s
                 getWorkload: 255261.657 ops/s
                 putWorkload: 277315.855 ops/s

Iteration   5: 547295.934 ops/s
                 getWorkload: 273250.396 ops/s
                 putWorkload: 274045.538 ops/s



Result "org.hestiastore.benchmark.segmentindex.SegmentIndexMixedDrainBenchmark.partitionedIngestMixed":
  534493.516 ±(99.9%) 65818.422 ops/s [Average]
  (min, avg, max) = (514847.758, 534493.516, 555855.064), stdev = 17092.835
  CI (99.9%): [468675.094, 600311.938] (assumes normal distribution)

Secondary result "org.hestiastore.benchmark.segmentindex.SegmentIndexMixedDrainBenchmark.partitionedIngestMixed:getWorkload":
  257143.570 ±(99.9%) 58687.016 ops/s [Average]
  (min, avg, max) = (239454.906, 257143.570, 273250.396), stdev = 15240.832
  CI (99.9%): [198456.554, 315830.586] (assumes normal distribution)

Secondary result "org.hestiastore.benchmark.segmentindex.SegmentIndexMixedDrainBenchmark.partitionedIngestMixed:putWorkload":
  277349.946 ±(99.9%) 23237.953 ops/s [Average]
  (min, avg, max) = (269149.428, 277349.946, 283802.503), stdev = 6034.823
  CI (99.9%): [254111.993, 300587.899] (assumes normal distribution)


# Run complete. Total time: 00:00:15

REMEMBER: The numbers below are just data. To gain reusable insights, you need to follow up on
why the numbers are the way they are. Use profilers (see -prof, -lprof), design factorial
experiments, perform baseline and negative tests that provide experimental control, make sure
the benchmarking environment is safe on JVM/OS/HW level, ask for reviews from the domain experts.
Do not assume the numbers tell you what you want them to tell.

NOTE: Current JVM experimentally supports Compiler Blackholes, and they are in use. Please exercise
extra caution when trusting the results, look into the generated code to check the benchmark still
works, and factor in a small probability of new VM bugs. Additionally, while comparisons between
different JVMs are already problematic, the performance difference caused by different Blackhole
modes can be very significant. Please make sure you use the consistent Blackhole mode for comparisons.

Benchmark                                                           (hotKeySpace)  (workloadMode)   Mode  Cnt       Score       Error  Units
SegmentIndexMixedDrainBenchmark.partitionedIngestMixed                        256       drainOnly  thrpt    5  534493.516 ± 65818.422  ops/s
SegmentIndexMixedDrainBenchmark.partitionedIngestMixed:getWorkload            256       drainOnly  thrpt    5  257143.570 ± 58687.016  ops/s
SegmentIndexMixedDrainBenchmark.partitionedIngestMixed:putWorkload            256       drainOnly  thrpt    5  277349.946 ± 23237.953  ops/s

Benchmark result is saved to /home/runner/work/_temp/benchmark-results/candidate/raw/segment-index-mixed-drain.json
