# JMH version: 1.37
# VM version: JDK 21.0.12.1, OpenJDK 64-Bit Server VM, 21.0.12.1+1-LTS
# VM invoker: /usr/lib/jvm/temurin-21-jdk-amd64/bin/java
# VM options: <none>
# Blackhole mode: compiler (auto-detected, use -Djmh.blackhole.autoDetect=false to disable)
# Warmup: 2 iterations, 2 s each
# Measurement: 5 iterations, 2 s each
# Timeout: 10 min per iteration
# Threads: 20 threads (1 group; 4x "getWorkload", 16x "putWorkload" in each group), will synchronize iterations
# Benchmark mode: Throughput, ops/time
# Benchmark: org.hestiastore.benchmark.segmentindex.SegmentIndexMixedDrainBenchmark.partitionedIngestMixed
# Parameters: (hotKeySpace = 256, workloadMode = drainOnly)

# Run progress: 0.00% complete, ETA 00:00:14
# Fork: 1 of 1
# Warmup Iteration   1: 497209.283 ops/s
# Warmup Iteration   2: 534646.623 ops/s
Iteration   1: 555879.669 ops/s
                 getWorkload: 284973.957 ops/s
                 putWorkload: 270905.711 ops/s

Iteration   2: 581119.705 ops/s
                 getWorkload: 310317.140 ops/s
                 putWorkload: 270802.565 ops/s

Iteration   3: 539291.465 ops/s
                 getWorkload: 245742.422 ops/s
                 putWorkload: 293549.043 ops/s

Iteration   4: 555955.744 ops/s
                 getWorkload: 263442.874 ops/s
                 putWorkload: 292512.869 ops/s

Iteration   5: 562593.323 ops/s
                 getWorkload: 268676.468 ops/s
                 putWorkload: 293916.855 ops/s



Result "org.hestiastore.benchmark.segmentindex.SegmentIndexMixedDrainBenchmark.partitionedIngestMixed":
  558967.981 ±(99.9%) 58067.484 ops/s [Average]
  (min, avg, max) = (539291.465, 558967.981, 581119.705), stdev = 15079.941
  CI (99.9%): [500900.497, 617035.465] (assumes normal distribution)

Secondary result "org.hestiastore.benchmark.segmentindex.SegmentIndexMixedDrainBenchmark.partitionedIngestMixed:getWorkload":
  274630.572 ±(99.9%) 93841.581 ops/s [Average]
  (min, avg, max) = (245742.422, 274630.572, 310317.140), stdev = 24370.361
  CI (99.9%): [180788.991, 368472.154] (assumes normal distribution)

Secondary result "org.hestiastore.benchmark.segmentindex.SegmentIndexMixedDrainBenchmark.partitionedIngestMixed:putWorkload":
  284337.409 ±(99.9%) 47437.239 ops/s [Average]
  (min, avg, max) = (270802.565, 284337.409, 293916.855), stdev = 12319.300
  CI (99.9%): [236900.169, 331774.648] (assumes normal distribution)


# Run complete. Total time: 00:00:15

REMEMBER: The numbers below are just data. To gain reusable insights, you need to follow up on
why the numbers are the way they are. Use profilers (see -prof, -lprof), design factorial
experiments, perform baseline and negative tests that provide experimental control, make sure
the benchmarking environment is safe on JVM/OS/HW level, ask for reviews from the domain experts.
Do not assume the numbers tell you what you want them to tell.

NOTE: Current JVM experimentally supports Compiler Blackholes, and they are in use. Please exercise
extra caution when trusting the results, look into the generated code to check the benchmark still
works, and factor in a small probability of new VM bugs. Additionally, while comparisons between
different JVMs are already problematic, the performance difference caused by different Blackhole
modes can be very significant. Please make sure you use the consistent Blackhole mode for comparisons.

Benchmark                                                           (hotKeySpace)  (workloadMode)   Mode  Cnt       Score       Error  Units
SegmentIndexMixedDrainBenchmark.partitionedIngestMixed                        256       drainOnly  thrpt    5  558967.981 ± 58067.484  ops/s
SegmentIndexMixedDrainBenchmark.partitionedIngestMixed:getWorkload            256       drainOnly  thrpt    5  274630.572 ± 93841.581  ops/s
SegmentIndexMixedDrainBenchmark.partitionedIngestMixed:putWorkload            256       drainOnly  thrpt    5  284337.409 ± 47437.239  ops/s

Benchmark result is saved to /home/runner/work/_temp/benchmark-results/candidate/raw/segment-index-mixed-drain.json
