# JMH version: 1.37
# VM version: JDK 21.0.12.1, OpenJDK 64-Bit Server VM, 21.0.12.1+1-LTS
# VM invoker: /usr/lib/jvm/temurin-21-jdk-amd64/bin/java
# VM options: <none>
# Blackhole mode: compiler (auto-detected, use -Djmh.blackhole.autoDetect=false to disable)
# Warmup: 2 iterations, 2 s each
# Measurement: 5 iterations, 2 s each
# Timeout: 10 min per iteration
# Threads: 20 threads (1 group; 4x "getWorkload", 16x "putWorkload" in each group), will synchronize iterations
# Benchmark mode: Throughput, ops/time
# Benchmark: org.hestiastore.benchmark.segmentindex.SegmentIndexMixedDrainBenchmark.partitionedIngestMixed
# Parameters: (hotKeySpace = 256, workloadMode = splitHeavy)

# Run progress: 0.00% complete, ETA 00:00:14
# Fork: 1 of 1
# Warmup Iteration   1: 462137.487 ops/s
# Warmup Iteration   2: 888376.890 ops/s
Iteration   1: 1118115.061 ops/s
                 getWorkload: 1099621.174 ops/s
                 putWorkload: 18493.887 ops/s

Iteration   2: 1075520.568 ops/s
                 getWorkload: 1055958.878 ops/s
                 putWorkload: 19561.691 ops/s

Iteration   3: 1414092.099 ops/s
                 getWorkload: 1394251.804 ops/s
                 putWorkload: 19840.295 ops/s

Iteration   4: 1369088.873 ops/s
                 getWorkload: 1350403.562 ops/s
                 putWorkload: 18685.311 ops/s

Iteration   5: 1454805.046 ops/s
                 getWorkload: 1433710.033 ops/s
                 putWorkload: 21095.013 ops/s



Result "org.hestiastore.benchmark.segmentindex.SegmentIndexMixedDrainBenchmark.partitionedIngestMixed":
  1286324.330 ±(99.9%) 678776.097 ops/s [Average]
  (min, avg, max) = (1075520.568, 1286324.330, 1454805.046), stdev = 176275.997
  CI (99.9%): [607548.233, 1965100.427] (assumes normal distribution)

Secondary result "org.hestiastore.benchmark.segmentindex.SegmentIndexMixedDrainBenchmark.partitionedIngestMixed:getWorkload":
  1266789.090 ±(99.9%) 676594.451 ops/s [Average]
  (min, avg, max) = (1055958.878, 1266789.090, 1433710.033), stdev = 175709.430
  CI (99.9%): [590194.640, 1943383.541] (assumes normal distribution)

Secondary result "org.hestiastore.benchmark.segmentindex.SegmentIndexMixedDrainBenchmark.partitionedIngestMixed:putWorkload":
  19535.239 ±(99.9%) 4007.929 ops/s [Average]
  (min, avg, max) = (18493.887, 19535.239, 21095.013), stdev = 1040.846
  CI (99.9%): [15527.310, 23543.168] (assumes normal distribution)


# Run complete. Total time: 00:00:19

REMEMBER: The numbers below are just data. To gain reusable insights, you need to follow up on
why the numbers are the way they are. Use profilers (see -prof, -lprof), design factorial
experiments, perform baseline and negative tests that provide experimental control, make sure
the benchmarking environment is safe on JVM/OS/HW level, ask for reviews from the domain experts.
Do not assume the numbers tell you what you want them to tell.

NOTE: Current JVM experimentally supports Compiler Blackholes, and they are in use. Please exercise
extra caution when trusting the results, look into the generated code to check the benchmark still
works, and factor in a small probability of new VM bugs. Additionally, while comparisons between
different JVMs are already problematic, the performance difference caused by different Blackhole
modes can be very significant. Please make sure you use the consistent Blackhole mode for comparisons.

Benchmark                                                           (hotKeySpace)  (workloadMode)   Mode  Cnt        Score        Error  Units
SegmentIndexMixedDrainBenchmark.partitionedIngestMixed                        256      splitHeavy  thrpt    5  1286324.330 ± 678776.097  ops/s
SegmentIndexMixedDrainBenchmark.partitionedIngestMixed:getWorkload            256      splitHeavy  thrpt    5  1266789.090 ± 676594.451  ops/s
SegmentIndexMixedDrainBenchmark.partitionedIngestMixed:putWorkload            256      splitHeavy  thrpt    5    19535.239 ±   4007.929  ops/s

Benchmark result is saved to /home/runner/work/_temp/benchmark-results/candidate/raw/segment-index-mixed-split-heavy.json
