# JMH version: 1.37
# VM version: JDK 21.0.12.1, OpenJDK 64-Bit Server VM, 21.0.12.1+1-LTS
# VM invoker: /usr/lib/jvm/temurin-21-jdk-amd64/bin/java
# VM options: <none>
# Blackhole mode: compiler (auto-detected, use -Djmh.blackhole.autoDetect=false to disable)
# Warmup: 2 iterations, 2 s each
# Measurement: 5 iterations, 2 s each
# Timeout: 10 min per iteration
# Threads: 20 threads (1 group; 4x "getWorkload", 16x "putWorkload" in each group), will synchronize iterations
# Benchmark mode: Throughput, ops/time
# Benchmark: org.hestiastore.benchmark.segmentindex.SegmentIndexMixedDrainBenchmark.partitionedIngestMixed
# Parameters: (hotKeySpace = 256, workloadMode = drainOnly)

# Run progress: 0.00% complete, ETA 00:00:14
# Fork: 1 of 1
# Warmup Iteration   1: 468692.721 ops/s
# Warmup Iteration   2: 575616.234 ops/s
Iteration   1: 585583.008 ops/s
                 getWorkload: 311609.604 ops/s
                 putWorkload: 273973.404 ops/s

Iteration   2: 540652.295 ops/s
                 getWorkload: 249231.907 ops/s
                 putWorkload: 291420.388 ops/s

Iteration   3: 586967.288 ops/s
                 getWorkload: 290925.428 ops/s
                 putWorkload: 296041.860 ops/s

Iteration   4: 604133.286 ops/s
                 getWorkload: 309445.300 ops/s
                 putWorkload: 294687.987 ops/s

Iteration   5: 573518.978 ops/s
                 getWorkload: 264678.200 ops/s
                 putWorkload: 308840.779 ops/s



Result "org.hestiastore.benchmark.segmentindex.SegmentIndexMixedDrainBenchmark.partitionedIngestMixed":
  578170.971 ±(99.9%) 91034.292 ops/s [Average]
  (min, avg, max) = (540652.295, 578170.971, 604133.286), stdev = 23641.317
  CI (99.9%): [487136.679, 669205.263] (assumes normal distribution)

Secondary result "org.hestiastore.benchmark.segmentindex.SegmentIndexMixedDrainBenchmark.partitionedIngestMixed:getWorkload":
  285178.088 ±(99.9%) 106031.378 ops/s [Average]
  (min, avg, max) = (249231.907, 285178.088, 311609.604), stdev = 27536.012
  CI (99.9%): [179146.710, 391209.466] (assumes normal distribution)

Secondary result "org.hestiastore.benchmark.segmentindex.SegmentIndexMixedDrainBenchmark.partitionedIngestMixed:putWorkload":
  292992.883 ±(99.9%) 48230.709 ops/s [Average]
  (min, avg, max) = (273973.404, 292992.883, 308840.779), stdev = 12525.362
  CI (99.9%): [244762.175, 341223.592] (assumes normal distribution)


# Run complete. Total time: 00:00:15

REMEMBER: The numbers below are just data. To gain reusable insights, you need to follow up on
why the numbers are the way they are. Use profilers (see -prof, -lprof), design factorial
experiments, perform baseline and negative tests that provide experimental control, make sure
the benchmarking environment is safe on JVM/OS/HW level, ask for reviews from the domain experts.
Do not assume the numbers tell you what you want them to tell.

NOTE: Current JVM experimentally supports Compiler Blackholes, and they are in use. Please exercise
extra caution when trusting the results, look into the generated code to check the benchmark still
works, and factor in a small probability of new VM bugs. Additionally, while comparisons between
different JVMs are already problematic, the performance difference caused by different Blackhole
modes can be very significant. Please make sure you use the consistent Blackhole mode for comparisons.

Benchmark                                                           (hotKeySpace)  (workloadMode)   Mode  Cnt       Score        Error  Units
SegmentIndexMixedDrainBenchmark.partitionedIngestMixed                        256       drainOnly  thrpt    5  578170.971 ±  91034.292  ops/s
SegmentIndexMixedDrainBenchmark.partitionedIngestMixed:getWorkload            256       drainOnly  thrpt    5  285178.088 ± 106031.378  ops/s
SegmentIndexMixedDrainBenchmark.partitionedIngestMixed:putWorkload            256       drainOnly  thrpt    5  292992.883 ±  48230.709  ops/s

Benchmark result is saved to /home/runner/work/_temp/benchmark-results/candidate/raw/segment-index-mixed-drain.json
