# JMH version: 1.37
# VM version: JDK 21.0.12.1, OpenJDK 64-Bit Server VM, 21.0.12.1+1-LTS
# VM invoker: /usr/lib/jvm/temurin-21-jdk-amd64/bin/java
# VM options: <none>
# Blackhole mode: compiler (auto-detected, use -Djmh.blackhole.autoDetect=false to disable)
# Warmup: 2 iterations, 2 s each
# Measurement: 5 iterations, 2 s each
# Timeout: 10 min per iteration
# Threads: 20 threads (1 group; 4x "getWorkload", 16x "putWorkload" in each group), will synchronize iterations
# Benchmark mode: Throughput, ops/time
# Benchmark: org.hestiastore.benchmark.segmentindex.SegmentIndexMixedDrainBenchmark.partitionedIngestMixed
# Parameters: (hotKeySpace = 256, workloadMode = splitHeavy)

# Run progress: 0.00% complete, ETA 00:00:14
# Fork: 1 of 1
# Warmup Iteration   1: 440049.819 ops/s
# Warmup Iteration   2: 970501.457 ops/s
Iteration   1: 1054880.784 ops/s
                 getWorkload: 1032230.502 ops/s
                 putWorkload: 22650.282 ops/s

Iteration   2: 1190924.294 ops/s
                 getWorkload: 1167079.737 ops/s
                 putWorkload: 23844.557 ops/s

Iteration   3: 1173003.790 ops/s
                 getWorkload: 1149242.879 ops/s
                 putWorkload: 23760.911 ops/s

Iteration   4: 1200599.612 ops/s
                 getWorkload: 1176479.645 ops/s
                 putWorkload: 24119.968 ops/s

Iteration   5: 1200564.241 ops/s
                 getWorkload: 1177023.388 ops/s
                 putWorkload: 23540.853 ops/s



Result "org.hestiastore.benchmark.segmentindex.SegmentIndexMixedDrainBenchmark.partitionedIngestMixed":
  1163994.544 ±(99.9%) 238844.430 ops/s [Average]
  (min, avg, max) = (1054880.784, 1163994.544, 1200599.612), stdev = 62027.140
  CI (99.9%): [925150.114, 1402838.974] (assumes normal distribution)

Secondary result "org.hestiastore.benchmark.segmentindex.SegmentIndexMixedDrainBenchmark.partitionedIngestMixed:getWorkload":
  1140411.230 ±(99.9%) 236851.054 ops/s [Average]
  (min, avg, max) = (1032230.502, 1140411.230, 1177023.388), stdev = 61509.467
  CI (99.9%): [903560.176, 1377262.284] (assumes normal distribution)

Secondary result "org.hestiastore.benchmark.segmentindex.SegmentIndexMixedDrainBenchmark.partitionedIngestMixed:putWorkload":
  23583.314 ±(99.9%) 2161.287 ops/s [Average]
  (min, avg, max) = (22650.282, 23583.314, 24119.968), stdev = 561.279
  CI (99.9%): [21422.027, 25744.601] (assumes normal distribution)


# Run complete. Total time: 00:00:19

REMEMBER: The numbers below are just data. To gain reusable insights, you need to follow up on
why the numbers are the way they are. Use profilers (see -prof, -lprof), design factorial
experiments, perform baseline and negative tests that provide experimental control, make sure
the benchmarking environment is safe on JVM/OS/HW level, ask for reviews from the domain experts.
Do not assume the numbers tell you what you want them to tell.

NOTE: Current JVM experimentally supports Compiler Blackholes, and they are in use. Please exercise
extra caution when trusting the results, look into the generated code to check the benchmark still
works, and factor in a small probability of new VM bugs. Additionally, while comparisons between
different JVMs are already problematic, the performance difference caused by different Blackhole
modes can be very significant. Please make sure you use the consistent Blackhole mode for comparisons.

Benchmark                                                           (hotKeySpace)  (workloadMode)   Mode  Cnt        Score        Error  Units
SegmentIndexMixedDrainBenchmark.partitionedIngestMixed                        256      splitHeavy  thrpt    5  1163994.544 ± 238844.430  ops/s
SegmentIndexMixedDrainBenchmark.partitionedIngestMixed:getWorkload            256      splitHeavy  thrpt    5  1140411.230 ± 236851.054  ops/s
SegmentIndexMixedDrainBenchmark.partitionedIngestMixed:putWorkload            256      splitHeavy  thrpt    5    23583.314 ±   2161.287  ops/s

Benchmark result is saved to /home/runner/work/_temp/benchmark-results/candidate/raw/segment-index-mixed-split-heavy.json
