# JMH version: 1.37
# VM version: JDK 21.0.12.1, OpenJDK 64-Bit Server VM, 21.0.12.1+1-LTS
# VM invoker: /usr/lib/jvm/temurin-21-jdk-amd64/bin/java
# VM options: <none>
# Blackhole mode: compiler (auto-detected, use -Djmh.blackhole.autoDetect=false to disable)
# Warmup: 2 iterations, 2 s each
# Measurement: 5 iterations, 2 s each
# Timeout: 10 min per iteration
# Threads: 20 threads (1 group; 4x "getWorkload", 16x "putWorkload" in each group), will synchronize iterations
# Benchmark mode: Throughput, ops/time
# Benchmark: org.hestiastore.benchmark.segmentindex.SegmentIndexMixedDrainBenchmark.partitionedIngestMixed
# Parameters: (hotKeySpace = 256, workloadMode = splitHeavy)

# Run progress: 0.00% complete, ETA 00:00:14
# Fork: 1 of 1
# Warmup Iteration   1: 344235.799 ops/s
# Warmup Iteration   2: 950610.348 ops/s
Iteration   1: 993920.637 ops/s
                 getWorkload: 959921.277 ops/s
                 putWorkload: 33999.360 ops/s

Iteration   2: 1128687.059 ops/s
                 getWorkload: 1090851.871 ops/s
                 putWorkload: 37835.189 ops/s

Iteration   3: 1447361.305 ops/s
                 getWorkload: 1417563.084 ops/s
                 putWorkload: 29798.222 ops/s

Iteration   4: 1196067.418 ops/s
                 getWorkload: 1161110.678 ops/s
                 putWorkload: 34956.740 ops/s

Iteration   5: 1305441.687 ops/s
                 getWorkload: 1268820.205 ops/s
                 putWorkload: 36621.482 ops/s



Result "org.hestiastore.benchmark.segmentindex.SegmentIndexMixedDrainBenchmark.partitionedIngestMixed":
  1214295.621 ±(99.9%) 663757.213 ops/s [Average]
  (min, avg, max) = (993920.637, 1214295.621, 1447361.305), stdev = 172375.640
  CI (99.9%): [550538.408, 1878052.834] (assumes normal distribution)

Secondary result "org.hestiastore.benchmark.segmentindex.SegmentIndexMixedDrainBenchmark.partitionedIngestMixed:getWorkload":
  1179653.423 ±(99.9%) 669899.964 ops/s [Average]
  (min, avg, max) = (959921.277, 1179653.423, 1417563.084), stdev = 173970.893
  CI (99.9%): [509753.459, 1849553.387] (assumes normal distribution)

Secondary result "org.hestiastore.benchmark.segmentindex.SegmentIndexMixedDrainBenchmark.partitionedIngestMixed:putWorkload":
  34642.198 ±(99.9%) 11882.378 ops/s [Average]
  (min, avg, max) = (29798.222, 34642.198, 37835.189), stdev = 3085.816
  CI (99.9%): [22759.820, 46524.576] (assumes normal distribution)


# Run complete. Total time: 00:00:18

REMEMBER: The numbers below are just data. To gain reusable insights, you need to follow up on
why the numbers are the way they are. Use profilers (see -prof, -lprof), design factorial
experiments, perform baseline and negative tests that provide experimental control, make sure
the benchmarking environment is safe on JVM/OS/HW level, ask for reviews from the domain experts.
Do not assume the numbers tell you what you want them to tell.

NOTE: Current JVM experimentally supports Compiler Blackholes, and they are in use. Please exercise
extra caution when trusting the results, look into the generated code to check the benchmark still
works, and factor in a small probability of new VM bugs. Additionally, while comparisons between
different JVMs are already problematic, the performance difference caused by different Blackhole
modes can be very significant. Please make sure you use the consistent Blackhole mode for comparisons.

Benchmark                                                           (hotKeySpace)  (workloadMode)   Mode  Cnt        Score        Error  Units
SegmentIndexMixedDrainBenchmark.partitionedIngestMixed                        256      splitHeavy  thrpt    5  1214295.621 ± 663757.213  ops/s
SegmentIndexMixedDrainBenchmark.partitionedIngestMixed:getWorkload            256      splitHeavy  thrpt    5  1179653.423 ± 669899.964  ops/s
SegmentIndexMixedDrainBenchmark.partitionedIngestMixed:putWorkload            256      splitHeavy  thrpt    5    34642.198 ±  11882.378  ops/s

Benchmark result is saved to /home/runner/work/_temp/benchmark-results/candidate/raw/segment-index-mixed-split-heavy.json
