# JMH version: 1.37
# VM version: JDK 21.0.12.1, OpenJDK 64-Bit Server VM, 21.0.12.1+1-LTS
# VM invoker: /usr/lib/jvm/temurin-21-jdk-amd64/bin/java
# VM options: <none>
# Blackhole mode: compiler (auto-detected, use -Djmh.blackhole.autoDetect=false to disable)
# Warmup: 2 iterations, 2 s each
# Measurement: 5 iterations, 2 s each
# Timeout: 10 min per iteration
# Threads: 20 threads (1 group; 4x "getWorkload", 16x "putWorkload" in each group), will synchronize iterations
# Benchmark mode: Throughput, ops/time
# Benchmark: org.hestiastore.benchmark.segmentindex.SegmentIndexMixedDrainBenchmark.partitionedIngestMixed
# Parameters: (hotKeySpace = 256, workloadMode = drainOnly)

# Run progress: 0.00% complete, ETA 00:00:14
# Fork: 1 of 1
# Warmup Iteration   1: 419035.545 ops/s
# Warmup Iteration   2: 523984.573 ops/s
Iteration   1: 548035.472 ops/s
                 getWorkload: 277792.930 ops/s
                 putWorkload: 270242.542 ops/s

Iteration   2: 531907.345 ops/s
                 getWorkload: 244753.048 ops/s
                 putWorkload: 287154.297 ops/s

Iteration   3: 577661.679 ops/s
                 getWorkload: 265992.868 ops/s
                 putWorkload: 311668.811 ops/s

Iteration   4: 562115.242 ops/s
                 getWorkload: 253017.901 ops/s
                 putWorkload: 309097.341 ops/s

Iteration   5: 587907.191 ops/s
                 getWorkload: 284124.293 ops/s
                 putWorkload: 303782.898 ops/s



Result "org.hestiastore.benchmark.segmentindex.SegmentIndexMixedDrainBenchmark.partitionedIngestMixed":
  561525.386 ±(99.9%) 86445.320 ops/s [Average]
  (min, avg, max) = (531907.345, 561525.386, 587907.191), stdev = 22449.575
  CI (99.9%): [475080.066, 647970.705] (assumes normal distribution)

Secondary result "org.hestiastore.benchmark.segmentindex.SegmentIndexMixedDrainBenchmark.partitionedIngestMixed:getWorkload":
  265136.208 ±(99.9%) 63383.765 ops/s [Average]
  (min, avg, max) = (244753.048, 265136.208, 284124.293), stdev = 16460.562
  CI (99.9%): [201752.443, 328519.973] (assumes normal distribution)

Secondary result "org.hestiastore.benchmark.segmentindex.SegmentIndexMixedDrainBenchmark.partitionedIngestMixed:putWorkload":
  296389.178 ±(99.9%) 67208.942 ops/s [Average]
  (min, avg, max) = (270242.542, 296389.178, 311668.811), stdev = 17453.949
  CI (99.9%): [229180.236, 363598.120] (assumes normal distribution)


# Run complete. Total time: 00:00:15

REMEMBER: The numbers below are just data. To gain reusable insights, you need to follow up on
why the numbers are the way they are. Use profilers (see -prof, -lprof), design factorial
experiments, perform baseline and negative tests that provide experimental control, make sure
the benchmarking environment is safe on JVM/OS/HW level, ask for reviews from the domain experts.
Do not assume the numbers tell you what you want them to tell.

NOTE: Current JVM experimentally supports Compiler Blackholes, and they are in use. Please exercise
extra caution when trusting the results, look into the generated code to check the benchmark still
works, and factor in a small probability of new VM bugs. Additionally, while comparisons between
different JVMs are already problematic, the performance difference caused by different Blackhole
modes can be very significant. Please make sure you use the consistent Blackhole mode for comparisons.

Benchmark                                                           (hotKeySpace)  (workloadMode)   Mode  Cnt       Score       Error  Units
SegmentIndexMixedDrainBenchmark.partitionedIngestMixed                        256       drainOnly  thrpt    5  561525.386 ± 86445.320  ops/s
SegmentIndexMixedDrainBenchmark.partitionedIngestMixed:getWorkload            256       drainOnly  thrpt    5  265136.208 ± 63383.765  ops/s
SegmentIndexMixedDrainBenchmark.partitionedIngestMixed:putWorkload            256       drainOnly  thrpt    5  296389.178 ± 67208.942  ops/s

Benchmark result is saved to /home/runner/work/_temp/benchmark-results/candidate/raw/segment-index-mixed-drain.json
