# JMH version: 1.37
# VM version: JDK 21.0.12.1, OpenJDK 64-Bit Server VM, 21.0.12.1+1-LTS
# VM invoker: /usr/lib/jvm/temurin-21-jdk-amd64/bin/java
# VM options: <none>
# Blackhole mode: compiler (auto-detected, use -Djmh.blackhole.autoDetect=false to disable)
# Warmup: 2 iterations, 2 s each
# Measurement: 5 iterations, 2 s each
# Timeout: 10 min per iteration
# Threads: 20 threads (1 group; 4x "getWorkload", 16x "putWorkload" in each group), will synchronize iterations
# Benchmark mode: Throughput, ops/time
# Benchmark: org.hestiastore.benchmark.segmentindex.SegmentIndexMixedDrainBenchmark.partitionedIngestMixed
# Parameters: (hotKeySpace = 256, workloadMode = splitHeavy)

# Run progress: 0.00% complete, ETA 00:00:14
# Fork: 1 of 1
# Warmup Iteration   1: 342000.145 ops/s
# Warmup Iteration   2: 859628.150 ops/s
Iteration   1: 1035370.592 ops/s
                 getWorkload: 999613.062 ops/s
                 putWorkload: 35757.530 ops/s

Iteration   2: 1234984.992 ops/s
                 getWorkload: 1198359.473 ops/s
                 putWorkload: 36625.519 ops/s

Iteration   3: 1203662.284 ops/s
                 getWorkload: 1167626.818 ops/s
                 putWorkload: 36035.465 ops/s

Iteration   4: 1300055.783 ops/s
                 getWorkload: 1262535.354 ops/s
                 putWorkload: 37520.429 ops/s

Iteration   5: 1175475.174 ops/s
                 getWorkload: 1136613.298 ops/s
                 putWorkload: 38861.876 ops/s



Result "org.hestiastore.benchmark.segmentindex.SegmentIndexMixedDrainBenchmark.partitionedIngestMixed":
  1189909.765 ±(99.9%) 377499.457 ops/s [Average]
  (min, avg, max) = (1035370.592, 1189909.765, 1300055.783), stdev = 98035.410
  CI (99.9%): [812410.308, 1567409.222] (assumes normal distribution)

Secondary result "org.hestiastore.benchmark.segmentindex.SegmentIndexMixedDrainBenchmark.partitionedIngestMixed:getWorkload":
  1152949.601 ±(99.9%) 375637.585 ops/s [Average]
  (min, avg, max) = (999613.062, 1152949.601, 1262535.354), stdev = 97551.888
  CI (99.9%): [777312.016, 1528587.186] (assumes normal distribution)

Secondary result "org.hestiastore.benchmark.segmentindex.SegmentIndexMixedDrainBenchmark.partitionedIngestMixed:putWorkload":
  36960.164 ±(99.9%) 4849.285 ops/s [Average]
  (min, avg, max) = (35757.530, 36960.164, 38861.876), stdev = 1259.344
  CI (99.9%): [32110.879, 41809.449] (assumes normal distribution)


# Run complete. Total time: 00:00:18

REMEMBER: The numbers below are just data. To gain reusable insights, you need to follow up on
why the numbers are the way they are. Use profilers (see -prof, -lprof), design factorial
experiments, perform baseline and negative tests that provide experimental control, make sure
the benchmarking environment is safe on JVM/OS/HW level, ask for reviews from the domain experts.
Do not assume the numbers tell you what you want them to tell.

NOTE: Current JVM experimentally supports Compiler Blackholes, and they are in use. Please exercise
extra caution when trusting the results, look into the generated code to check the benchmark still
works, and factor in a small probability of new VM bugs. Additionally, while comparisons between
different JVMs are already problematic, the performance difference caused by different Blackhole
modes can be very significant. Please make sure you use the consistent Blackhole mode for comparisons.

Benchmark                                                           (hotKeySpace)  (workloadMode)   Mode  Cnt        Score        Error  Units
SegmentIndexMixedDrainBenchmark.partitionedIngestMixed                        256      splitHeavy  thrpt    5  1189909.765 ± 377499.457  ops/s
SegmentIndexMixedDrainBenchmark.partitionedIngestMixed:getWorkload            256      splitHeavy  thrpt    5  1152949.601 ± 375637.585  ops/s
SegmentIndexMixedDrainBenchmark.partitionedIngestMixed:putWorkload            256      splitHeavy  thrpt    5    36960.164 ±   4849.285  ops/s

Benchmark result is saved to /home/runner/work/_temp/benchmark-results/candidate/raw/segment-index-mixed-split-heavy.json
