# JMH version: 1.37
# VM version: JDK 21.0.12.1, OpenJDK 64-Bit Server VM, 21.0.12.1+1-LTS
# VM invoker: /usr/lib/jvm/temurin-21-jdk-amd64/bin/java
# VM options: <none>
# Blackhole mode: compiler (auto-detected, use -Djmh.blackhole.autoDetect=false to disable)
# Warmup: 2 iterations, 2 s each
# Measurement: 5 iterations, 2 s each
# Timeout: 10 min per iteration
# Threads: 20 threads (1 group; 4x "getWorkload", 16x "putWorkload" in each group), will synchronize iterations
# Benchmark mode: Throughput, ops/time
# Benchmark: org.hestiastore.benchmark.segmentindex.SegmentIndexMixedDrainBenchmark.partitionedIngestMixed
# Parameters: (hotKeySpace = 256, workloadMode = splitHeavy)

# Run progress: 0.00% complete, ETA 00:00:14
# Fork: 1 of 1
# Warmup Iteration   1: 407842.879 ops/s
# Warmup Iteration   2: 996377.550 ops/s
Iteration   1: 1129710.820 ops/s
                 getWorkload: 1112221.263 ops/s
                 putWorkload: 17489.557 ops/s

Iteration   2: 1022412.857 ops/s
                 getWorkload: 1000509.648 ops/s
                 putWorkload: 21903.210 ops/s

Iteration   3: 1361374.585 ops/s
                 getWorkload: 1337980.815 ops/s
                 putWorkload: 23393.769 ops/s

Iteration   4: 1313528.324 ops/s
                 getWorkload: 1289443.622 ops/s
                 putWorkload: 24084.703 ops/s

Iteration   5: 1306766.880 ops/s
                 getWorkload: 1283594.219 ops/s
                 putWorkload: 23172.662 ops/s



Result "org.hestiastore.benchmark.segmentindex.SegmentIndexMixedDrainBenchmark.partitionedIngestMixed":
  1226758.693 ±(99.9%) 555438.627 ops/s [Average]
  (min, avg, max) = (1022412.857, 1226758.693, 1361374.585), stdev = 144245.647
  CI (99.9%): [671320.067, 1782197.320] (assumes normal distribution)

Secondary result "org.hestiastore.benchmark.segmentindex.SegmentIndexMixedDrainBenchmark.partitionedIngestMixed:getWorkload":
  1204749.913 ±(99.9%) 549360.046 ops/s [Average]
  (min, avg, max) = (1000509.648, 1204749.913, 1337980.815), stdev = 142667.059
  CI (99.9%): [655389.868, 1754109.959] (assumes normal distribution)

Secondary result "org.hestiastore.benchmark.segmentindex.SegmentIndexMixedDrainBenchmark.partitionedIngestMixed:putWorkload":
  22008.780 ±(99.9%) 10190.900 ops/s [Average]
  (min, avg, max) = (17489.557, 22008.780, 24084.703), stdev = 2646.544
  CI (99.9%): [11817.880, 32199.680] (assumes normal distribution)


# Run complete. Total time: 00:00:18

REMEMBER: The numbers below are just data. To gain reusable insights, you need to follow up on
why the numbers are the way they are. Use profilers (see -prof, -lprof), design factorial
experiments, perform baseline and negative tests that provide experimental control, make sure
the benchmarking environment is safe on JVM/OS/HW level, ask for reviews from the domain experts.
Do not assume the numbers tell you what you want them to tell.

NOTE: Current JVM experimentally supports Compiler Blackholes, and they are in use. Please exercise
extra caution when trusting the results, look into the generated code to check the benchmark still
works, and factor in a small probability of new VM bugs. Additionally, while comparisons between
different JVMs are already problematic, the performance difference caused by different Blackhole
modes can be very significant. Please make sure you use the consistent Blackhole mode for comparisons.

Benchmark                                                           (hotKeySpace)  (workloadMode)   Mode  Cnt        Score        Error  Units
SegmentIndexMixedDrainBenchmark.partitionedIngestMixed                        256      splitHeavy  thrpt    5  1226758.693 ± 555438.627  ops/s
SegmentIndexMixedDrainBenchmark.partitionedIngestMixed:getWorkload            256      splitHeavy  thrpt    5  1204749.913 ± 549360.046  ops/s
SegmentIndexMixedDrainBenchmark.partitionedIngestMixed:putWorkload            256      splitHeavy  thrpt    5    22008.780 ±  10190.900  ops/s

Benchmark result is saved to /home/runner/work/_temp/benchmark-results/candidate/raw/segment-index-mixed-split-heavy.json
