# JMH version: 1.37
# VM version: JDK 21.0.11, OpenJDK 64-Bit Server VM, 21.0.11+10-LTS
# VM invoker: /usr/lib/jvm/temurin-21-jdk-amd64/bin/java
# VM options: <none>
# Blackhole mode: compiler (auto-detected, use -Djmh.blackhole.autoDetect=false to disable)
# Warmup: 2 iterations, 2 s each
# Measurement: 5 iterations, 2 s each
# Timeout: 10 min per iteration
# Threads: 20 threads (1 group; 4x "getWorkload", 16x "putWorkload" in each group), will synchronize iterations
# Benchmark mode: Throughput, ops/time
# Benchmark: org.hestiastore.benchmark.segmentindex.SegmentIndexMixedDrainBenchmark.partitionedIngestMixed
# Parameters: (hotKeySpace = 256, workloadMode = drainOnly)

# Run progress: 0.00% complete, ETA 00:00:14
# Fork: 1 of 1
# Warmup Iteration   1: SLF4J(W): No SLF4J providers were found.
SLF4J(W): Defaulting to no-operation (NOP) logger implementation
SLF4J(W): See https://www.slf4j.org/codes.html#noProviders for further details.
483300.878 ops/s
# Warmup Iteration   2: 493792.420 ops/s
Iteration   1: 522754.135 ops/s
                 getWorkload: 254434.787 ops/s
                 putWorkload: 268319.348 ops/s

Iteration   2: 536575.327 ops/s
                 getWorkload: 262414.039 ops/s
                 putWorkload: 274161.289 ops/s

Iteration   3: 529160.161 ops/s
                 getWorkload: 243711.285 ops/s
                 putWorkload: 285448.875 ops/s

Iteration   4: 520625.923 ops/s
                 getWorkload: 230930.894 ops/s
                 putWorkload: 289695.028 ops/s

Iteration   5: 545053.154 ops/s
                 getWorkload: 252734.034 ops/s
                 putWorkload: 292319.120 ops/s



Result "org.hestiastore.benchmark.segmentindex.SegmentIndexMixedDrainBenchmark.partitionedIngestMixed":
  530833.740 ±(99.9%) 38862.804 ops/s [Average]
  (min, avg, max) = (520625.923, 530833.740, 545053.154), stdev = 10092.547
  CI (99.9%): [491970.936, 569696.544] (assumes normal distribution)

Secondary result "org.hestiastore.benchmark.segmentindex.SegmentIndexMixedDrainBenchmark.partitionedIngestMixed:getWorkload":
  248845.008 ±(99.9%) 46278.242 ops/s [Average]
  (min, avg, max) = (230930.894, 248845.008, 262414.039), stdev = 12018.312
  CI (99.9%): [202566.766, 295123.249] (assumes normal distribution)

Secondary result "org.hestiastore.benchmark.segmentindex.SegmentIndexMixedDrainBenchmark.partitionedIngestMixed:putWorkload":
  281988.732 ±(99.9%) 39747.405 ops/s [Average]
  (min, avg, max) = (268319.348, 281988.732, 292319.120), stdev = 10322.275
  CI (99.9%): [242241.327, 321736.138] (assumes normal distribution)


# Run complete. Total time: 00:00:15

REMEMBER: The numbers below are just data. To gain reusable insights, you need to follow up on
why the numbers are the way they are. Use profilers (see -prof, -lprof), design factorial
experiments, perform baseline and negative tests that provide experimental control, make sure
the benchmarking environment is safe on JVM/OS/HW level, ask for reviews from the domain experts.
Do not assume the numbers tell you what you want them to tell.

NOTE: Current JVM experimentally supports Compiler Blackholes, and they are in use. Please exercise
extra caution when trusting the results, look into the generated code to check the benchmark still
works, and factor in a small probability of new VM bugs. Additionally, while comparisons between
different JVMs are already problematic, the performance difference caused by different Blackhole
modes can be very significant. Please make sure you use the consistent Blackhole mode for comparisons.

Benchmark                                                           (hotKeySpace)  (workloadMode)   Mode  Cnt       Score       Error  Units
SegmentIndexMixedDrainBenchmark.partitionedIngestMixed                        256       drainOnly  thrpt    5  530833.740 ± 38862.804  ops/s
SegmentIndexMixedDrainBenchmark.partitionedIngestMixed:getWorkload            256       drainOnly  thrpt    5  248845.008 ± 46278.242  ops/s
SegmentIndexMixedDrainBenchmark.partitionedIngestMixed:putWorkload            256       drainOnly  thrpt    5  281988.732 ± 39747.405  ops/s

Benchmark result is saved to /home/runner/work/_temp/benchmark-results/candidate/raw/segment-index-mixed-drain.json
