# JMH version: 1.37
# VM version: JDK 21.0.11, OpenJDK 64-Bit Server VM, 21.0.11+10-LTS
# VM invoker: /usr/lib/jvm/temurin-21-jdk-amd64/bin/java
# VM options: <none>
# Blackhole mode: compiler (auto-detected, use -Djmh.blackhole.autoDetect=false to disable)
# Warmup: 2 iterations, 2 s each
# Measurement: 5 iterations, 2 s each
# Timeout: 10 min per iteration
# Threads: 20 threads (1 group; 4x "getWorkload", 16x "putWorkload" in each group), will synchronize iterations
# Benchmark mode: Throughput, ops/time
# Benchmark: org.hestiastore.benchmark.segmentindex.SegmentIndexMixedDrainBenchmark.partitionedIngestMixed
# Parameters: (hotKeySpace = 256, workloadMode = splitHeavy)

# Run progress: 0.00% complete, ETA 00:00:14
# Fork: 1 of 1
# Warmup Iteration   1: SLF4J(W): No SLF4J providers were found.
SLF4J(W): Defaulting to no-operation (NOP) logger implementation
SLF4J(W): See https://www.slf4j.org/codes.html#noProviders for further details.
442859.677 ops/s
# Warmup Iteration   2: 963002.464 ops/s
Iteration   1: 1192634.218 ops/s
                 getWorkload: 1173230.418 ops/s
                 putWorkload: 19403.801 ops/s

Iteration   2: 1150530.130 ops/s
                 getWorkload: 1131791.363 ops/s
                 putWorkload: 18738.767 ops/s

Iteration   3: 1290358.765 ops/s
                 getWorkload: 1271388.151 ops/s
                 putWorkload: 18970.615 ops/s

Iteration   4: 1262258.941 ops/s
                 getWorkload: 1241785.010 ops/s
                 putWorkload: 20473.932 ops/s

Iteration   5: 1233326.050 ops/s
                 getWorkload: 1212869.850 ops/s
                 putWorkload: 20456.200 ops/s



Result "org.hestiastore.benchmark.segmentindex.SegmentIndexMixedDrainBenchmark.partitionedIngestMixed":
  1225821.621 ±(99.9%) 213695.562 ops/s [Average]
  (min, avg, max) = (1150530.130, 1225821.621, 1290358.765), stdev = 55496.059
  CI (99.9%): [1012126.060, 1439517.183] (assumes normal distribution)

Secondary result "org.hestiastore.benchmark.segmentindex.SegmentIndexMixedDrainBenchmark.partitionedIngestMixed:getWorkload":
  1206212.958 ±(99.9%) 212518.506 ops/s [Average]
  (min, avg, max) = (1131791.363, 1206212.958, 1271388.151), stdev = 55190.381
  CI (99.9%): [993694.452, 1418731.464] (assumes normal distribution)

Secondary result "org.hestiastore.benchmark.segmentindex.SegmentIndexMixedDrainBenchmark.partitionedIngestMixed:putWorkload":
  19608.663 ±(99.9%) 3147.653 ops/s [Average]
  (min, avg, max) = (18738.767, 19608.663, 20473.932), stdev = 817.435
  CI (99.9%): [16461.010, 22756.315] (assumes normal distribution)


# Run complete. Total time: 00:00:19

REMEMBER: The numbers below are just data. To gain reusable insights, you need to follow up on
why the numbers are the way they are. Use profilers (see -prof, -lprof), design factorial
experiments, perform baseline and negative tests that provide experimental control, make sure
the benchmarking environment is safe on JVM/OS/HW level, ask for reviews from the domain experts.
Do not assume the numbers tell you what you want them to tell.

NOTE: Current JVM experimentally supports Compiler Blackholes, and they are in use. Please exercise
extra caution when trusting the results, look into the generated code to check the benchmark still
works, and factor in a small probability of new VM bugs. Additionally, while comparisons between
different JVMs are already problematic, the performance difference caused by different Blackhole
modes can be very significant. Please make sure you use the consistent Blackhole mode for comparisons.

Benchmark                                                           (hotKeySpace)  (workloadMode)   Mode  Cnt        Score        Error  Units
SegmentIndexMixedDrainBenchmark.partitionedIngestMixed                        256      splitHeavy  thrpt    5  1225821.621 ± 213695.562  ops/s
SegmentIndexMixedDrainBenchmark.partitionedIngestMixed:getWorkload            256      splitHeavy  thrpt    5  1206212.958 ± 212518.506  ops/s
SegmentIndexMixedDrainBenchmark.partitionedIngestMixed:putWorkload            256      splitHeavy  thrpt    5    19608.663 ±   3147.653  ops/s

Benchmark result is saved to /home/runner/work/_temp/benchmark-results/candidate/raw/segment-index-mixed-split-heavy.json
