# JMH version: 1.37
# VM version: JDK 21.0.12.1, OpenJDK 64-Bit Server VM, 21.0.12.1+1-LTS
# VM invoker: /usr/lib/jvm/temurin-21-jdk-amd64/bin/java
# VM options: <none>
# Blackhole mode: compiler (auto-detected, use -Djmh.blackhole.autoDetect=false to disable)
# Warmup: 2 iterations, 2 s each
# Measurement: 5 iterations, 2 s each
# Timeout: 10 min per iteration
# Threads: 20 threads (1 group; 4x "getWorkload", 16x "putWorkload" in each group), will synchronize iterations
# Benchmark mode: Throughput, ops/time
# Benchmark: org.hestiastore.benchmark.segmentindex.SegmentIndexMixedDrainBenchmark.partitionedIngestMixed
# Parameters: (hotKeySpace = 256, workloadMode = drainOnly)

# Run progress: 0.00% complete, ETA 00:00:14
# Fork: 1 of 1
# Warmup Iteration   1: 566351.793 ops/s
# Warmup Iteration   2: 608993.168 ops/s
Iteration   1: 562110.449 ops/s
                 getWorkload: 272861.237 ops/s
                 putWorkload: 289249.213 ops/s

Iteration   2: 596630.022 ops/s
                 getWorkload: 304871.712 ops/s
                 putWorkload: 291758.310 ops/s

Iteration   3: 615289.731 ops/s
                 getWorkload: 310033.030 ops/s
                 putWorkload: 305256.700 ops/s

Iteration   4: 616205.040 ops/s
                 getWorkload: 312001.747 ops/s
                 putWorkload: 304203.292 ops/s

Iteration   5: 598904.978 ops/s
                 getWorkload: 303399.040 ops/s
                 putWorkload: 295505.939 ops/s



Result "org.hestiastore.benchmark.segmentindex.SegmentIndexMixedDrainBenchmark.partitionedIngestMixed":
  597828.044 ±(99.9%) 84384.603 ops/s [Average]
  (min, avg, max) = (562110.449, 597828.044, 616205.040), stdev = 21914.413
  CI (99.9%): [513443.441, 682212.647] (assumes normal distribution)

Secondary result "org.hestiastore.benchmark.segmentindex.SegmentIndexMixedDrainBenchmark.partitionedIngestMixed:getWorkload":
  300633.353 ±(99.9%) 61323.771 ops/s [Average]
  (min, avg, max) = (272861.237, 300633.353, 312001.747), stdev = 15925.589
  CI (99.9%): [239309.582, 361957.124] (assumes normal distribution)

Secondary result "org.hestiastore.benchmark.segmentindex.SegmentIndexMixedDrainBenchmark.partitionedIngestMixed:putWorkload":
  297194.691 ±(99.9%) 27877.521 ops/s [Average]
  (min, avg, max) = (289249.213, 297194.691, 305256.700), stdev = 7239.704
  CI (99.9%): [269317.170, 325072.211] (assumes normal distribution)


# Run complete. Total time: 00:00:15

REMEMBER: The numbers below are just data. To gain reusable insights, you need to follow up on
why the numbers are the way they are. Use profilers (see -prof, -lprof), design factorial
experiments, perform baseline and negative tests that provide experimental control, make sure
the benchmarking environment is safe on JVM/OS/HW level, ask for reviews from the domain experts.
Do not assume the numbers tell you what you want them to tell.

NOTE: Current JVM experimentally supports Compiler Blackholes, and they are in use. Please exercise
extra caution when trusting the results, look into the generated code to check the benchmark still
works, and factor in a small probability of new VM bugs. Additionally, while comparisons between
different JVMs are already problematic, the performance difference caused by different Blackhole
modes can be very significant. Please make sure you use the consistent Blackhole mode for comparisons.

Benchmark                                                           (hotKeySpace)  (workloadMode)   Mode  Cnt       Score       Error  Units
SegmentIndexMixedDrainBenchmark.partitionedIngestMixed                        256       drainOnly  thrpt    5  597828.044 ± 84384.603  ops/s
SegmentIndexMixedDrainBenchmark.partitionedIngestMixed:getWorkload            256       drainOnly  thrpt    5  300633.353 ± 61323.771  ops/s
SegmentIndexMixedDrainBenchmark.partitionedIngestMixed:putWorkload            256       drainOnly  thrpt    5  297194.691 ± 27877.521  ops/s

Benchmark result is saved to /home/runner/work/_temp/benchmark-results/candidate/raw/segment-index-mixed-drain.json
