# JMH version: 1.37
# VM version: JDK 21.0.12.1, OpenJDK 64-Bit Server VM, 21.0.12.1+1-LTS
# VM invoker: /usr/lib/jvm/temurin-21-jdk-amd64/bin/java
# VM options: <none>
# Blackhole mode: compiler (auto-detected, use -Djmh.blackhole.autoDetect=false to disable)
# Warmup: 2 iterations, 2 s each
# Measurement: 5 iterations, 2 s each
# Timeout: 10 min per iteration
# Threads: 20 threads (1 group; 4x "getWorkload", 16x "putWorkload" in each group), will synchronize iterations
# Benchmark mode: Throughput, ops/time
# Benchmark: org.hestiastore.benchmark.segmentindex.SegmentIndexMixedDrainBenchmark.partitionedIngestMixed
# Parameters: (hotKeySpace = 256, workloadMode = splitHeavy)

# Run progress: 0.00% complete, ETA 00:00:14
# Fork: 1 of 1
# Warmup Iteration   1: 344245.991 ops/s
# Warmup Iteration   2: 990050.138 ops/s
Iteration   1: 1152346.521 ops/s
                 getWorkload: 1131824.937 ops/s
                 putWorkload: 20521.584 ops/s

Iteration   2: 1154817.252 ops/s
                 getWorkload: 1132837.943 ops/s
                 putWorkload: 21979.309 ops/s

Iteration   3: 1442672.589 ops/s
                 getWorkload: 1421512.496 ops/s
                 putWorkload: 21160.093 ops/s

Iteration   4: 1416984.095 ops/s
                 getWorkload: 1396836.926 ops/s
                 putWorkload: 20147.169 ops/s

Iteration   5: 1338796.344 ops/s
                 getWorkload: 1318695.594 ops/s
                 putWorkload: 20100.751 ops/s



Result "org.hestiastore.benchmark.segmentindex.SegmentIndexMixedDrainBenchmark.partitionedIngestMixed":
  1301123.360 ±(99.9%) 539156.065 ops/s [Average]
  (min, avg, max) = (1152346.521, 1301123.360, 1442672.589), stdev = 140017.118
  CI (99.9%): [761967.296, 1840279.425] (assumes normal distribution)

Secondary result "org.hestiastore.benchmark.segmentindex.SegmentIndexMixedDrainBenchmark.partitionedIngestMixed:getWorkload":
  1280341.579 ±(99.9%) 540415.411 ops/s [Average]
  (min, avg, max) = (1131824.937, 1280341.579, 1421512.496), stdev = 140344.166
  CI (99.9%): [739926.168, 1820756.990] (assumes normal distribution)

Secondary result "org.hestiastore.benchmark.segmentindex.SegmentIndexMixedDrainBenchmark.partitionedIngestMixed:putWorkload":
  20781.781 ±(99.9%) 3051.152 ops/s [Average]
  (min, avg, max) = (20100.751, 20781.781, 21979.309), stdev = 792.375
  CI (99.9%): [17730.629, 23832.934] (assumes normal distribution)


# Run complete. Total time: 00:00:19

REMEMBER: The numbers below are just data. To gain reusable insights, you need to follow up on
why the numbers are the way they are. Use profilers (see -prof, -lprof), design factorial
experiments, perform baseline and negative tests that provide experimental control, make sure
the benchmarking environment is safe on JVM/OS/HW level, ask for reviews from the domain experts.
Do not assume the numbers tell you what you want them to tell.

NOTE: Current JVM experimentally supports Compiler Blackholes, and they are in use. Please exercise
extra caution when trusting the results, look into the generated code to check the benchmark still
works, and factor in a small probability of new VM bugs. Additionally, while comparisons between
different JVMs are already problematic, the performance difference caused by different Blackhole
modes can be very significant. Please make sure you use the consistent Blackhole mode for comparisons.

Benchmark                                                           (hotKeySpace)  (workloadMode)   Mode  Cnt        Score        Error  Units
SegmentIndexMixedDrainBenchmark.partitionedIngestMixed                        256      splitHeavy  thrpt    5  1301123.360 ± 539156.065  ops/s
SegmentIndexMixedDrainBenchmark.partitionedIngestMixed:getWorkload            256      splitHeavy  thrpt    5  1280341.579 ± 540415.411  ops/s
SegmentIndexMixedDrainBenchmark.partitionedIngestMixed:putWorkload            256      splitHeavy  thrpt    5    20781.781 ±   3051.152  ops/s

Benchmark result is saved to /home/runner/work/_temp/benchmark-results/candidate/raw/segment-index-mixed-split-heavy.json
