# JMH version: 1.37
# VM version: JDK 21.0.12.1, OpenJDK 64-Bit Server VM, 21.0.12.1+1-LTS
# VM invoker: /usr/lib/jvm/temurin-21-jdk-amd64/bin/java
# VM options: <none>
# Blackhole mode: compiler (auto-detected, use -Djmh.blackhole.autoDetect=false to disable)
# Warmup: 2 iterations, 2 s each
# Measurement: 5 iterations, 2 s each
# Timeout: 10 min per iteration
# Threads: 20 threads (1 group; 4x "getWorkload", 16x "putWorkload" in each group), will synchronize iterations
# Benchmark mode: Throughput, ops/time
# Benchmark: org.hestiastore.benchmark.segmentindex.SegmentIndexMixedDrainBenchmark.partitionedIngestMixed
# Parameters: (hotKeySpace = 256, workloadMode = drainOnly)

# Run progress: 0.00% complete, ETA 00:00:14
# Fork: 1 of 1
# Warmup Iteration   1: 476324.132 ops/s
# Warmup Iteration   2: 533796.843 ops/s
Iteration   1: 519282.482 ops/s
                 getWorkload: 253419.354 ops/s
                 putWorkload: 265863.129 ops/s

Iteration   2: 541923.695 ops/s
                 getWorkload: 266794.507 ops/s
                 putWorkload: 275129.188 ops/s

Iteration   3: 536846.569 ops/s
                 getWorkload: 258767.190 ops/s
                 putWorkload: 278079.379 ops/s

Iteration   4: 560394.375 ops/s
                 getWorkload: 273379.679 ops/s
                 putWorkload: 287014.696 ops/s

Iteration   5: 547389.550 ops/s
                 getWorkload: 250867.999 ops/s
                 putWorkload: 296521.551 ops/s



Result "org.hestiastore.benchmark.segmentindex.SegmentIndexMixedDrainBenchmark.partitionedIngestMixed":
  541167.334 ±(99.9%) 57970.511 ops/s [Average]
  (min, avg, max) = (519282.482, 541167.334, 560394.375), stdev = 15054.758
  CI (99.9%): [483196.823, 599137.845] (assumes normal distribution)

Secondary result "org.hestiastore.benchmark.segmentindex.SegmentIndexMixedDrainBenchmark.partitionedIngestMixed:getWorkload":
  260645.746 ±(99.9%) 36087.044 ops/s [Average]
  (min, avg, max) = (250867.999, 260645.746, 273379.679), stdev = 9371.691
  CI (99.9%): [224558.701, 296732.790] (assumes normal distribution)

Secondary result "org.hestiastore.benchmark.segmentindex.SegmentIndexMixedDrainBenchmark.partitionedIngestMixed:putWorkload":
  280521.588 ±(99.9%) 45073.595 ops/s [Average]
  (min, avg, max) = (265863.129, 280521.588, 296521.551), stdev = 11705.469
  CI (99.9%): [235447.994, 325595.183] (assumes normal distribution)


# Run complete. Total time: 00:00:15

REMEMBER: The numbers below are just data. To gain reusable insights, you need to follow up on
why the numbers are the way they are. Use profilers (see -prof, -lprof), design factorial
experiments, perform baseline and negative tests that provide experimental control, make sure
the benchmarking environment is safe on JVM/OS/HW level, ask for reviews from the domain experts.
Do not assume the numbers tell you what you want them to tell.

NOTE: Current JVM experimentally supports Compiler Blackholes, and they are in use. Please exercise
extra caution when trusting the results, look into the generated code to check the benchmark still
works, and factor in a small probability of new VM bugs. Additionally, while comparisons between
different JVMs are already problematic, the performance difference caused by different Blackhole
modes can be very significant. Please make sure you use the consistent Blackhole mode for comparisons.

Benchmark                                                           (hotKeySpace)  (workloadMode)   Mode  Cnt       Score       Error  Units
SegmentIndexMixedDrainBenchmark.partitionedIngestMixed                        256       drainOnly  thrpt    5  541167.334 ± 57970.511  ops/s
SegmentIndexMixedDrainBenchmark.partitionedIngestMixed:getWorkload            256       drainOnly  thrpt    5  260645.746 ± 36087.044  ops/s
SegmentIndexMixedDrainBenchmark.partitionedIngestMixed:putWorkload            256       drainOnly  thrpt    5  280521.588 ± 45073.595  ops/s

Benchmark result is saved to /home/runner/work/_temp/benchmark-results/candidate/raw/segment-index-mixed-drain.json
