# JMH version: 1.37
# VM version: JDK 21.0.11, OpenJDK 64-Bit Server VM, 21.0.11+10-LTS
# VM invoker: /usr/lib/jvm/temurin-21-jdk-amd64/bin/java
# VM options: <none>
# Blackhole mode: compiler (auto-detected, use -Djmh.blackhole.autoDetect=false to disable)
# Warmup: 2 iterations, 2 s each
# Measurement: 5 iterations, 2 s each
# Timeout: 10 min per iteration
# Threads: 20 threads (1 group; 4x "getWorkload", 16x "putWorkload" in each group), will synchronize iterations
# Benchmark mode: Throughput, ops/time
# Benchmark: org.hestiastore.benchmark.segmentindex.SegmentIndexMixedDrainBenchmark.partitionedIngestMixed
# Parameters: (hotKeySpace = 256, workloadMode = drainOnly)

# Run progress: 0.00% complete, ETA 00:00:14
# Fork: 1 of 1
# Warmup Iteration   1: SLF4J(W): No SLF4J providers were found.
SLF4J(W): Defaulting to no-operation (NOP) logger implementation
SLF4J(W): See https://www.slf4j.org/codes.html#noProviders for further details.
428258.903 ops/s
# Warmup Iteration   2: 439940.989 ops/s
Iteration   1: 414559.449 ops/s
                 getWorkload: 188594.873 ops/s
                 putWorkload: 225964.576 ops/s

Iteration   2: 426849.313 ops/s
                 getWorkload: 189718.799 ops/s
                 putWorkload: 237130.514 ops/s

Iteration   3: 441137.031 ops/s
                 getWorkload: 205639.068 ops/s
                 putWorkload: 235497.963 ops/s

Iteration   4: 450893.101 ops/s
                 getWorkload: 203999.616 ops/s
                 putWorkload: 246893.484 ops/s

Iteration   5: 438233.986 ops/s
                 getWorkload: 187601.612 ops/s
                 putWorkload: 250632.374 ops/s



Result "org.hestiastore.benchmark.segmentindex.SegmentIndexMixedDrainBenchmark.partitionedIngestMixed":
  434334.576 ±(99.9%) 53865.965 ops/s [Average]
  (min, avg, max) = (414559.449, 434334.576, 450893.101), stdev = 13988.820
  CI (99.9%): [380468.611, 488200.541] (assumes normal distribution)

Secondary result "org.hestiastore.benchmark.segmentindex.SegmentIndexMixedDrainBenchmark.partitionedIngestMixed:getWorkload":
  195110.794 ±(99.9%) 34321.226 ops/s [Average]
  (min, avg, max) = (187601.612, 195110.794, 205639.068), stdev = 8913.113
  CI (99.9%): [160789.567, 229432.020] (assumes normal distribution)

Secondary result "org.hestiastore.benchmark.segmentindex.SegmentIndexMixedDrainBenchmark.partitionedIngestMixed:putWorkload":
  239223.782 ±(99.9%) 37681.770 ops/s [Average]
  (min, avg, max) = (225964.576, 239223.782, 250632.374), stdev = 9785.836
  CI (99.9%): [201542.012, 276905.552] (assumes normal distribution)


# Run complete. Total time: 00:00:15

REMEMBER: The numbers below are just data. To gain reusable insights, you need to follow up on
why the numbers are the way they are. Use profilers (see -prof, -lprof), design factorial
experiments, perform baseline and negative tests that provide experimental control, make sure
the benchmarking environment is safe on JVM/OS/HW level, ask for reviews from the domain experts.
Do not assume the numbers tell you what you want them to tell.

NOTE: Current JVM experimentally supports Compiler Blackholes, and they are in use. Please exercise
extra caution when trusting the results, look into the generated code to check the benchmark still
works, and factor in a small probability of new VM bugs. Additionally, while comparisons between
different JVMs are already problematic, the performance difference caused by different Blackhole
modes can be very significant. Please make sure you use the consistent Blackhole mode for comparisons.

Benchmark                                                           (hotKeySpace)  (workloadMode)   Mode  Cnt       Score       Error  Units
SegmentIndexMixedDrainBenchmark.partitionedIngestMixed                        256       drainOnly  thrpt    5  434334.576 ± 53865.965  ops/s
SegmentIndexMixedDrainBenchmark.partitionedIngestMixed:getWorkload            256       drainOnly  thrpt    5  195110.794 ± 34321.226  ops/s
SegmentIndexMixedDrainBenchmark.partitionedIngestMixed:putWorkload            256       drainOnly  thrpt    5  239223.782 ± 37681.770  ops/s

Benchmark result is saved to /home/runner/work/_temp/benchmark-results/candidate/raw/segment-index-mixed-drain.json
