# JMH version: 1.37
# VM version: JDK 21.0.12, OpenJDK 64-Bit Server VM, 21.0.12+8-LTS
# VM invoker: /usr/lib/jvm/temurin-21-jdk-amd64/bin/java
# VM options: <none>
# Blackhole mode: compiler (auto-detected, use -Djmh.blackhole.autoDetect=false to disable)
# Warmup: 2 iterations, 2 s each
# Measurement: 5 iterations, 2 s each
# Timeout: 10 min per iteration
# Threads: 20 threads (1 group; 4x "getWorkload", 16x "putWorkload" in each group), will synchronize iterations
# Benchmark mode: Throughput, ops/time
# Benchmark: org.hestiastore.benchmark.segmentindex.SegmentIndexMixedDrainBenchmark.partitionedIngestMixed
# Parameters: (hotKeySpace = 256, workloadMode = drainOnly)

# Run progress: 0.00% complete, ETA 00:00:14
# Fork: 1 of 1
# Warmup Iteration   1: 680684.796 ops/s
# Warmup Iteration   2: 609360.356 ops/s
Iteration   1: 636737.924 ops/s
                 getWorkload: 353147.888 ops/s
                 putWorkload: 283590.036 ops/s

Iteration   2: 650049.583 ops/s
                 getWorkload: 362410.864 ops/s
                 putWorkload: 287638.719 ops/s

Iteration   3: 651106.724 ops/s
                 getWorkload: 355744.212 ops/s
                 putWorkload: 295362.512 ops/s

Iteration   4: 626906.418 ops/s
                 getWorkload: 329670.195 ops/s
                 putWorkload: 297236.223 ops/s

Iteration   5: 648429.827 ops/s
                 getWorkload: 351965.881 ops/s
                 putWorkload: 296463.945 ops/s



Result "org.hestiastore.benchmark.segmentindex.SegmentIndexMixedDrainBenchmark.partitionedIngestMixed":
  642646.095 ±(99.9%) 40499.977 ops/s [Average]
  (min, avg, max) = (626906.418, 642646.095, 651106.724), stdev = 10517.715
  CI (99.9%): [602146.118, 683146.072] (assumes normal distribution)

Secondary result "org.hestiastore.benchmark.segmentindex.SegmentIndexMixedDrainBenchmark.partitionedIngestMixed:getWorkload":
  350587.808 ±(99.9%) 47644.339 ops/s [Average]
  (min, avg, max) = (329670.195, 350587.808, 362410.864), stdev = 12373.084
  CI (99.9%): [302943.469, 398232.147] (assumes normal distribution)

Secondary result "org.hestiastore.benchmark.segmentindex.SegmentIndexMixedDrainBenchmark.partitionedIngestMixed:putWorkload":
  292058.287 ±(99.9%) 23452.808 ops/s [Average]
  (min, avg, max) = (283590.036, 292058.287, 297236.223), stdev = 6090.620
  CI (99.9%): [268605.479, 315511.095] (assumes normal distribution)


# Run complete. Total time: 00:00:15

REMEMBER: The numbers below are just data. To gain reusable insights, you need to follow up on
why the numbers are the way they are. Use profilers (see -prof, -lprof), design factorial
experiments, perform baseline and negative tests that provide experimental control, make sure
the benchmarking environment is safe on JVM/OS/HW level, ask for reviews from the domain experts.
Do not assume the numbers tell you what you want them to tell.

NOTE: Current JVM experimentally supports Compiler Blackholes, and they are in use. Please exercise
extra caution when trusting the results, look into the generated code to check the benchmark still
works, and factor in a small probability of new VM bugs. Additionally, while comparisons between
different JVMs are already problematic, the performance difference caused by different Blackhole
modes can be very significant. Please make sure you use the consistent Blackhole mode for comparisons.

Benchmark                                                           (hotKeySpace)  (workloadMode)   Mode  Cnt       Score       Error  Units
SegmentIndexMixedDrainBenchmark.partitionedIngestMixed                        256       drainOnly  thrpt    5  642646.095 ± 40499.977  ops/s
SegmentIndexMixedDrainBenchmark.partitionedIngestMixed:getWorkload            256       drainOnly  thrpt    5  350587.808 ± 47644.339  ops/s
SegmentIndexMixedDrainBenchmark.partitionedIngestMixed:putWorkload            256       drainOnly  thrpt    5  292058.287 ± 23452.808  ops/s

Benchmark result is saved to /home/runner/work/_temp/benchmark-results/candidate/raw/segment-index-mixed-drain.json
