# JMH version: 1.37
# VM version: JDK 21.0.12, OpenJDK 64-Bit Server VM, 21.0.12+8-LTS
# VM invoker: /usr/lib/jvm/temurin-21-jdk-amd64/bin/java
# VM options: <none>
# Blackhole mode: compiler (auto-detected, use -Djmh.blackhole.autoDetect=false to disable)
# Warmup: 2 iterations, 2 s each
# Measurement: 5 iterations, 2 s each
# Timeout: 10 min per iteration
# Threads: 20 threads (1 group; 4x "getWorkload", 16x "putWorkload" in each group), will synchronize iterations
# Benchmark mode: Throughput, ops/time
# Benchmark: org.hestiastore.benchmark.segmentindex.SegmentIndexMixedDrainBenchmark.partitionedIngestMixed
# Parameters: (hotKeySpace = 256, workloadMode = splitHeavy)

# Run progress: 0.00% complete, ETA 00:00:14
# Fork: 1 of 1
# Warmup Iteration   1: 734093.367 ops/s
# Warmup Iteration   2: 1518158.482 ops/s
Iteration   1: 1624682.286 ops/s
                 getWorkload: 1606760.455 ops/s
                 putWorkload: 17921.831 ops/s

Iteration   2: 1624713.810 ops/s
                 getWorkload: 1608393.796 ops/s
                 putWorkload: 16320.014 ops/s

Iteration   3: 1763686.013 ops/s
                 getWorkload: 1744870.211 ops/s
                 putWorkload: 18815.802 ops/s

Iteration   4: 1808368.717 ops/s
                 getWorkload: 1791244.345 ops/s
                 putWorkload: 17124.371 ops/s

Iteration   5: 1810330.582 ops/s
                 getWorkload: 1795463.287 ops/s
                 putWorkload: 14867.295 ops/s



Result "org.hestiastore.benchmark.segmentindex.SegmentIndexMixedDrainBenchmark.partitionedIngestMixed":
  1726356.282 ±(99.9%) 364491.594 ops/s [Average]
  (min, avg, max) = (1624682.286, 1726356.282, 1810330.582), stdev = 94657.309
  CI (99.9%): [1361864.688, 2090847.875] (assumes normal distribution)

Secondary result "org.hestiastore.benchmark.segmentindex.SegmentIndexMixedDrainBenchmark.partitionedIngestMixed:getWorkload":
  1709346.419 ±(99.9%) 365814.401 ops/s [Average]
  (min, avg, max) = (1606760.455, 1709346.419, 1795463.287), stdev = 95000.838
  CI (99.9%): [1343532.018, 2075160.820] (assumes normal distribution)

Secondary result "org.hestiastore.benchmark.segmentindex.SegmentIndexMixedDrainBenchmark.partitionedIngestMixed:putWorkload":
  17009.863 ±(99.9%) 5831.120 ops/s [Average]
  (min, avg, max) = (14867.295, 17009.863, 18815.802), stdev = 1514.323
  CI (99.9%): [11178.742, 22840.983] (assumes normal distribution)


# Run complete. Total time: 00:00:19

REMEMBER: The numbers below are just data. To gain reusable insights, you need to follow up on
why the numbers are the way they are. Use profilers (see -prof, -lprof), design factorial
experiments, perform baseline and negative tests that provide experimental control, make sure
the benchmarking environment is safe on JVM/OS/HW level, ask for reviews from the domain experts.
Do not assume the numbers tell you what you want them to tell.

NOTE: Current JVM experimentally supports Compiler Blackholes, and they are in use. Please exercise
extra caution when trusting the results, look into the generated code to check the benchmark still
works, and factor in a small probability of new VM bugs. Additionally, while comparisons between
different JVMs are already problematic, the performance difference caused by different Blackhole
modes can be very significant. Please make sure you use the consistent Blackhole mode for comparisons.

Benchmark                                                           (hotKeySpace)  (workloadMode)   Mode  Cnt        Score        Error  Units
SegmentIndexMixedDrainBenchmark.partitionedIngestMixed                        256      splitHeavy  thrpt    5  1726356.282 ± 364491.594  ops/s
SegmentIndexMixedDrainBenchmark.partitionedIngestMixed:getWorkload            256      splitHeavy  thrpt    5  1709346.419 ± 365814.401  ops/s
SegmentIndexMixedDrainBenchmark.partitionedIngestMixed:putWorkload            256      splitHeavy  thrpt    5    17009.863 ±   5831.120  ops/s

Benchmark result is saved to /home/runner/work/_temp/benchmark-results/candidate/raw/segment-index-mixed-split-heavy.json
