# JMH version: 1.37
# VM version: JDK 21.0.12.1, OpenJDK 64-Bit Server VM, 21.0.12.1+1-LTS
# VM invoker: /usr/lib/jvm/temurin-21-jdk-amd64/bin/java
# VM options: <none>
# Blackhole mode: compiler (auto-detected, use -Djmh.blackhole.autoDetect=false to disable)
# Warmup: 2 iterations, 2 s each
# Measurement: 5 iterations, 2 s each
# Timeout: 10 min per iteration
# Threads: 20 threads (1 group; 4x "getWorkload", 16x "putWorkload" in each group), will synchronize iterations
# Benchmark mode: Throughput, ops/time
# Benchmark: org.hestiastore.benchmark.segmentindex.SegmentIndexMixedDrainBenchmark.partitionedIngestMixed
# Parameters: (hotKeySpace = 256, workloadMode = drainOnly)

# Run progress: 0.00% complete, ETA 00:00:14
# Fork: 1 of 1
# Warmup Iteration   1: 445742.932 ops/s
# Warmup Iteration   2: 525511.931 ops/s
Iteration   1: 596688.301 ops/s
                 getWorkload: 314944.986 ops/s
                 putWorkload: 281743.315 ops/s

Iteration   2: 533491.059 ops/s
                 getWorkload: 260972.252 ops/s
                 putWorkload: 272518.807 ops/s

Iteration   3: 538412.587 ops/s
                 getWorkload: 233316.169 ops/s
                 putWorkload: 305096.418 ops/s

Iteration   4: 577881.155 ops/s
                 getWorkload: 287232.328 ops/s
                 putWorkload: 290648.827 ops/s

Iteration   5: 600424.256 ops/s
                 getWorkload: 299038.315 ops/s
                 putWorkload: 301385.941 ops/s



Result "org.hestiastore.benchmark.segmentindex.SegmentIndexMixedDrainBenchmark.partitionedIngestMixed":
  569379.472 ±(99.9%) 122204.956 ops/s [Average]
  (min, avg, max) = (533491.059, 569379.472, 600424.256), stdev = 31736.239
  CI (99.9%): [447174.515, 691584.428] (assumes normal distribution)

Secondary result "org.hestiastore.benchmark.segmentindex.SegmentIndexMixedDrainBenchmark.partitionedIngestMixed:getWorkload":
  279100.810 ±(99.9%) 124378.013 ops/s [Average]
  (min, avg, max) = (233316.169, 279100.810, 314944.986), stdev = 32300.575
  CI (99.9%): [154722.797, 403478.824] (assumes normal distribution)

Secondary result "org.hestiastore.benchmark.segmentindex.SegmentIndexMixedDrainBenchmark.partitionedIngestMixed:putWorkload":
  290278.661 ±(99.9%) 52067.027 ops/s [Average]
  (min, avg, max) = (272518.807, 290278.661, 305096.418), stdev = 13521.641
  CI (99.9%): [238211.635, 342345.688] (assumes normal distribution)


# Run complete. Total time: 00:00:15

REMEMBER: The numbers below are just data. To gain reusable insights, you need to follow up on
why the numbers are the way they are. Use profilers (see -prof, -lprof), design factorial
experiments, perform baseline and negative tests that provide experimental control, make sure
the benchmarking environment is safe on JVM/OS/HW level, ask for reviews from the domain experts.
Do not assume the numbers tell you what you want them to tell.

NOTE: Current JVM experimentally supports Compiler Blackholes, and they are in use. Please exercise
extra caution when trusting the results, look into the generated code to check the benchmark still
works, and factor in a small probability of new VM bugs. Additionally, while comparisons between
different JVMs are already problematic, the performance difference caused by different Blackhole
modes can be very significant. Please make sure you use the consistent Blackhole mode for comparisons.

Benchmark                                                           (hotKeySpace)  (workloadMode)   Mode  Cnt       Score        Error  Units
SegmentIndexMixedDrainBenchmark.partitionedIngestMixed                        256       drainOnly  thrpt    5  569379.472 ± 122204.956  ops/s
SegmentIndexMixedDrainBenchmark.partitionedIngestMixed:getWorkload            256       drainOnly  thrpt    5  279100.810 ± 124378.013  ops/s
SegmentIndexMixedDrainBenchmark.partitionedIngestMixed:putWorkload            256       drainOnly  thrpt    5  290278.661 ±  52067.027  ops/s

Benchmark result is saved to /home/runner/work/_temp/benchmark-results/candidate/raw/segment-index-mixed-drain.json
