# JMH version: 1.37
# VM version: JDK 21.0.12.1, OpenJDK 64-Bit Server VM, 21.0.12.1+1-LTS
# VM invoker: /usr/lib/jvm/temurin-21-jdk-amd64/bin/java
# VM options: <none>
# Blackhole mode: compiler (auto-detected, use -Djmh.blackhole.autoDetect=false to disable)
# Warmup: 2 iterations, 2 s each
# Measurement: 5 iterations, 2 s each
# Timeout: 10 min per iteration
# Threads: 4 threads, will synchronize iterations
# Benchmark mode: Throughput, ops/time
# Benchmark: org.hestiastore.benchmark.segmentindex.SegmentIndexGetBenchmark.getHitSync
# Parameters: (chunkStoreCachePageLimit = 0, contextLogging = false, keyCount = 12000, maxKeysInChunk = 256, readPathMode = live, snappy = true, valueLength = 64)

# Run progress: 0.00% complete, ETA 00:00:56
# Fork: 1 of 1
# Warmup Iteration   1: 4213893.504 ops/s
# Warmup Iteration   2: 4988748.078 ops/s
Iteration   1: 4926362.202 ops/s
Iteration   2: 4939314.825 ops/s
Iteration   3: 4927075.574 ops/s
Iteration   4: 4928482.626 ops/s
Iteration   5: 4934211.194 ops/s


Result "org.hestiastore.benchmark.segmentindex.SegmentIndexGetBenchmark.getHitSync":
  4931089.284 ±(99.9%) 21322.947 ops/s [Average]
  (min, avg, max) = (4926362.202, 4931089.284, 4939314.825), stdev = 5537.501
  CI (99.9%): [4909766.338, 4952412.231] (assumes normal distribution)


# JMH version: 1.37
# VM version: JDK 21.0.12.1, OpenJDK 64-Bit Server VM, 21.0.12.1+1-LTS
# VM invoker: /usr/lib/jvm/temurin-21-jdk-amd64/bin/java
# VM options: <none>
# Blackhole mode: compiler (auto-detected, use -Djmh.blackhole.autoDetect=false to disable)
# Warmup: 2 iterations, 2 s each
# Measurement: 5 iterations, 2 s each
# Timeout: 10 min per iteration
# Threads: 4 threads, will synchronize iterations
# Benchmark mode: Throughput, ops/time
# Benchmark: org.hestiastore.benchmark.segmentindex.SegmentIndexGetBenchmark.getHitSync
# Parameters: (chunkStoreCachePageLimit = 128, contextLogging = false, keyCount = 12000, maxKeysInChunk = 256, readPathMode = live, snappy = true, valueLength = 64)

# Run progress: 25.00% complete, ETA 00:00:47
# Fork: 1 of 1
# Warmup Iteration   1: 4250951.365 ops/s
# Warmup Iteration   2: 5352718.034 ops/s
Iteration   1: 5309743.035 ops/s
Iteration   2: 5320146.102 ops/s
Iteration   3: 5301671.533 ops/s
Iteration   4: 5378176.162 ops/s
Iteration   5: 5379573.277 ops/s


Result "org.hestiastore.benchmark.segmentindex.SegmentIndexGetBenchmark.getHitSync":
  5337862.022 ±(99.9%) 146366.789 ops/s [Average]
  (min, avg, max) = (5301671.533, 5337862.022, 5379573.277), stdev = 38010.990
  CI (99.9%): [5191495.233, 5484228.811] (assumes normal distribution)


# JMH version: 1.37
# VM version: JDK 21.0.12.1, OpenJDK 64-Bit Server VM, 21.0.12.1+1-LTS
# VM invoker: /usr/lib/jvm/temurin-21-jdk-amd64/bin/java
# VM options: <none>
# Blackhole mode: compiler (auto-detected, use -Djmh.blackhole.autoDetect=false to disable)
# Warmup: 2 iterations, 2 s each
# Measurement: 5 iterations, 2 s each
# Timeout: 10 min per iteration
# Threads: 4 threads, will synchronize iterations
# Benchmark mode: Throughput, ops/time
# Benchmark: org.hestiastore.benchmark.segmentindex.SegmentIndexGetBenchmark.getMissSync
# Parameters: (chunkStoreCachePageLimit = 0, contextLogging = false, keyCount = 12000, maxKeysInChunk = 256, readPathMode = live, snappy = true, valueLength = 64)

# Run progress: 50.00% complete, ETA 00:00:31
# Fork: 1 of 1
# Warmup Iteration   1: 3775900.617 ops/s
# Warmup Iteration   2: 4515104.699 ops/s
Iteration   1: 4410887.270 ops/s
Iteration   2: 4428998.802 ops/s
Iteration   3: 4415944.108 ops/s
Iteration   4: 4424118.901 ops/s
Iteration   5: 4418574.024 ops/s


Result "org.hestiastore.benchmark.segmentindex.SegmentIndexGetBenchmark.getMissSync":
  4419704.621 ±(99.9%) 27162.264 ops/s [Average]
  (min, avg, max) = (4410887.270, 4419704.621, 4428998.802), stdev = 7053.954
  CI (99.9%): [4392542.357, 4446866.885] (assumes normal distribution)


# JMH version: 1.37
# VM version: JDK 21.0.12.1, OpenJDK 64-Bit Server VM, 21.0.12.1+1-LTS
# VM invoker: /usr/lib/jvm/temurin-21-jdk-amd64/bin/java
# VM options: <none>
# Blackhole mode: compiler (auto-detected, use -Djmh.blackhole.autoDetect=false to disable)
# Warmup: 2 iterations, 2 s each
# Measurement: 5 iterations, 2 s each
# Timeout: 10 min per iteration
# Threads: 4 threads, will synchronize iterations
# Benchmark mode: Throughput, ops/time
# Benchmark: org.hestiastore.benchmark.segmentindex.SegmentIndexGetBenchmark.getMissSync
# Parameters: (chunkStoreCachePageLimit = 128, contextLogging = false, keyCount = 12000, maxKeysInChunk = 256, readPathMode = live, snappy = true, valueLength = 64)

# Run progress: 75.00% complete, ETA 00:00:15
# Fork: 1 of 1
# Warmup Iteration   1: 3898500.234 ops/s
# Warmup Iteration   2: 4791262.303 ops/s
Iteration   1: 4788601.433 ops/s
Iteration   2: 4748621.737 ops/s
Iteration   3: 4759717.747 ops/s
Iteration   4: 4757453.846 ops/s
Iteration   5: 4807464.143 ops/s


Result "org.hestiastore.benchmark.segmentindex.SegmentIndexGetBenchmark.getMissSync":
  4772371.781 ±(99.9%) 95135.250 ops/s [Average]
  (min, avg, max) = (4748621.737, 4772371.781, 4807464.143), stdev = 24706.322
  CI (99.9%): [4677236.532, 4867507.031] (assumes normal distribution)


# Run complete. Total time: 00:01:03

REMEMBER: The numbers below are just data. To gain reusable insights, you need to follow up on
why the numbers are the way they are. Use profilers (see -prof, -lprof), design factorial
experiments, perform baseline and negative tests that provide experimental control, make sure
the benchmarking environment is safe on JVM/OS/HW level, ask for reviews from the domain experts.
Do not assume the numbers tell you what you want them to tell.

NOTE: Current JVM experimentally supports Compiler Blackholes, and they are in use. Please exercise
extra caution when trusting the results, look into the generated code to check the benchmark still
works, and factor in a small probability of new VM bugs. Additionally, while comparisons between
different JVMs are already problematic, the performance difference caused by different Blackhole
modes can be very significant. Please make sure you use the consistent Blackhole mode for comparisons.

Benchmark                             (chunkStoreCachePageLimit)  (contextLogging)  (keyCount)  (maxKeysInChunk)  (readPathMode)  (snappy)  (valueLength)   Mode  Cnt        Score        Error  Units
SegmentIndexGetBenchmark.getHitSync                            0             false       12000               256            live      true             64  thrpt    5  4931089.284 ±  21322.947  ops/s
SegmentIndexGetBenchmark.getHitSync                          128             false       12000               256            live      true             64  thrpt    5  5337862.022 ± 146366.789  ops/s
SegmentIndexGetBenchmark.getMissSync                           0             false       12000               256            live      true             64  thrpt    5  4419704.621 ±  27162.264  ops/s
SegmentIndexGetBenchmark.getMissSync                         128             false       12000               256            live      true             64  thrpt    5  4772371.781 ±  95135.250  ops/s

Benchmark result is saved to /home/runner/work/_temp/benchmark-results/candidate/raw/segment-index-get-live.json
