# JMH version: 1.37
# VM version: JDK 21.0.12.1, OpenJDK 64-Bit Server VM, 21.0.12.1+1-LTS
# VM invoker: /usr/lib/jvm/temurin-21-jdk-amd64/bin/java
# VM options: <none>
# Blackhole mode: compiler (auto-detected, use -Djmh.blackhole.autoDetect=false to disable)
# Warmup: 2 iterations, 2 s each
# Measurement: 5 iterations, 2 s each
# Timeout: 10 min per iteration
# Threads: 20 threads (1 group; 4x "getWorkload", 16x "putWorkload" in each group), will synchronize iterations
# Benchmark mode: Throughput, ops/time
# Benchmark: org.hestiastore.benchmark.segmentindex.SegmentIndexMixedDrainBenchmark.partitionedIngestMixed
# Parameters: (hotKeySpace = 256, workloadMode = drainOnly)

# Run progress: 0.00% complete, ETA 00:00:14
# Fork: 1 of 1
# Warmup Iteration   1: 483460.649 ops/s
# Warmup Iteration   2: 538188.355 ops/s
Iteration   1: 527072.206 ops/s
                 getWorkload: 274189.115 ops/s
                 putWorkload: 252883.092 ops/s

Iteration   2: 551007.024 ops/s
                 getWorkload: 299631.818 ops/s
                 putWorkload: 251375.207 ops/s

Iteration   3: 581291.414 ops/s
                 getWorkload: 320565.458 ops/s
                 putWorkload: 260725.957 ops/s

Iteration   4: 543112.042 ops/s
                 getWorkload: 271770.405 ops/s
                 putWorkload: 271341.637 ops/s

Iteration   5: 536481.472 ops/s
                 getWorkload: 265395.850 ops/s
                 putWorkload: 271085.622 ops/s



Result "org.hestiastore.benchmark.segmentindex.SegmentIndexMixedDrainBenchmark.partitionedIngestMixed":
  547792.832 ±(99.9%) 79655.459 ops/s [Average]
  (min, avg, max) = (527072.206, 547792.832, 581291.414), stdev = 20686.270
  CI (99.9%): [468137.373, 627448.291] (assumes normal distribution)

Secondary result "org.hestiastore.benchmark.segmentindex.SegmentIndexMixedDrainBenchmark.partitionedIngestMixed:getWorkload":
  286310.529 ±(99.9%) 89203.401 ops/s [Average]
  (min, avg, max) = (265395.850, 286310.529, 320565.458), stdev = 23165.840
  CI (99.9%): [197107.128, 375513.930] (assumes normal distribution)

Secondary result "org.hestiastore.benchmark.segmentindex.SegmentIndexMixedDrainBenchmark.partitionedIngestMixed:putWorkload":
  261482.303 ±(99.9%) 36838.715 ops/s [Average]
  (min, avg, max) = (251375.207, 261482.303, 271341.637), stdev = 9566.897
  CI (99.9%): [224643.588, 298321.018] (assumes normal distribution)


# Run complete. Total time: 00:00:15

REMEMBER: The numbers below are just data. To gain reusable insights, you need to follow up on
why the numbers are the way they are. Use profilers (see -prof, -lprof), design factorial
experiments, perform baseline and negative tests that provide experimental control, make sure
the benchmarking environment is safe on JVM/OS/HW level, ask for reviews from the domain experts.
Do not assume the numbers tell you what you want them to tell.

NOTE: Current JVM experimentally supports Compiler Blackholes, and they are in use. Please exercise
extra caution when trusting the results, look into the generated code to check the benchmark still
works, and factor in a small probability of new VM bugs. Additionally, while comparisons between
different JVMs are already problematic, the performance difference caused by different Blackhole
modes can be very significant. Please make sure you use the consistent Blackhole mode for comparisons.

Benchmark                                                           (hotKeySpace)  (workloadMode)   Mode  Cnt       Score       Error  Units
SegmentIndexMixedDrainBenchmark.partitionedIngestMixed                        256       drainOnly  thrpt    5  547792.832 ± 79655.459  ops/s
SegmentIndexMixedDrainBenchmark.partitionedIngestMixed:getWorkload            256       drainOnly  thrpt    5  286310.529 ± 89203.401  ops/s
SegmentIndexMixedDrainBenchmark.partitionedIngestMixed:putWorkload            256       drainOnly  thrpt    5  261482.303 ± 36838.715  ops/s

Benchmark result is saved to /home/runner/work/_temp/benchmark-results/candidate/raw/segment-index-mixed-drain.json
