# JMH version: 1.37
# VM version: JDK 21.0.11, OpenJDK 64-Bit Server VM, 21.0.11+10-LTS
# VM invoker: /usr/lib/jvm/temurin-21-jdk-amd64/bin/java
# VM options: <none>
# Blackhole mode: compiler (auto-detected, use -Djmh.blackhole.autoDetect=false to disable)
# Warmup: 2 iterations, 2 s each
# Measurement: 5 iterations, 2 s each
# Timeout: 10 min per iteration
# Threads: 20 threads (1 group; 4x "getWorkload", 16x "putWorkload" in each group), will synchronize iterations
# Benchmark mode: Throughput, ops/time
# Benchmark: org.hestiastore.benchmark.segmentindex.SegmentIndexMixedDrainBenchmark.partitionedIngestMixed
# Parameters: (hotKeySpace = 256, workloadMode = splitHeavy)

# Run progress: 0.00% complete, ETA 00:00:14
# Fork: 1 of 1
# Warmup Iteration   1: 365434.124 ops/s
# Warmup Iteration   2: 784630.046 ops/s
Iteration   1: 988507.611 ops/s
                 getWorkload: 974288.211 ops/s
                 putWorkload: 14219.400 ops/s

Iteration   2: 1096040.483 ops/s
                 getWorkload: 1081714.575 ops/s
                 putWorkload: 14325.908 ops/s

Iteration   3: 1147673.169 ops/s
                 getWorkload: 1133208.797 ops/s
                 putWorkload: 14464.373 ops/s

Iteration   4: 1157835.129 ops/s
                 getWorkload: 1141893.460 ops/s
                 putWorkload: 15941.669 ops/s

Iteration   5: 1324503.391 ops/s
                 getWorkload: 1310699.360 ops/s
                 putWorkload: 13804.030 ops/s



Result "org.hestiastore.benchmark.segmentindex.SegmentIndexMixedDrainBenchmark.partitionedIngestMixed":
  1142911.956 ±(99.9%) 468682.278 ops/s [Average]
  (min, avg, max) = (988507.611, 1142911.956, 1324503.391), stdev = 121715.299
  CI (99.9%): [674229.679, 1611594.234] (assumes normal distribution)

Secondary result "org.hestiastore.benchmark.segmentindex.SegmentIndexMixedDrainBenchmark.partitionedIngestMixed:getWorkload":
  1128360.881 ±(99.9%) 469116.143 ops/s [Average]
  (min, avg, max) = (974288.211, 1128360.881, 1310699.360), stdev = 121827.973
  CI (99.9%): [659244.738, 1597477.023] (assumes normal distribution)

Secondary result "org.hestiastore.benchmark.segmentindex.SegmentIndexMixedDrainBenchmark.partitionedIngestMixed:putWorkload":
  14551.076 ±(99.9%) 3140.137 ops/s [Average]
  (min, avg, max) = (13804.030, 14551.076, 15941.669), stdev = 815.484
  CI (99.9%): [11410.939, 17691.213] (assumes normal distribution)


# Run complete. Total time: 00:00:19

REMEMBER: The numbers below are just data. To gain reusable insights, you need to follow up on
why the numbers are the way they are. Use profilers (see -prof, -lprof), design factorial
experiments, perform baseline and negative tests that provide experimental control, make sure
the benchmarking environment is safe on JVM/OS/HW level, ask for reviews from the domain experts.
Do not assume the numbers tell you what you want them to tell.

NOTE: Current JVM experimentally supports Compiler Blackholes, and they are in use. Please exercise
extra caution when trusting the results, look into the generated code to check the benchmark still
works, and factor in a small probability of new VM bugs. Additionally, while comparisons between
different JVMs are already problematic, the performance difference caused by different Blackhole
modes can be very significant. Please make sure you use the consistent Blackhole mode for comparisons.

Benchmark                                                           (hotKeySpace)  (workloadMode)   Mode  Cnt        Score        Error  Units
SegmentIndexMixedDrainBenchmark.partitionedIngestMixed                        256      splitHeavy  thrpt    5  1142911.956 ± 468682.278  ops/s
SegmentIndexMixedDrainBenchmark.partitionedIngestMixed:getWorkload            256      splitHeavy  thrpt    5  1128360.881 ± 469116.143  ops/s
SegmentIndexMixedDrainBenchmark.partitionedIngestMixed:putWorkload            256      splitHeavy  thrpt    5    14551.076 ±   3140.137  ops/s

Benchmark result is saved to /home/runner/work/_temp/benchmark-results/candidate/raw/segment-index-mixed-split-heavy.json
