# JMH version: 1.37
# VM version: JDK 21.0.11, OpenJDK 64-Bit Server VM, 21.0.11+10-LTS
# VM invoker: /usr/lib/jvm/temurin-21-jdk-amd64/bin/java
# VM options: <none>
# Blackhole mode: compiler (auto-detected, use -Djmh.blackhole.autoDetect=false to disable)
# Warmup: 2 iterations, 2 s each
# Measurement: 5 iterations, 2 s each
# Timeout: 10 min per iteration
# Threads: 20 threads (1 group; 4x "getWorkload", 16x "putWorkload" in each group), will synchronize iterations
# Benchmark mode: Throughput, ops/time
# Benchmark: org.hestiastore.benchmark.segmentindex.SegmentIndexMixedDrainBenchmark.partitionedIngestMixed
# Parameters: (hotKeySpace = 256, workloadMode = drainOnly)

# Run progress: 0.00% complete, ETA 00:00:14
# Fork: 1 of 1
# Warmup Iteration   1: 529162.603 ops/s
# Warmup Iteration   2: 551127.806 ops/s
Iteration   1: 494126.229 ops/s
                 getWorkload: 257940.570 ops/s
                 putWorkload: 236185.659 ops/s

Iteration   2: 506098.954 ops/s
                 getWorkload: 261669.201 ops/s
                 putWorkload: 244429.752 ops/s

Iteration   3: 520266.300 ops/s
                 getWorkload: 269081.130 ops/s
                 putWorkload: 251185.170 ops/s

Iteration   4: 507171.927 ops/s
                 getWorkload: 247511.981 ops/s
                 putWorkload: 259659.946 ops/s

Iteration   5: 542582.206 ops/s
                 getWorkload: 282518.277 ops/s
                 putWorkload: 260063.929 ops/s



Result "org.hestiastore.benchmark.segmentindex.SegmentIndexMixedDrainBenchmark.partitionedIngestMixed":
  514049.123 ±(99.9%) 71007.922 ops/s [Average]
  (min, avg, max) = (494126.229, 514049.123, 542582.206), stdev = 18440.532
  CI (99.9%): [443041.202, 585057.045] (assumes normal distribution)

Secondary result "org.hestiastore.benchmark.segmentindex.SegmentIndexMixedDrainBenchmark.partitionedIngestMixed:getWorkload":
  263744.232 ±(99.9%) 50295.566 ops/s [Average]
  (min, avg, max) = (247511.981, 263744.232, 282518.277), stdev = 13061.599
  CI (99.9%): [213448.666, 314039.798] (assumes normal distribution)

Secondary result "org.hestiastore.benchmark.segmentindex.SegmentIndexMixedDrainBenchmark.partitionedIngestMixed:putWorkload":
  250304.891 ±(99.9%) 39335.074 ops/s [Average]
  (min, avg, max) = (236185.659, 250304.891, 260063.929), stdev = 10215.194
  CI (99.9%): [210969.817, 289639.966] (assumes normal distribution)


# Run complete. Total time: 00:00:15

REMEMBER: The numbers below are just data. To gain reusable insights, you need to follow up on
why the numbers are the way they are. Use profilers (see -prof, -lprof), design factorial
experiments, perform baseline and negative tests that provide experimental control, make sure
the benchmarking environment is safe on JVM/OS/HW level, ask for reviews from the domain experts.
Do not assume the numbers tell you what you want them to tell.

NOTE: Current JVM experimentally supports Compiler Blackholes, and they are in use. Please exercise
extra caution when trusting the results, look into the generated code to check the benchmark still
works, and factor in a small probability of new VM bugs. Additionally, while comparisons between
different JVMs are already problematic, the performance difference caused by different Blackhole
modes can be very significant. Please make sure you use the consistent Blackhole mode for comparisons.

Benchmark                                                           (hotKeySpace)  (workloadMode)   Mode  Cnt       Score       Error  Units
SegmentIndexMixedDrainBenchmark.partitionedIngestMixed                        256       drainOnly  thrpt    5  514049.123 ± 71007.922  ops/s
SegmentIndexMixedDrainBenchmark.partitionedIngestMixed:getWorkload            256       drainOnly  thrpt    5  263744.232 ± 50295.566  ops/s
SegmentIndexMixedDrainBenchmark.partitionedIngestMixed:putWorkload            256       drainOnly  thrpt    5  250304.891 ± 39335.074  ops/s

Benchmark result is saved to /home/runner/work/_temp/benchmark-results/candidate/raw/segment-index-mixed-drain.json
