# JMH version: 1.37
# VM version: JDK 21.0.12.1, OpenJDK 64-Bit Server VM, 21.0.12.1+1-LTS
# VM invoker: /usr/lib/jvm/temurin-21-jdk-amd64/bin/java
# VM options: <none>
# Blackhole mode: compiler (auto-detected, use -Djmh.blackhole.autoDetect=false to disable)
# Warmup: 2 iterations, 2 s each
# Measurement: 5 iterations, 2 s each
# Timeout: 10 min per iteration
# Threads: 20 threads (1 group; 4x "getWorkload", 16x "putWorkload" in each group), will synchronize iterations
# Benchmark mode: Throughput, ops/time
# Benchmark: org.hestiastore.benchmark.segmentindex.SegmentIndexMixedDrainBenchmark.partitionedIngestMixed
# Parameters: (hotKeySpace = 256, workloadMode = drainOnly)

# Run progress: 0.00% complete, ETA 00:00:14
# Fork: 1 of 1
# Warmup Iteration   1: 360829.431 ops/s
# Warmup Iteration   2: 550115.718 ops/s
Iteration   1: 606102.052 ops/s
                 getWorkload: 362273.072 ops/s
                 putWorkload: 243828.980 ops/s

Iteration   2: 533568.979 ops/s
                 getWorkload: 250314.017 ops/s
                 putWorkload: 283254.962 ops/s

Iteration   3: 547157.009 ops/s
                 getWorkload: 274658.521 ops/s
                 putWorkload: 272498.489 ops/s

Iteration   4: 540468.925 ops/s
                 getWorkload: 258889.373 ops/s
                 putWorkload: 281579.553 ops/s

Iteration   5: 547140.133 ops/s
                 getWorkload: 252667.783 ops/s
                 putWorkload: 294472.350 ops/s



Result "org.hestiastore.benchmark.segmentindex.SegmentIndexMixedDrainBenchmark.partitionedIngestMixed":
  554887.420 ±(99.9%) 112348.552 ops/s [Average]
  (min, avg, max) = (533568.979, 554887.420, 606102.052), stdev = 29176.562
  CI (99.9%): [442538.868, 667235.971] (assumes normal distribution)

Secondary result "org.hestiastore.benchmark.segmentindex.SegmentIndexMixedDrainBenchmark.partitionedIngestMixed:getWorkload":
  279760.553 ±(99.9%) 181339.056 ops/s [Average]
  (min, avg, max) = (250314.017, 279760.553, 362273.072), stdev = 47093.177
  CI (99.9%): [98421.497, 461099.609] (assumes normal distribution)

Secondary result "org.hestiastore.benchmark.segmentindex.SegmentIndexMixedDrainBenchmark.partitionedIngestMixed:putWorkload":
  275126.867 ±(99.9%) 73778.200 ops/s [Average]
  (min, avg, max) = (243828.980, 275126.867, 294472.350), stdev = 19159.964
  CI (99.9%): [201348.667, 348905.066] (assumes normal distribution)


# Run complete. Total time: 00:00:15

REMEMBER: The numbers below are just data. To gain reusable insights, you need to follow up on
why the numbers are the way they are. Use profilers (see -prof, -lprof), design factorial
experiments, perform baseline and negative tests that provide experimental control, make sure
the benchmarking environment is safe on JVM/OS/HW level, ask for reviews from the domain experts.
Do not assume the numbers tell you what you want them to tell.

NOTE: Current JVM experimentally supports Compiler Blackholes, and they are in use. Please exercise
extra caution when trusting the results, look into the generated code to check the benchmark still
works, and factor in a small probability of new VM bugs. Additionally, while comparisons between
different JVMs are already problematic, the performance difference caused by different Blackhole
modes can be very significant. Please make sure you use the consistent Blackhole mode for comparisons.

Benchmark                                                           (hotKeySpace)  (workloadMode)   Mode  Cnt       Score        Error  Units
SegmentIndexMixedDrainBenchmark.partitionedIngestMixed                        256       drainOnly  thrpt    5  554887.420 ± 112348.552  ops/s
SegmentIndexMixedDrainBenchmark.partitionedIngestMixed:getWorkload            256       drainOnly  thrpt    5  279760.553 ± 181339.056  ops/s
SegmentIndexMixedDrainBenchmark.partitionedIngestMixed:putWorkload            256       drainOnly  thrpt    5  275126.867 ±  73778.200  ops/s

Benchmark result is saved to /home/runner/work/_temp/benchmark-results/candidate/raw/segment-index-mixed-drain.json
