# JMH version: 1.37
# VM version: JDK 21.0.12.1, OpenJDK 64-Bit Server VM, 21.0.12.1+1-LTS
# VM invoker: /usr/lib/jvm/temurin-21-jdk-amd64/bin/java
# VM options: <none>
# Blackhole mode: compiler (auto-detected, use -Djmh.blackhole.autoDetect=false to disable)
# Warmup: 2 iterations, 2 s each
# Measurement: 5 iterations, 2 s each
# Timeout: 10 min per iteration
# Threads: 20 threads (1 group; 4x "getWorkload", 16x "putWorkload" in each group), will synchronize iterations
# Benchmark mode: Throughput, ops/time
# Benchmark: org.hestiastore.benchmark.segmentindex.SegmentIndexMixedDrainBenchmark.partitionedIngestMixed
# Parameters: (hotKeySpace = 256, workloadMode = splitHeavy)

# Run progress: 0.00% complete, ETA 00:00:14
# Fork: 1 of 1
# Warmup Iteration   1: 392794.606 ops/s
# Warmup Iteration   2: 920859.389 ops/s
Iteration   1: 1090841.583 ops/s
                 getWorkload: 1056221.653 ops/s
                 putWorkload: 34619.931 ops/s

Iteration   2: 1223738.950 ops/s
                 getWorkload: 1187277.544 ops/s
                 putWorkload: 36461.406 ops/s

Iteration   3: 1347585.342 ops/s
                 getWorkload: 1311867.598 ops/s
                 putWorkload: 35717.744 ops/s

Iteration   4: 1422333.810 ops/s
                 getWorkload: 1385411.062 ops/s
                 putWorkload: 36922.748 ops/s

Iteration   5: 1459696.903 ops/s
                 getWorkload: 1424393.861 ops/s
                 putWorkload: 35303.041 ops/s



Result "org.hestiastore.benchmark.segmentindex.SegmentIndexMixedDrainBenchmark.partitionedIngestMixed":
  1308839.318 ±(99.9%) 583678.588 ops/s [Average]
  (min, avg, max) = (1090841.583, 1308839.318, 1459696.903), stdev = 151579.476
  CI (99.9%): [725160.729, 1892517.906] (assumes normal distribution)

Secondary result "org.hestiastore.benchmark.segmentindex.SegmentIndexMixedDrainBenchmark.partitionedIngestMixed:getWorkload":
  1273034.344 ±(99.9%) 582097.857 ops/s [Average]
  (min, avg, max) = (1056221.653, 1273034.344, 1424393.861), stdev = 151168.965
  CI (99.9%): [690936.487, 1855132.200] (assumes normal distribution)

Secondary result "org.hestiastore.benchmark.segmentindex.SegmentIndexMixedDrainBenchmark.partitionedIngestMixed:putWorkload":
  35804.974 ±(99.9%) 3520.864 ops/s [Average]
  (min, avg, max) = (34619.931, 35804.974, 36922.748), stdev = 914.357
  CI (99.9%): [32284.110, 39325.838] (assumes normal distribution)


# Run complete. Total time: 00:00:18

REMEMBER: The numbers below are just data. To gain reusable insights, you need to follow up on
why the numbers are the way they are. Use profilers (see -prof, -lprof), design factorial
experiments, perform baseline and negative tests that provide experimental control, make sure
the benchmarking environment is safe on JVM/OS/HW level, ask for reviews from the domain experts.
Do not assume the numbers tell you what you want them to tell.

NOTE: Current JVM experimentally supports Compiler Blackholes, and they are in use. Please exercise
extra caution when trusting the results, look into the generated code to check the benchmark still
works, and factor in a small probability of new VM bugs. Additionally, while comparisons between
different JVMs are already problematic, the performance difference caused by different Blackhole
modes can be very significant. Please make sure you use the consistent Blackhole mode for comparisons.

Benchmark                                                           (hotKeySpace)  (workloadMode)   Mode  Cnt        Score        Error  Units
SegmentIndexMixedDrainBenchmark.partitionedIngestMixed                        256      splitHeavy  thrpt    5  1308839.318 ± 583678.588  ops/s
SegmentIndexMixedDrainBenchmark.partitionedIngestMixed:getWorkload            256      splitHeavy  thrpt    5  1273034.344 ± 582097.857  ops/s
SegmentIndexMixedDrainBenchmark.partitionedIngestMixed:putWorkload            256      splitHeavy  thrpt    5    35804.974 ±   3520.864  ops/s

Benchmark result is saved to /home/runner/work/_temp/benchmark-results/candidate/raw/segment-index-mixed-split-heavy.json
