# JMH version: 1.37
# VM version: JDK 21.0.12.1, OpenJDK 64-Bit Server VM, 21.0.12.1+1-LTS
# VM invoker: /usr/lib/jvm/temurin-21-jdk-amd64/bin/java
# VM options: <none>
# Blackhole mode: compiler (auto-detected, use -Djmh.blackhole.autoDetect=false to disable)
# Warmup: 2 iterations, 2 s each
# Measurement: 5 iterations, 2 s each
# Timeout: 10 min per iteration
# Threads: 20 threads, will synchronize iterations
# Benchmark mode: Throughput, ops/time
# Benchmark: org.hestiastore.benchmark.segmentindex.SegmentIndexHotRoutePutBenchmark.putHotRoute
# Parameters: (contextLogging = false)

# Run progress: 0.00% complete, ETA 00:00:28
# Fork: 1 of 1
# Warmup Iteration   1: 3602125.257 ops/s
# Warmup Iteration   2: 4296026.144 ops/s
Iteration   1: 4343075.837 ops/s
Iteration   2: 4237547.283 ops/s
Iteration   3: 4345328.234 ops/s
Iteration   4: 4459573.426 ops/s
Iteration   5: 4444247.725 ops/s


Result "org.hestiastore.benchmark.segmentindex.SegmentIndexHotRoutePutBenchmark.putHotRoute":
  4365954.501 ±(99.9%) 346192.067 ops/s [Average]
  (min, avg, max) = (4237547.283, 4365954.501, 4459573.426), stdev = 89904.980
  CI (99.9%): [4019762.434, 4712146.568] (assumes normal distribution)


# JMH version: 1.37
# VM version: JDK 21.0.12.1, OpenJDK 64-Bit Server VM, 21.0.12.1+1-LTS
# VM invoker: /usr/lib/jvm/temurin-21-jdk-amd64/bin/java
# VM options: <none>
# Blackhole mode: compiler (auto-detected, use -Djmh.blackhole.autoDetect=false to disable)
# Warmup: 2 iterations, 2 s each
# Measurement: 5 iterations, 2 s each
# Timeout: 10 min per iteration
# Threads: 20 threads, will synchronize iterations
# Benchmark mode: Throughput, ops/time
# Benchmark: org.hestiastore.benchmark.segmentindex.SegmentIndexHotRoutePutBenchmark.putThenGetHotRoute
# Parameters: (contextLogging = false)

# Run progress: 50.00% complete, ETA 00:00:15
# Fork: 1 of 1
# Warmup Iteration   1: 1782937.200 ops/s
# Warmup Iteration   2: 2287661.894 ops/s
Iteration   1: 2275764.001 ops/s
Iteration   2: 2271583.615 ops/s
Iteration   3: 2288988.050 ops/s
Iteration   4: 2296471.497 ops/s
Iteration   5: 2253676.447 ops/s


Result "org.hestiastore.benchmark.segmentindex.SegmentIndexHotRoutePutBenchmark.putThenGetHotRoute":
  2277296.722 ±(99.9%) 63776.283 ops/s [Average]
  (min, avg, max) = (2253676.447, 2277296.722, 2296471.497), stdev = 16562.498
  CI (99.9%): [2213520.439, 2341073.005] (assumes normal distribution)


# Run complete. Total time: 00:00:31

REMEMBER: The numbers below are just data. To gain reusable insights, you need to follow up on
why the numbers are the way they are. Use profilers (see -prof, -lprof), design factorial
experiments, perform baseline and negative tests that provide experimental control, make sure
the benchmarking environment is safe on JVM/OS/HW level, ask for reviews from the domain experts.
Do not assume the numbers tell you what you want them to tell.

NOTE: Current JVM experimentally supports Compiler Blackholes, and they are in use. Please exercise
extra caution when trusting the results, look into the generated code to check the benchmark still
works, and factor in a small probability of new VM bugs. Additionally, while comparisons between
different JVMs are already problematic, the performance difference caused by different Blackhole
modes can be very significant. Please make sure you use the consistent Blackhole mode for comparisons.

Benchmark                                            (contextLogging)   Mode  Cnt        Score        Error  Units
SegmentIndexHotRoutePutBenchmark.putHotRoute                    false  thrpt    5  4365954.501 ± 346192.067  ops/s
SegmentIndexHotRoutePutBenchmark.putThenGetHotRoute             false  thrpt    5  2277296.722 ±  63776.283  ops/s

Benchmark result is saved to /home/runner/work/_temp/benchmark-results/candidate/raw/segment-index-hot-route-put.json
