# JMH version: 1.37
# VM version: JDK 21.0.11, OpenJDK 64-Bit Server VM, 21.0.11+10-LTS
# VM invoker: /usr/lib/jvm/temurin-21-jdk-amd64/bin/java
# VM options: <none>
# Blackhole mode: compiler (auto-detected, use -Djmh.blackhole.autoDetect=false to disable)
# Warmup: 2 iterations, 2 s each
# Measurement: 5 iterations, 2 s each
# Timeout: 10 min per iteration
# Threads: 20 threads (1 group; 4x "getWorkload", 16x "putWorkload" in each group), will synchronize iterations
# Benchmark mode: Throughput, ops/time
# Benchmark: org.hestiastore.benchmark.segmentindex.SegmentIndexMixedDrainBenchmark.partitionedIngestMixed
# Parameters: (hotKeySpace = 256, workloadMode = drainOnly)

# Run progress: 0.00% complete, ETA 00:00:14
# Fork: 1 of 1
# Warmup Iteration   1: 542735.736 ops/s
# Warmup Iteration   2: 570386.208 ops/s
Iteration   1: 517111.150 ops/s
                 getWorkload: 287040.663 ops/s
                 putWorkload: 230070.487 ops/s

Iteration   2: 540447.614 ops/s
                 getWorkload: 298277.179 ops/s
                 putWorkload: 242170.435 ops/s

Iteration   3: 519781.053 ops/s
                 getWorkload: 273926.344 ops/s
                 putWorkload: 245854.709 ops/s

Iteration   4: 524837.123 ops/s
                 getWorkload: 266288.264 ops/s
                 putWorkload: 258548.858 ops/s

Iteration   5: 530746.982 ops/s
                 getWorkload: 283100.211 ops/s
                 putWorkload: 247646.772 ops/s



Result "org.hestiastore.benchmark.segmentindex.SegmentIndexMixedDrainBenchmark.partitionedIngestMixed":
  526584.784 ±(99.9%) 35947.198 ops/s [Average]
  (min, avg, max) = (517111.150, 526584.784, 540447.614), stdev = 9335.373
  CI (99.9%): [490637.587, 562531.982] (assumes normal distribution)

Secondary result "org.hestiastore.benchmark.segmentindex.SegmentIndexMixedDrainBenchmark.partitionedIngestMixed:getWorkload":
  281726.532 ±(99.9%) 47287.488 ops/s [Average]
  (min, avg, max) = (266288.264, 281726.532, 298277.179), stdev = 12280.410
  CI (99.9%): [234439.044, 329014.020] (assumes normal distribution)

Secondary result "org.hestiastore.benchmark.segmentindex.SegmentIndexMixedDrainBenchmark.partitionedIngestMixed:putWorkload":
  244858.252 ±(99.9%) 39556.057 ops/s [Average]
  (min, avg, max) = (230070.487, 244858.252, 258548.858), stdev = 10272.582
  CI (99.9%): [205302.195, 284414.310] (assumes normal distribution)


# Run complete. Total time: 00:00:15

REMEMBER: The numbers below are just data. To gain reusable insights, you need to follow up on
why the numbers are the way they are. Use profilers (see -prof, -lprof), design factorial
experiments, perform baseline and negative tests that provide experimental control, make sure
the benchmarking environment is safe on JVM/OS/HW level, ask for reviews from the domain experts.
Do not assume the numbers tell you what you want them to tell.

NOTE: Current JVM experimentally supports Compiler Blackholes, and they are in use. Please exercise
extra caution when trusting the results, look into the generated code to check the benchmark still
works, and factor in a small probability of new VM bugs. Additionally, while comparisons between
different JVMs are already problematic, the performance difference caused by different Blackhole
modes can be very significant. Please make sure you use the consistent Blackhole mode for comparisons.

Benchmark                                                           (hotKeySpace)  (workloadMode)   Mode  Cnt       Score       Error  Units
SegmentIndexMixedDrainBenchmark.partitionedIngestMixed                        256       drainOnly  thrpt    5  526584.784 ± 35947.198  ops/s
SegmentIndexMixedDrainBenchmark.partitionedIngestMixed:getWorkload            256       drainOnly  thrpt    5  281726.532 ± 47287.488  ops/s
SegmentIndexMixedDrainBenchmark.partitionedIngestMixed:putWorkload            256       drainOnly  thrpt    5  244858.252 ± 39556.057  ops/s

Benchmark result is saved to /home/runner/work/_temp/benchmark-results/candidate/raw/segment-index-mixed-drain.json
