# JMH version: 1.37
# VM version: JDK 21.0.11, OpenJDK 64-Bit Server VM, 21.0.11+10-LTS
# VM invoker: /usr/lib/jvm/temurin-21-jdk-amd64/bin/java
# VM options: <none>
# Blackhole mode: compiler (auto-detected, use -Djmh.blackhole.autoDetect=false to disable)
# Warmup: 2 iterations, 2 s each
# Measurement: 5 iterations, 2 s each
# Timeout: 10 min per iteration
# Threads: 20 threads (1 group; 4x "getWorkload", 16x "putWorkload" in each group), will synchronize iterations
# Benchmark mode: Throughput, ops/time
# Benchmark: org.hestiastore.benchmark.segmentindex.SegmentIndexMixedDrainBenchmark.partitionedIngestMixed
# Parameters: (hotKeySpace = 256, workloadMode = splitHeavy)

# Run progress: 0.00% complete, ETA 00:00:14
# Fork: 1 of 1
# Warmup Iteration   1: SLF4J(W): No SLF4J providers were found.
SLF4J(W): Defaulting to no-operation (NOP) logger implementation
SLF4J(W): See https://www.slf4j.org/codes.html#noProviders for further details.
313084.125 ops/s
# Warmup Iteration   2: 641148.479 ops/s
Iteration   1: 821717.236 ops/s
                 getWorkload: 804359.885 ops/s
                 putWorkload: 17357.351 ops/s

Iteration   2: 947367.956 ops/s
                 getWorkload: 930808.794 ops/s
                 putWorkload: 16559.162 ops/s

Iteration   3: 862943.355 ops/s
                 getWorkload: 847744.426 ops/s
                 putWorkload: 15198.929 ops/s

Iteration   4: 936295.163 ops/s
                 getWorkload: 919165.955 ops/s
                 putWorkload: 17129.209 ops/s

Iteration   5: 963322.551 ops/s
                 getWorkload: 947006.797 ops/s
                 putWorkload: 16315.755 ops/s



Result "org.hestiastore.benchmark.segmentindex.SegmentIndexMixedDrainBenchmark.partitionedIngestMixed":
  906329.252 ±(99.9%) 234793.756 ops/s [Average]
  (min, avg, max) = (821717.236, 906329.252, 963322.551), stdev = 60975.193
  CI (99.9%): [671535.497, 1141123.008] (assumes normal distribution)

Secondary result "org.hestiastore.benchmark.segmentindex.SegmentIndexMixedDrainBenchmark.partitionedIngestMixed:getWorkload":
  889817.171 ±(99.9%) 234900.178 ops/s [Average]
  (min, avg, max) = (804359.885, 889817.171, 947006.797), stdev = 61002.830
  CI (99.9%): [654916.994, 1124717.349] (assumes normal distribution)

Secondary result "org.hestiastore.benchmark.segmentindex.SegmentIndexMixedDrainBenchmark.partitionedIngestMixed:putWorkload":
  16512.081 ±(99.9%) 3256.275 ops/s [Average]
  (min, avg, max) = (15198.929, 16512.081, 17357.351), stdev = 845.644
  CI (99.9%): [13255.806, 19768.356] (assumes normal distribution)


# Run complete. Total time: 00:00:18

REMEMBER: The numbers below are just data. To gain reusable insights, you need to follow up on
why the numbers are the way they are. Use profilers (see -prof, -lprof), design factorial
experiments, perform baseline and negative tests that provide experimental control, make sure
the benchmarking environment is safe on JVM/OS/HW level, ask for reviews from the domain experts.
Do not assume the numbers tell you what you want them to tell.

NOTE: Current JVM experimentally supports Compiler Blackholes, and they are in use. Please exercise
extra caution when trusting the results, look into the generated code to check the benchmark still
works, and factor in a small probability of new VM bugs. Additionally, while comparisons between
different JVMs are already problematic, the performance difference caused by different Blackhole
modes can be very significant. Please make sure you use the consistent Blackhole mode for comparisons.

Benchmark                                                           (hotKeySpace)  (workloadMode)   Mode  Cnt       Score        Error  Units
SegmentIndexMixedDrainBenchmark.partitionedIngestMixed                        256      splitHeavy  thrpt    5  906329.252 ± 234793.756  ops/s
SegmentIndexMixedDrainBenchmark.partitionedIngestMixed:getWorkload            256      splitHeavy  thrpt    5  889817.171 ± 234900.178  ops/s
SegmentIndexMixedDrainBenchmark.partitionedIngestMixed:putWorkload            256      splitHeavy  thrpt    5   16512.081 ±   3256.275  ops/s

Benchmark result is saved to /home/runner/work/_temp/benchmark-results/candidate/raw/segment-index-mixed-split-heavy.json
