# JMH version: 1.37
# VM version: JDK 21.0.11, OpenJDK 64-Bit Server VM, 21.0.11+10-LTS
# VM invoker: /usr/lib/jvm/temurin-21-jdk-amd64/bin/java
# VM options: <none>
# Blackhole mode: compiler (auto-detected, use -Djmh.blackhole.autoDetect=false to disable)
# Warmup: 2 iterations, 2 s each
# Measurement: 5 iterations, 2 s each
# Timeout: 10 min per iteration
# Threads: 20 threads (1 group; 4x "getWorkload", 16x "putWorkload" in each group), will synchronize iterations
# Benchmark mode: Throughput, ops/time
# Benchmark: org.hestiastore.benchmark.segmentindex.SegmentIndexMixedDrainBenchmark.partitionedIngestMixed
# Parameters: (hotKeySpace = 256, workloadMode = drainOnly)

# Run progress: 0.00% complete, ETA 00:00:14
# Fork: 1 of 1
# Warmup Iteration   1: 521194.448 ops/s
# Warmup Iteration   2: 547008.204 ops/s
Iteration   1: 506868.918 ops/s
                 getWorkload: 269343.598 ops/s
                 putWorkload: 237525.320 ops/s

Iteration   2: 510970.362 ops/s
                 getWorkload: 257970.124 ops/s
                 putWorkload: 253000.239 ops/s

Iteration   3: 524335.412 ops/s
                 getWorkload: 280094.125 ops/s
                 putWorkload: 244241.287 ops/s

Iteration   4: 508133.610 ops/s
                 getWorkload: 251927.668 ops/s
                 putWorkload: 256205.942 ops/s

Iteration   5: 546497.868 ops/s
                 getWorkload: 300448.371 ops/s
                 putWorkload: 246049.497 ops/s



Result "org.hestiastore.benchmark.segmentindex.SegmentIndexMixedDrainBenchmark.partitionedIngestMixed":
  519361.234 ±(99.9%) 64251.071 ops/s [Average]
  (min, avg, max) = (506868.918, 519361.234, 546497.868), stdev = 16685.799
  CI (99.9%): [455110.163, 583612.305] (assumes normal distribution)

Secondary result "org.hestiastore.benchmark.segmentindex.SegmentIndexMixedDrainBenchmark.partitionedIngestMixed:getWorkload":
  271956.777 ±(99.9%) 74108.835 ops/s [Average]
  (min, avg, max) = (251927.668, 271956.777, 300448.371), stdev = 19245.829
  CI (99.9%): [197847.942, 346065.612] (assumes normal distribution)

Secondary result "org.hestiastore.benchmark.segmentindex.SegmentIndexMixedDrainBenchmark.partitionedIngestMixed:putWorkload":
  247404.457 ±(99.9%) 28441.237 ops/s [Average]
  (min, avg, max) = (237525.320, 247404.457, 256205.942), stdev = 7386.099
  CI (99.9%): [218963.220, 275845.694] (assumes normal distribution)


# Run complete. Total time: 00:00:15

REMEMBER: The numbers below are just data. To gain reusable insights, you need to follow up on
why the numbers are the way they are. Use profilers (see -prof, -lprof), design factorial
experiments, perform baseline and negative tests that provide experimental control, make sure
the benchmarking environment is safe on JVM/OS/HW level, ask for reviews from the domain experts.
Do not assume the numbers tell you what you want them to tell.

NOTE: Current JVM experimentally supports Compiler Blackholes, and they are in use. Please exercise
extra caution when trusting the results, look into the generated code to check the benchmark still
works, and factor in a small probability of new VM bugs. Additionally, while comparisons between
different JVMs are already problematic, the performance difference caused by different Blackhole
modes can be very significant. Please make sure you use the consistent Blackhole mode for comparisons.

Benchmark                                                           (hotKeySpace)  (workloadMode)   Mode  Cnt       Score       Error  Units
SegmentIndexMixedDrainBenchmark.partitionedIngestMixed                        256       drainOnly  thrpt    5  519361.234 ± 64251.071  ops/s
SegmentIndexMixedDrainBenchmark.partitionedIngestMixed:getWorkload            256       drainOnly  thrpt    5  271956.777 ± 74108.835  ops/s
SegmentIndexMixedDrainBenchmark.partitionedIngestMixed:putWorkload            256       drainOnly  thrpt    5  247404.457 ± 28441.237  ops/s

Benchmark result is saved to /home/runner/work/_temp/benchmark-results/candidate/raw/segment-index-mixed-drain.json
