# JMH version: 1.37
# VM version: JDK 21.0.12.1, OpenJDK 64-Bit Server VM, 21.0.12.1+1-LTS
# VM invoker: /usr/lib/jvm/temurin-21-jdk-amd64/bin/java
# VM options: <none>
# Blackhole mode: compiler (auto-detected, use -Djmh.blackhole.autoDetect=false to disable)
# Warmup: 2 iterations, 2 s each
# Measurement: 5 iterations, 2 s each
# Timeout: 10 min per iteration
# Threads: 20 threads (1 group; 4x "getWorkload", 16x "putWorkload" in each group), will synchronize iterations
# Benchmark mode: Throughput, ops/time
# Benchmark: org.hestiastore.benchmark.segmentindex.SegmentIndexMixedDrainBenchmark.partitionedIngestMixed
# Parameters: (hotKeySpace = 256, workloadMode = splitHeavy)

# Run progress: 0.00% complete, ETA 00:00:14
# Fork: 1 of 1
# Warmup Iteration   1: 420955.684 ops/s
# Warmup Iteration   2: 948848.241 ops/s
Iteration   1: 1091408.770 ops/s
                 getWorkload: 1059527.321 ops/s
                 putWorkload: 31881.448 ops/s

Iteration   2: 1187371.100 ops/s
                 getWorkload: 1151351.490 ops/s
                 putWorkload: 36019.610 ops/s

Iteration   3: 1182757.755 ops/s
                 getWorkload: 1143815.273 ops/s
                 putWorkload: 38942.483 ops/s

Iteration   4: 1252943.292 ops/s
                 getWorkload: 1216542.550 ops/s
                 putWorkload: 36400.742 ops/s

Iteration   5: 1350654.210 ops/s
                 getWorkload: 1316153.399 ops/s
                 putWorkload: 34500.812 ops/s



Result "org.hestiastore.benchmark.segmentindex.SegmentIndexMixedDrainBenchmark.partitionedIngestMixed":
  1213027.025 ±(99.9%) 369842.300 ops/s [Average]
  (min, avg, max) = (1091408.770, 1213027.025, 1350654.210), stdev = 96046.871
  CI (99.9%): [843184.725, 1582869.326] (assumes normal distribution)

Secondary result "org.hestiastore.benchmark.segmentindex.SegmentIndexMixedDrainBenchmark.partitionedIngestMixed:getWorkload":
  1177478.007 ±(99.9%) 367756.864 ops/s [Average]
  (min, avg, max) = (1059527.321, 1177478.007, 1316153.399), stdev = 95505.290
  CI (99.9%): [809721.142, 1545234.871] (assumes normal distribution)

Secondary result "org.hestiastore.benchmark.segmentindex.SegmentIndexMixedDrainBenchmark.partitionedIngestMixed:putWorkload":
  35549.019 ±(99.9%) 10006.544 ops/s [Average]
  (min, avg, max) = (31881.448, 35549.019, 38942.483), stdev = 2598.668
  CI (99.9%): [25542.475, 45555.563] (assumes normal distribution)


# Run complete. Total time: 00:00:19

REMEMBER: The numbers below are just data. To gain reusable insights, you need to follow up on
why the numbers are the way they are. Use profilers (see -prof, -lprof), design factorial
experiments, perform baseline and negative tests that provide experimental control, make sure
the benchmarking environment is safe on JVM/OS/HW level, ask for reviews from the domain experts.
Do not assume the numbers tell you what you want them to tell.

NOTE: Current JVM experimentally supports Compiler Blackholes, and they are in use. Please exercise
extra caution when trusting the results, look into the generated code to check the benchmark still
works, and factor in a small probability of new VM bugs. Additionally, while comparisons between
different JVMs are already problematic, the performance difference caused by different Blackhole
modes can be very significant. Please make sure you use the consistent Blackhole mode for comparisons.

Benchmark                                                           (hotKeySpace)  (workloadMode)   Mode  Cnt        Score        Error  Units
SegmentIndexMixedDrainBenchmark.partitionedIngestMixed                        256      splitHeavy  thrpt    5  1213027.025 ± 369842.300  ops/s
SegmentIndexMixedDrainBenchmark.partitionedIngestMixed:getWorkload            256      splitHeavy  thrpt    5  1177478.007 ± 367756.864  ops/s
SegmentIndexMixedDrainBenchmark.partitionedIngestMixed:putWorkload            256      splitHeavy  thrpt    5    35549.019 ±  10006.544  ops/s

Benchmark result is saved to /home/runner/work/_temp/benchmark-results/candidate/raw/segment-index-mixed-split-heavy.json
