# JMH version: 1.37
# VM version: JDK 21.0.12, OpenJDK 64-Bit Server VM, 21.0.12+8-LTS
# VM invoker: /usr/lib/jvm/temurin-21-jdk-amd64/bin/java
# VM options: <none>
# Blackhole mode: compiler (auto-detected, use -Djmh.blackhole.autoDetect=false to disable)
# Warmup: 2 iterations, 2 s each
# Measurement: 5 iterations, 2 s each
# Timeout: 10 min per iteration
# Threads: 20 threads (1 group; 4x "getWorkload", 16x "putWorkload" in each group), will synchronize iterations
# Benchmark mode: Throughput, ops/time
# Benchmark: org.hestiastore.benchmark.segmentindex.SegmentIndexMixedDrainBenchmark.partitionedIngestMixed
# Parameters: (hotKeySpace = 256, workloadMode = drainOnly)

# Run progress: 0.00% complete, ETA 00:00:14
# Fork: 1 of 1
# Warmup Iteration   1: 490835.819 ops/s
# Warmup Iteration   2: 545404.747 ops/s
Iteration   1: 521502.576 ops/s
                 getWorkload: 256070.727 ops/s
                 putWorkload: 265431.849 ops/s

Iteration   2: 531306.569 ops/s
                 getWorkload: 249103.063 ops/s
                 putWorkload: 282203.506 ops/s

Iteration   3: 556294.965 ops/s
                 getWorkload: 280443.421 ops/s
                 putWorkload: 275851.544 ops/s

Iteration   4: 570159.859 ops/s
                 getWorkload: 282651.653 ops/s
                 putWorkload: 287508.206 ops/s

Iteration   5: 545004.215 ops/s
                 getWorkload: 246679.200 ops/s
                 putWorkload: 298325.015 ops/s



Result "org.hestiastore.benchmark.segmentindex.SegmentIndexMixedDrainBenchmark.partitionedIngestMixed":
  544853.637 ±(99.9%) 74570.546 ops/s [Average]
  (min, avg, max) = (521502.576, 544853.637, 570159.859), stdev = 19365.734
  CI (99.9%): [470283.091, 619424.183] (assumes normal distribution)

Secondary result "org.hestiastore.benchmark.segmentindex.SegmentIndexMixedDrainBenchmark.partitionedIngestMixed:getWorkload":
  262989.613 ±(99.9%) 66638.618 ops/s [Average]
  (min, avg, max) = (246679.200, 262989.613, 282651.653), stdev = 17305.837
  CI (99.9%): [196350.995, 329628.231] (assumes normal distribution)

Secondary result "org.hestiastore.benchmark.segmentindex.SegmentIndexMixedDrainBenchmark.partitionedIngestMixed:putWorkload":
  281864.024 ±(99.9%) 47516.952 ops/s [Average]
  (min, avg, max) = (265431.849, 281864.024, 298325.015), stdev = 12340.002
  CI (99.9%): [234347.072, 329380.976] (assumes normal distribution)


# Run complete. Total time: 00:00:15

REMEMBER: The numbers below are just data. To gain reusable insights, you need to follow up on
why the numbers are the way they are. Use profilers (see -prof, -lprof), design factorial
experiments, perform baseline and negative tests that provide experimental control, make sure
the benchmarking environment is safe on JVM/OS/HW level, ask for reviews from the domain experts.
Do not assume the numbers tell you what you want them to tell.

NOTE: Current JVM experimentally supports Compiler Blackholes, and they are in use. Please exercise
extra caution when trusting the results, look into the generated code to check the benchmark still
works, and factor in a small probability of new VM bugs. Additionally, while comparisons between
different JVMs are already problematic, the performance difference caused by different Blackhole
modes can be very significant. Please make sure you use the consistent Blackhole mode for comparisons.

Benchmark                                                           (hotKeySpace)  (workloadMode)   Mode  Cnt       Score       Error  Units
SegmentIndexMixedDrainBenchmark.partitionedIngestMixed                        256       drainOnly  thrpt    5  544853.637 ± 74570.546  ops/s
SegmentIndexMixedDrainBenchmark.partitionedIngestMixed:getWorkload            256       drainOnly  thrpt    5  262989.613 ± 66638.618  ops/s
SegmentIndexMixedDrainBenchmark.partitionedIngestMixed:putWorkload            256       drainOnly  thrpt    5  281864.024 ± 47516.952  ops/s

Benchmark result is saved to /home/runner/work/_temp/benchmark-results/candidate/raw/segment-index-mixed-drain.json
