# JMH version: 1.37
# VM version: JDK 21.0.12, OpenJDK 64-Bit Server VM, 21.0.12+8-LTS
# VM invoker: /usr/lib/jvm/temurin-21-jdk-amd64/bin/java
# VM options: <none>
# Blackhole mode: compiler (auto-detected, use -Djmh.blackhole.autoDetect=false to disable)
# Warmup: 2 iterations, 2 s each
# Measurement: 5 iterations, 2 s each
# Timeout: 10 min per iteration
# Threads: 20 threads (1 group; 4x "getWorkload", 16x "putWorkload" in each group), will synchronize iterations
# Benchmark mode: Throughput, ops/time
# Benchmark: org.hestiastore.benchmark.segmentindex.SegmentIndexMixedDrainBenchmark.partitionedIngestMixed
# Parameters: (hotKeySpace = 256, workloadMode = splitHeavy)

# Run progress: 0.00% complete, ETA 00:00:14
# Fork: 1 of 1
# Warmup Iteration   1: 328518.598 ops/s
# Warmup Iteration   2: 822772.307 ops/s
Iteration   1: 1131692.746 ops/s
                 getWorkload: 1110078.198 ops/s
                 putWorkload: 21614.548 ops/s

Iteration   2: 1243880.081 ops/s
                 getWorkload: 1223396.801 ops/s
                 putWorkload: 20483.280 ops/s

Iteration   3: 1258578.250 ops/s
                 getWorkload: 1237457.951 ops/s
                 putWorkload: 21120.299 ops/s

Iteration   4: 1369539.968 ops/s
                 getWorkload: 1348293.992 ops/s
                 putWorkload: 21245.976 ops/s

Iteration   5: 1301498.655 ops/s
                 getWorkload: 1279247.006 ops/s
                 putWorkload: 22251.650 ops/s



Result "org.hestiastore.benchmark.segmentindex.SegmentIndexMixedDrainBenchmark.partitionedIngestMixed":
  1261037.940 ±(99.9%) 335914.234 ops/s [Average]
  (min, avg, max) = (1131692.746, 1261037.940, 1369539.968), stdev = 87235.860
  CI (99.9%): [925123.706, 1596952.174] (assumes normal distribution)

Secondary result "org.hestiastore.benchmark.segmentindex.SegmentIndexMixedDrainBenchmark.partitionedIngestMixed:getWorkload":
  1239694.790 ±(99.9%) 335852.830 ops/s [Average]
  (min, avg, max) = (1110078.198, 1239694.790, 1348293.992), stdev = 87219.913
  CI (99.9%): [903841.959, 1575547.620] (assumes normal distribution)

Secondary result "org.hestiastore.benchmark.segmentindex.SegmentIndexMixedDrainBenchmark.partitionedIngestMixed:putWorkload":
  21343.151 ±(99.9%) 2508.473 ops/s [Average]
  (min, avg, max) = (20483.280, 21343.151, 22251.650), stdev = 651.442
  CI (99.9%): [18834.678, 23851.624] (assumes normal distribution)


# Run complete. Total time: 00:00:18

REMEMBER: The numbers below are just data. To gain reusable insights, you need to follow up on
why the numbers are the way they are. Use profilers (see -prof, -lprof), design factorial
experiments, perform baseline and negative tests that provide experimental control, make sure
the benchmarking environment is safe on JVM/OS/HW level, ask for reviews from the domain experts.
Do not assume the numbers tell you what you want them to tell.

NOTE: Current JVM experimentally supports Compiler Blackholes, and they are in use. Please exercise
extra caution when trusting the results, look into the generated code to check the benchmark still
works, and factor in a small probability of new VM bugs. Additionally, while comparisons between
different JVMs are already problematic, the performance difference caused by different Blackhole
modes can be very significant. Please make sure you use the consistent Blackhole mode for comparisons.

Benchmark                                                           (hotKeySpace)  (workloadMode)   Mode  Cnt        Score        Error  Units
SegmentIndexMixedDrainBenchmark.partitionedIngestMixed                        256      splitHeavy  thrpt    5  1261037.940 ± 335914.234  ops/s
SegmentIndexMixedDrainBenchmark.partitionedIngestMixed:getWorkload            256      splitHeavy  thrpt    5  1239694.790 ± 335852.830  ops/s
SegmentIndexMixedDrainBenchmark.partitionedIngestMixed:putWorkload            256      splitHeavy  thrpt    5    21343.151 ±   2508.473  ops/s

Benchmark result is saved to /home/runner/work/_temp/benchmark-results/candidate/raw/segment-index-mixed-split-heavy.json
