# JMH version: 1.37
# VM version: JDK 21.0.12.1, OpenJDK 64-Bit Server VM, 21.0.12.1+1-LTS
# VM invoker: /usr/lib/jvm/temurin-21-jdk-amd64/bin/java
# VM options: <none>
# Blackhole mode: compiler (auto-detected, use -Djmh.blackhole.autoDetect=false to disable)
# Warmup: 2 iterations, 2 s each
# Measurement: 5 iterations, 2 s each
# Timeout: 10 min per iteration
# Threads: 20 threads (1 group; 4x "getWorkload", 16x "putWorkload" in each group), will synchronize iterations
# Benchmark mode: Throughput, ops/time
# Benchmark: org.hestiastore.benchmark.segmentindex.SegmentIndexMixedDrainBenchmark.partitionedIngestMixed
# Parameters: (hotKeySpace = 256, workloadMode = drainOnly)

# Run progress: 0.00% complete, ETA 00:00:14
# Fork: 1 of 1
# Warmup Iteration   1: 495139.349 ops/s
# Warmup Iteration   2: 537352.241 ops/s
Iteration   1: 556976.816 ops/s
                 getWorkload: 285577.995 ops/s
                 putWorkload: 271398.821 ops/s

Iteration   2: 548028.129 ops/s
                 getWorkload: 261966.355 ops/s
                 putWorkload: 286061.775 ops/s

Iteration   3: 604090.473 ops/s
                 getWorkload: 312411.529 ops/s
                 putWorkload: 291678.945 ops/s

Iteration   4: 570351.378 ops/s
                 getWorkload: 273085.234 ops/s
                 putWorkload: 297266.144 ops/s

Iteration   5: 573932.629 ops/s
                 getWorkload: 261558.303 ops/s
                 putWorkload: 312374.327 ops/s



Result "org.hestiastore.benchmark.segmentindex.SegmentIndexMixedDrainBenchmark.partitionedIngestMixed":
  570675.885 ±(99.9%) 82313.577 ops/s [Average]
  (min, avg, max) = (548028.129, 570675.885, 604090.473), stdev = 21376.575
  CI (99.9%): [488362.308, 652989.462] (assumes normal distribution)

Secondary result "org.hestiastore.benchmark.segmentindex.SegmentIndexMixedDrainBenchmark.partitionedIngestMixed:getWorkload":
  278919.883 ±(99.9%) 81432.482 ops/s [Average]
  (min, avg, max) = (261558.303, 278919.883, 312411.529), stdev = 21147.757
  CI (99.9%): [197487.401, 360352.365] (assumes normal distribution)

Secondary result "org.hestiastore.benchmark.segmentindex.SegmentIndexMixedDrainBenchmark.partitionedIngestMixed:putWorkload":
  291756.002 ±(99.9%) 57834.120 ops/s [Average]
  (min, avg, max) = (271398.821, 291756.002, 312374.327), stdev = 15019.337
  CI (99.9%): [233921.882, 349590.122] (assumes normal distribution)


# Run complete. Total time: 00:00:15

REMEMBER: The numbers below are just data. To gain reusable insights, you need to follow up on
why the numbers are the way they are. Use profilers (see -prof, -lprof), design factorial
experiments, perform baseline and negative tests that provide experimental control, make sure
the benchmarking environment is safe on JVM/OS/HW level, ask for reviews from the domain experts.
Do not assume the numbers tell you what you want them to tell.

NOTE: Current JVM experimentally supports Compiler Blackholes, and they are in use. Please exercise
extra caution when trusting the results, look into the generated code to check the benchmark still
works, and factor in a small probability of new VM bugs. Additionally, while comparisons between
different JVMs are already problematic, the performance difference caused by different Blackhole
modes can be very significant. Please make sure you use the consistent Blackhole mode for comparisons.

Benchmark                                                           (hotKeySpace)  (workloadMode)   Mode  Cnt       Score       Error  Units
SegmentIndexMixedDrainBenchmark.partitionedIngestMixed                        256       drainOnly  thrpt    5  570675.885 ± 82313.577  ops/s
SegmentIndexMixedDrainBenchmark.partitionedIngestMixed:getWorkload            256       drainOnly  thrpt    5  278919.883 ± 81432.482  ops/s
SegmentIndexMixedDrainBenchmark.partitionedIngestMixed:putWorkload            256       drainOnly  thrpt    5  291756.002 ± 57834.120  ops/s

Benchmark result is saved to /home/runner/work/_temp/benchmark-results/candidate/raw/segment-index-mixed-drain.json
