# JMH version: 1.37
# VM version: JDK 21.0.12.1, OpenJDK 64-Bit Server VM, 21.0.12.1+1-LTS
# VM invoker: /usr/lib/jvm/temurin-21-jdk-amd64/bin/java
# VM options: <none>
# Blackhole mode: compiler (auto-detected, use -Djmh.blackhole.autoDetect=false to disable)
# Warmup: 2 iterations, 2 s each
# Measurement: 5 iterations, 2 s each
# Timeout: 10 min per iteration
# Threads: 20 threads (1 group; 4x "getWorkload", 16x "putWorkload" in each group), will synchronize iterations
# Benchmark mode: Throughput, ops/time
# Benchmark: org.hestiastore.benchmark.segmentindex.SegmentIndexMixedDrainBenchmark.partitionedIngestMixed
# Parameters: (hotKeySpace = 256, workloadMode = splitHeavy)

# Run progress: 0.00% complete, ETA 00:00:14
# Fork: 1 of 1
# Warmup Iteration   1: 343261.906 ops/s
# Warmup Iteration   2: 925946.060 ops/s
Iteration   1: 1030833.741 ops/s
                 getWorkload: 995716.243 ops/s
                 putWorkload: 35117.498 ops/s

Iteration   2: 1225196.738 ops/s
                 getWorkload: 1188554.043 ops/s
                 putWorkload: 36642.695 ops/s

Iteration   3: 1309384.925 ops/s
                 getWorkload: 1275402.105 ops/s
                 putWorkload: 33982.819 ops/s

Iteration   4: 1263096.491 ops/s
                 getWorkload: 1225184.090 ops/s
                 putWorkload: 37912.401 ops/s

Iteration   5: 1290859.193 ops/s
                 getWorkload: 1256631.294 ops/s
                 putWorkload: 34227.899 ops/s



Result "org.hestiastore.benchmark.segmentindex.SegmentIndexMixedDrainBenchmark.partitionedIngestMixed":
  1223874.217 ±(99.9%) 433106.853 ops/s [Average]
  (min, avg, max) = (1030833.741, 1223874.217, 1309384.925), stdev = 112476.474
  CI (99.9%): [790767.364, 1656981.071] (assumes normal distribution)

Secondary result "org.hestiastore.benchmark.segmentindex.SegmentIndexMixedDrainBenchmark.partitionedIngestMixed:getWorkload":
  1188297.555 ±(99.9%) 433539.358 ops/s [Average]
  (min, avg, max) = (995716.243, 1188297.555, 1275402.105), stdev = 112588.795
  CI (99.9%): [754758.197, 1621836.913] (assumes normal distribution)

Secondary result "org.hestiastore.benchmark.segmentindex.SegmentIndexMixedDrainBenchmark.partitionedIngestMixed:putWorkload":
  35576.662 ±(99.9%) 6432.544 ops/s [Average]
  (min, avg, max) = (33982.819, 35576.662, 37912.401), stdev = 1670.511
  CI (99.9%): [29144.118, 42009.206] (assumes normal distribution)


# Run complete. Total time: 00:00:18

REMEMBER: The numbers below are just data. To gain reusable insights, you need to follow up on
why the numbers are the way they are. Use profilers (see -prof, -lprof), design factorial
experiments, perform baseline and negative tests that provide experimental control, make sure
the benchmarking environment is safe on JVM/OS/HW level, ask for reviews from the domain experts.
Do not assume the numbers tell you what you want them to tell.

NOTE: Current JVM experimentally supports Compiler Blackholes, and they are in use. Please exercise
extra caution when trusting the results, look into the generated code to check the benchmark still
works, and factor in a small probability of new VM bugs. Additionally, while comparisons between
different JVMs are already problematic, the performance difference caused by different Blackhole
modes can be very significant. Please make sure you use the consistent Blackhole mode for comparisons.

Benchmark                                                           (hotKeySpace)  (workloadMode)   Mode  Cnt        Score        Error  Units
SegmentIndexMixedDrainBenchmark.partitionedIngestMixed                        256      splitHeavy  thrpt    5  1223874.217 ± 433106.853  ops/s
SegmentIndexMixedDrainBenchmark.partitionedIngestMixed:getWorkload            256      splitHeavy  thrpt    5  1188297.555 ± 433539.358  ops/s
SegmentIndexMixedDrainBenchmark.partitionedIngestMixed:putWorkload            256      splitHeavy  thrpt    5    35576.662 ±   6432.544  ops/s

Benchmark result is saved to /home/runner/work/_temp/benchmark-results/candidate/raw/segment-index-mixed-split-heavy.json
