# JMH version: 1.37
# VM version: JDK 21.0.12, OpenJDK 64-Bit Server VM, 21.0.12+8-LTS
# VM invoker: /usr/lib/jvm/temurin-21-jdk-amd64/bin/java
# VM options: <none>
# Blackhole mode: compiler (auto-detected, use -Djmh.blackhole.autoDetect=false to disable)
# Warmup: 2 iterations, 2 s each
# Measurement: 5 iterations, 2 s each
# Timeout: 10 min per iteration
# Threads: 20 threads, will synchronize iterations
# Benchmark mode: Throughput, ops/time
# Benchmark: org.hestiastore.benchmark.segmentindex.SegmentIndexHotRoutePutBenchmark.putHotRoute
# Parameters: (contextLogging = false)

# Run progress: 0.00% complete, ETA 00:00:28
# Fork: 1 of 1
# Warmup Iteration   1: 2410701.053 ops/s
# Warmup Iteration   2: 2644965.476 ops/s
Iteration   1: 2646840.408 ops/s
Iteration   2: 2634168.148 ops/s
Iteration   3: 2640234.212 ops/s
Iteration   4: 2650540.140 ops/s
Iteration   5: 2623581.883 ops/s


Result "org.hestiastore.benchmark.segmentindex.SegmentIndexHotRoutePutBenchmark.putHotRoute":
  2639072.958 ±(99.9%) 41168.077 ops/s [Average]
  (min, avg, max) = (2623581.883, 2639072.958, 2650540.140), stdev = 10691.219
  CI (99.9%): [2597904.882, 2680241.035] (assumes normal distribution)


# JMH version: 1.37
# VM version: JDK 21.0.12, OpenJDK 64-Bit Server VM, 21.0.12+8-LTS
# VM invoker: /usr/lib/jvm/temurin-21-jdk-amd64/bin/java
# VM options: <none>
# Blackhole mode: compiler (auto-detected, use -Djmh.blackhole.autoDetect=false to disable)
# Warmup: 2 iterations, 2 s each
# Measurement: 5 iterations, 2 s each
# Timeout: 10 min per iteration
# Threads: 20 threads, will synchronize iterations
# Benchmark mode: Throughput, ops/time
# Benchmark: org.hestiastore.benchmark.segmentindex.SegmentIndexHotRoutePutBenchmark.putThenGetHotRoute
# Parameters: (contextLogging = false)

# Run progress: 50.00% complete, ETA 00:00:15
# Fork: 1 of 1
# Warmup Iteration   1: 1303683.709 ops/s
# Warmup Iteration   2: 1485118.525 ops/s
Iteration   1: 1401513.646 ops/s
Iteration   2: 1400604.870 ops/s
Iteration   3: 1403417.900 ops/s
Iteration   4: 1401347.019 ops/s
Iteration   5: 1400784.622 ops/s


Result "org.hestiastore.benchmark.segmentindex.SegmentIndexHotRoutePutBenchmark.putThenGetHotRoute":
  1401533.611 ±(99.9%) 4309.154 ops/s [Average]
  (min, avg, max) = (1400604.870, 1401533.611, 1403417.900), stdev = 1119.074
  CI (99.9%): [1397224.457, 1405842.765] (assumes normal distribution)


# Run complete. Total time: 00:00:31

REMEMBER: The numbers below are just data. To gain reusable insights, you need to follow up on
why the numbers are the way they are. Use profilers (see -prof, -lprof), design factorial
experiments, perform baseline and negative tests that provide experimental control, make sure
the benchmarking environment is safe on JVM/OS/HW level, ask for reviews from the domain experts.
Do not assume the numbers tell you what you want them to tell.

NOTE: Current JVM experimentally supports Compiler Blackholes, and they are in use. Please exercise
extra caution when trusting the results, look into the generated code to check the benchmark still
works, and factor in a small probability of new VM bugs. Additionally, while comparisons between
different JVMs are already problematic, the performance difference caused by different Blackhole
modes can be very significant. Please make sure you use the consistent Blackhole mode for comparisons.

Benchmark                                            (contextLogging)   Mode  Cnt        Score       Error  Units
SegmentIndexHotRoutePutBenchmark.putHotRoute                    false  thrpt    5  2639072.958 ± 41168.077  ops/s
SegmentIndexHotRoutePutBenchmark.putThenGetHotRoute             false  thrpt    5  1401533.611 ±  4309.154  ops/s

Benchmark result is saved to /home/runner/work/_temp/benchmark-results/candidate/raw/segment-index-hot-route-put.json
