# JMH version: 1.37
# VM version: JDK 21.0.12, OpenJDK 64-Bit Server VM, 21.0.12+8-LTS
# VM invoker: /usr/lib/jvm/temurin-21-jdk-amd64/bin/java
# VM options: <none>
# Blackhole mode: compiler (auto-detected, use -Djmh.blackhole.autoDetect=false to disable)
# Warmup: 2 iterations, 2 s each
# Measurement: 5 iterations, 2 s each
# Timeout: 10 min per iteration
# Threads: 20 threads (1 group; 4x "getWorkload", 16x "putWorkload" in each group), will synchronize iterations
# Benchmark mode: Throughput, ops/time
# Benchmark: org.hestiastore.benchmark.segmentindex.SegmentIndexMixedDrainBenchmark.partitionedIngestMixed
# Parameters: (hotKeySpace = 256, workloadMode = drainOnly)

# Run progress: 0.00% complete, ETA 00:00:14
# Fork: 1 of 1
# Warmup Iteration   1: 545749.164 ops/s
# Warmup Iteration   2: 556239.466 ops/s
Iteration   1: 607003.297 ops/s
                 getWorkload: 317395.910 ops/s
                 putWorkload: 289607.387 ops/s

Iteration   2: 607128.014 ops/s
                 getWorkload: 311932.433 ops/s
                 putWorkload: 295195.581 ops/s

Iteration   3: 631809.659 ops/s
                 getWorkload: 322659.708 ops/s
                 putWorkload: 309149.951 ops/s

Iteration   4: 606158.852 ops/s
                 getWorkload: 301956.620 ops/s
                 putWorkload: 304202.232 ops/s

Iteration   5: 627840.937 ops/s
                 getWorkload: 325194.006 ops/s
                 putWorkload: 302646.931 ops/s



Result "org.hestiastore.benchmark.segmentindex.SegmentIndexMixedDrainBenchmark.partitionedIngestMixed":
  615988.152 ±(99.9%) 48959.745 ops/s [Average]
  (min, avg, max) = (606158.852, 615988.152, 631809.659), stdev = 12714.690
  CI (99.9%): [567028.406, 664947.897] (assumes normal distribution)

Secondary result "org.hestiastore.benchmark.segmentindex.SegmentIndexMixedDrainBenchmark.partitionedIngestMixed:getWorkload":
  315827.735 ±(99.9%) 35732.402 ops/s [Average]
  (min, avg, max) = (301956.620, 315827.735, 325194.006), stdev = 9279.591
  CI (99.9%): [280095.333, 351560.137] (assumes normal distribution)

Secondary result "org.hestiastore.benchmark.segmentindex.SegmentIndexMixedDrainBenchmark.partitionedIngestMixed:putWorkload":
  300160.416 ±(99.9%) 29786.341 ops/s [Average]
  (min, avg, max) = (289607.387, 300160.416, 309149.951), stdev = 7735.418
  CI (99.9%): [270374.075, 329946.758] (assumes normal distribution)


# Run complete. Total time: 00:00:15

REMEMBER: The numbers below are just data. To gain reusable insights, you need to follow up on
why the numbers are the way they are. Use profilers (see -prof, -lprof), design factorial
experiments, perform baseline and negative tests that provide experimental control, make sure
the benchmarking environment is safe on JVM/OS/HW level, ask for reviews from the domain experts.
Do not assume the numbers tell you what you want them to tell.

NOTE: Current JVM experimentally supports Compiler Blackholes, and they are in use. Please exercise
extra caution when trusting the results, look into the generated code to check the benchmark still
works, and factor in a small probability of new VM bugs. Additionally, while comparisons between
different JVMs are already problematic, the performance difference caused by different Blackhole
modes can be very significant. Please make sure you use the consistent Blackhole mode for comparisons.

Benchmark                                                           (hotKeySpace)  (workloadMode)   Mode  Cnt       Score       Error  Units
SegmentIndexMixedDrainBenchmark.partitionedIngestMixed                        256       drainOnly  thrpt    5  615988.152 ± 48959.745  ops/s
SegmentIndexMixedDrainBenchmark.partitionedIngestMixed:getWorkload            256       drainOnly  thrpt    5  315827.735 ± 35732.402  ops/s
SegmentIndexMixedDrainBenchmark.partitionedIngestMixed:putWorkload            256       drainOnly  thrpt    5  300160.416 ± 29786.341  ops/s

Benchmark result is saved to /home/runner/work/_temp/benchmark-results/candidate/raw/segment-index-mixed-drain.json
