# JMH version: 1.37
# VM version: JDK 21.0.12, OpenJDK 64-Bit Server VM, 21.0.12+8-LTS
# VM invoker: /usr/lib/jvm/temurin-21-jdk-amd64/bin/java
# VM options: <none>
# Blackhole mode: compiler (auto-detected, use -Djmh.blackhole.autoDetect=false to disable)
# Warmup: 2 iterations, 2 s each
# Measurement: 5 iterations, 2 s each
# Timeout: 10 min per iteration
# Threads: 20 threads (1 group; 4x "getWorkload", 16x "putWorkload" in each group), will synchronize iterations
# Benchmark mode: Throughput, ops/time
# Benchmark: org.hestiastore.benchmark.segmentindex.SegmentIndexMixedDrainBenchmark.partitionedIngestMixed
# Parameters: (hotKeySpace = 256, workloadMode = splitHeavy)

# Run progress: 0.00% complete, ETA 00:00:14
# Fork: 1 of 1
# Warmup Iteration   1: 673319.531 ops/s
# Warmup Iteration   2: 1174223.486 ops/s
Iteration   1: 1352540.873 ops/s
                 getWorkload: 1322073.234 ops/s
                 putWorkload: 30467.640 ops/s

Iteration   2: 1410681.256 ops/s
                 getWorkload: 1380921.813 ops/s
                 putWorkload: 29759.443 ops/s

Iteration   3: 1536083.131 ops/s
                 getWorkload: 1510439.739 ops/s
                 putWorkload: 25643.391 ops/s

Iteration   4: 1611276.573 ops/s
                 getWorkload: 1582802.029 ops/s
                 putWorkload: 28474.543 ops/s

Iteration   5: 1517792.747 ops/s
                 getWorkload: 1491254.654 ops/s
                 putWorkload: 26538.093 ops/s



Result "org.hestiastore.benchmark.segmentindex.SegmentIndexMixedDrainBenchmark.partitionedIngestMixed":
  1485674.916 ±(99.9%) 397834.331 ops/s [Average]
  (min, avg, max) = (1352540.873, 1485674.916, 1611276.573), stdev = 103316.312
  CI (99.9%): [1087840.585, 1883509.247] (assumes normal distribution)

Secondary result "org.hestiastore.benchmark.segmentindex.SegmentIndexMixedDrainBenchmark.partitionedIngestMixed:getWorkload":
  1457498.294 ±(99.9%) 403157.173 ops/s [Average]
  (min, avg, max) = (1322073.234, 1457498.294, 1582802.029), stdev = 104698.638
  CI (99.9%): [1054341.120, 1860655.467] (assumes normal distribution)

Secondary result "org.hestiastore.benchmark.segmentindex.SegmentIndexMixedDrainBenchmark.partitionedIngestMixed:putWorkload":
  28176.622 ±(99.9%) 7925.425 ops/s [Average]
  (min, avg, max) = (25643.391, 28176.622, 30467.640), stdev = 2058.208
  CI (99.9%): [20251.197, 36102.047] (assumes normal distribution)


# Run complete. Total time: 00:00:18

REMEMBER: The numbers below are just data. To gain reusable insights, you need to follow up on
why the numbers are the way they are. Use profilers (see -prof, -lprof), design factorial
experiments, perform baseline and negative tests that provide experimental control, make sure
the benchmarking environment is safe on JVM/OS/HW level, ask for reviews from the domain experts.
Do not assume the numbers tell you what you want them to tell.

NOTE: Current JVM experimentally supports Compiler Blackholes, and they are in use. Please exercise
extra caution when trusting the results, look into the generated code to check the benchmark still
works, and factor in a small probability of new VM bugs. Additionally, while comparisons between
different JVMs are already problematic, the performance difference caused by different Blackhole
modes can be very significant. Please make sure you use the consistent Blackhole mode for comparisons.

Benchmark                                                           (hotKeySpace)  (workloadMode)   Mode  Cnt        Score        Error  Units
SegmentIndexMixedDrainBenchmark.partitionedIngestMixed                        256      splitHeavy  thrpt    5  1485674.916 ± 397834.331  ops/s
SegmentIndexMixedDrainBenchmark.partitionedIngestMixed:getWorkload            256      splitHeavy  thrpt    5  1457498.294 ± 403157.173  ops/s
SegmentIndexMixedDrainBenchmark.partitionedIngestMixed:putWorkload            256      splitHeavy  thrpt    5    28176.622 ±   7925.425  ops/s

Benchmark result is saved to /home/runner/work/_temp/benchmark-results/candidate/raw/segment-index-mixed-split-heavy.json
