# JMH version: 1.37
# VM version: JDK 21.0.11, OpenJDK 64-Bit Server VM, 21.0.11+10-LTS
# VM invoker: /usr/lib/jvm/temurin-21-jdk-amd64/bin/java
# VM options: <none>
# Blackhole mode: compiler (auto-detected, use -Djmh.blackhole.autoDetect=false to disable)
# Warmup: 2 iterations, 2 s each
# Measurement: 5 iterations, 2 s each
# Timeout: 10 min per iteration
# Threads: 20 threads (1 group; 4x "getWorkload", 16x "putWorkload" in each group), will synchronize iterations
# Benchmark mode: Throughput, ops/time
# Benchmark: org.hestiastore.benchmark.segmentindex.SegmentIndexMixedDrainBenchmark.partitionedIngestMixed
# Parameters: (hotKeySpace = 256, workloadMode = splitHeavy)

# Run progress: 0.00% complete, ETA 00:00:14
# Fork: 1 of 1
# Warmup Iteration   1: 392891.823 ops/s
# Warmup Iteration   2: 928053.253 ops/s
Iteration   1: 1074838.828 ops/s
                 getWorkload: 1061955.707 ops/s
                 putWorkload: 12883.121 ops/s

Iteration   2: 1082523.072 ops/s
                 getWorkload: 1067630.473 ops/s
                 putWorkload: 14892.599 ops/s

Iteration   3: 1097100.336 ops/s
                 getWorkload: 1082012.986 ops/s
                 putWorkload: 15087.350 ops/s

Iteration   4: 1225826.834 ops/s
                 getWorkload: 1211322.043 ops/s
                 putWorkload: 14504.791 ops/s

Iteration   5: 1308127.556 ops/s
                 getWorkload: 1294427.790 ops/s
                 putWorkload: 13699.767 ops/s



Result "org.hestiastore.benchmark.segmentindex.SegmentIndexMixedDrainBenchmark.partitionedIngestMixed":
  1157683.325 ±(99.9%) 401371.115 ops/s [Average]
  (min, avg, max) = (1074838.828, 1157683.325, 1308127.556), stdev = 104234.804
  CI (99.9%): [756312.210, 1559054.440] (assumes normal distribution)

Secondary result "org.hestiastore.benchmark.segmentindex.SegmentIndexMixedDrainBenchmark.partitionedIngestMixed:getWorkload":
  1143469.800 ±(99.9%) 401859.168 ops/s [Average]
  (min, avg, max) = (1061955.707, 1143469.800, 1294427.790), stdev = 104361.550
  CI (99.9%): [741610.631, 1545328.968] (assumes normal distribution)

Secondary result "org.hestiastore.benchmark.segmentindex.SegmentIndexMixedDrainBenchmark.partitionedIngestMixed:putWorkload":
  14213.526 ±(99.9%) 3520.482 ops/s [Average]
  (min, avg, max) = (12883.121, 14213.526, 15087.350), stdev = 914.258
  CI (99.9%): [10693.043, 17734.008] (assumes normal distribution)


# Run complete. Total time: 00:00:19

REMEMBER: The numbers below are just data. To gain reusable insights, you need to follow up on
why the numbers are the way they are. Use profilers (see -prof, -lprof), design factorial
experiments, perform baseline and negative tests that provide experimental control, make sure
the benchmarking environment is safe on JVM/OS/HW level, ask for reviews from the domain experts.
Do not assume the numbers tell you what you want them to tell.

NOTE: Current JVM experimentally supports Compiler Blackholes, and they are in use. Please exercise
extra caution when trusting the results, look into the generated code to check the benchmark still
works, and factor in a small probability of new VM bugs. Additionally, while comparisons between
different JVMs are already problematic, the performance difference caused by different Blackhole
modes can be very significant. Please make sure you use the consistent Blackhole mode for comparisons.

Benchmark                                                           (hotKeySpace)  (workloadMode)   Mode  Cnt        Score        Error  Units
SegmentIndexMixedDrainBenchmark.partitionedIngestMixed                        256      splitHeavy  thrpt    5  1157683.325 ± 401371.115  ops/s
SegmentIndexMixedDrainBenchmark.partitionedIngestMixed:getWorkload            256      splitHeavy  thrpt    5  1143469.800 ± 401859.168  ops/s
SegmentIndexMixedDrainBenchmark.partitionedIngestMixed:putWorkload            256      splitHeavy  thrpt    5    14213.526 ±   3520.482  ops/s

Benchmark result is saved to /home/runner/work/_temp/benchmark-results/candidate/raw/segment-index-mixed-split-heavy.json
