# JMH version: 1.37
# VM version: JDK 21.0.12.1, OpenJDK 64-Bit Server VM, 21.0.12.1+1-LTS
# VM invoker: /usr/lib/jvm/temurin-21-jdk-amd64/bin/java
# VM options: <none>
# Blackhole mode: compiler (auto-detected, use -Djmh.blackhole.autoDetect=false to disable)
# Warmup: 2 iterations, 2 s each
# Measurement: 5 iterations, 2 s each
# Timeout: 10 min per iteration
# Threads: 20 threads (1 group; 4x "getWorkload", 16x "putWorkload" in each group), will synchronize iterations
# Benchmark mode: Throughput, ops/time
# Benchmark: org.hestiastore.benchmark.segmentindex.SegmentIndexMixedDrainBenchmark.partitionedIngestMixed
# Parameters: (hotKeySpace = 256, workloadMode = drainOnly)

# Run progress: 0.00% complete, ETA 00:00:14
# Fork: 1 of 1
# Warmup Iteration   1: 487277.948 ops/s
# Warmup Iteration   2: 646698.088 ops/s
Iteration   1: 539129.308 ops/s
                 getWorkload: 293499.414 ops/s
                 putWorkload: 245629.893 ops/s

Iteration   2: 512723.756 ops/s
                 getWorkload: 238477.581 ops/s
                 putWorkload: 274246.175 ops/s

Iteration   3: 553384.284 ops/s
                 getWorkload: 263486.002 ops/s
                 putWorkload: 289898.282 ops/s

Iteration   4: 555779.865 ops/s
                 getWorkload: 268002.948 ops/s
                 putWorkload: 287776.918 ops/s

Iteration   5: 552176.677 ops/s
                 getWorkload: 260222.323 ops/s
                 putWorkload: 291954.354 ops/s



Result "org.hestiastore.benchmark.segmentindex.SegmentIndexMixedDrainBenchmark.partitionedIngestMixed":
  542638.778 ±(99.9%) 69053.076 ops/s [Average]
  (min, avg, max) = (512723.756, 542638.778, 555779.865), stdev = 17932.864
  CI (99.9%): [473585.702, 611691.854] (assumes normal distribution)

Secondary result "org.hestiastore.benchmark.segmentindex.SegmentIndexMixedDrainBenchmark.partitionedIngestMixed:getWorkload":
  264737.653 ±(99.9%) 75786.486 ops/s [Average]
  (min, avg, max) = (238477.581, 264737.653, 293499.414), stdev = 19681.510
  CI (99.9%): [188951.168, 340524.139] (assumes normal distribution)

Secondary result "org.hestiastore.benchmark.segmentindex.SegmentIndexMixedDrainBenchmark.partitionedIngestMixed:putWorkload":
  277901.125 ±(99.9%) 74411.823 ops/s [Average]
  (min, avg, max) = (245629.893, 277901.125, 291954.354), stdev = 19324.514
  CI (99.9%): [203489.302, 352312.947] (assumes normal distribution)


# Run complete. Total time: 00:00:15

REMEMBER: The numbers below are just data. To gain reusable insights, you need to follow up on
why the numbers are the way they are. Use profilers (see -prof, -lprof), design factorial
experiments, perform baseline and negative tests that provide experimental control, make sure
the benchmarking environment is safe on JVM/OS/HW level, ask for reviews from the domain experts.
Do not assume the numbers tell you what you want them to tell.

NOTE: Current JVM experimentally supports Compiler Blackholes, and they are in use. Please exercise
extra caution when trusting the results, look into the generated code to check the benchmark still
works, and factor in a small probability of new VM bugs. Additionally, while comparisons between
different JVMs are already problematic, the performance difference caused by different Blackhole
modes can be very significant. Please make sure you use the consistent Blackhole mode for comparisons.

Benchmark                                                           (hotKeySpace)  (workloadMode)   Mode  Cnt       Score       Error  Units
SegmentIndexMixedDrainBenchmark.partitionedIngestMixed                        256       drainOnly  thrpt    5  542638.778 ± 69053.076  ops/s
SegmentIndexMixedDrainBenchmark.partitionedIngestMixed:getWorkload            256       drainOnly  thrpt    5  264737.653 ± 75786.486  ops/s
SegmentIndexMixedDrainBenchmark.partitionedIngestMixed:putWorkload            256       drainOnly  thrpt    5  277901.125 ± 74411.823  ops/s

Benchmark result is saved to /home/runner/work/_temp/benchmark-results/candidate/raw/segment-index-mixed-drain.json
