# JMH version: 1.37
# VM version: JDK 21.0.12.1, OpenJDK 64-Bit Server VM, 21.0.12.1+1-LTS
# VM invoker: /usr/lib/jvm/temurin-21-jdk-amd64/bin/java
# VM options: <none>
# Blackhole mode: compiler (auto-detected, use -Djmh.blackhole.autoDetect=false to disable)
# Warmup: 2 iterations, 2 s each
# Measurement: 5 iterations, 2 s each
# Timeout: 10 min per iteration
# Threads: 20 threads (1 group; 4x "getWorkload", 16x "putWorkload" in each group), will synchronize iterations
# Benchmark mode: Throughput, ops/time
# Benchmark: org.hestiastore.benchmark.segmentindex.SegmentIndexMixedDrainBenchmark.partitionedIngestMixed
# Parameters: (hotKeySpace = 256, workloadMode = splitHeavy)

# Run progress: 0.00% complete, ETA 00:00:14
# Fork: 1 of 1
# Warmup Iteration   1: 438308.898 ops/s
# Warmup Iteration   2: 988582.571 ops/s
Iteration   1: 1122939.359 ops/s
                 getWorkload: 1106116.168 ops/s
                 putWorkload: 16823.191 ops/s

Iteration   2: 1157595.541 ops/s
                 getWorkload: 1137277.754 ops/s
                 putWorkload: 20317.786 ops/s

Iteration   3: 1258693.415 ops/s
                 getWorkload: 1235756.410 ops/s
                 putWorkload: 22937.005 ops/s

Iteration   4: 1406778.452 ops/s
                 getWorkload: 1385887.495 ops/s
                 putWorkload: 20890.957 ops/s

Iteration   5: 1321822.594 ops/s
                 getWorkload: 1301189.473 ops/s
                 putWorkload: 20633.121 ops/s



Result "org.hestiastore.benchmark.segmentindex.SegmentIndexMixedDrainBenchmark.partitionedIngestMixed":
  1253565.872 ±(99.9%) 449194.395 ops/s [Average]
  (min, avg, max) = (1122939.359, 1253565.872, 1406778.452), stdev = 116654.358
  CI (99.9%): [804371.477, 1702760.267] (assumes normal distribution)

Secondary result "org.hestiastore.benchmark.segmentindex.SegmentIndexMixedDrainBenchmark.partitionedIngestMixed:getWorkload":
  1233245.460 ±(99.9%) 444469.831 ops/s [Average]
  (min, avg, max) = (1106116.168, 1233245.460, 1385887.495), stdev = 115427.404
  CI (99.9%): [788775.629, 1677715.291] (assumes normal distribution)

Secondary result "org.hestiastore.benchmark.segmentindex.SegmentIndexMixedDrainBenchmark.partitionedIngestMixed:putWorkload":
  20320.412 ±(99.9%) 8502.085 ops/s [Average]
  (min, avg, max) = (16823.191, 20320.412, 22937.005), stdev = 2207.965
  CI (99.9%): [11818.327, 28822.497] (assumes normal distribution)


# Run complete. Total time: 00:00:19

REMEMBER: The numbers below are just data. To gain reusable insights, you need to follow up on
why the numbers are the way they are. Use profilers (see -prof, -lprof), design factorial
experiments, perform baseline and negative tests that provide experimental control, make sure
the benchmarking environment is safe on JVM/OS/HW level, ask for reviews from the domain experts.
Do not assume the numbers tell you what you want them to tell.

NOTE: Current JVM experimentally supports Compiler Blackholes, and they are in use. Please exercise
extra caution when trusting the results, look into the generated code to check the benchmark still
works, and factor in a small probability of new VM bugs. Additionally, while comparisons between
different JVMs are already problematic, the performance difference caused by different Blackhole
modes can be very significant. Please make sure you use the consistent Blackhole mode for comparisons.

Benchmark                                                           (hotKeySpace)  (workloadMode)   Mode  Cnt        Score        Error  Units
SegmentIndexMixedDrainBenchmark.partitionedIngestMixed                        256      splitHeavy  thrpt    5  1253565.872 ± 449194.395  ops/s
SegmentIndexMixedDrainBenchmark.partitionedIngestMixed:getWorkload            256      splitHeavy  thrpt    5  1233245.460 ± 444469.831  ops/s
SegmentIndexMixedDrainBenchmark.partitionedIngestMixed:putWorkload            256      splitHeavy  thrpt    5    20320.412 ±   8502.085  ops/s

Benchmark result is saved to /home/runner/work/_temp/benchmark-results/candidate/raw/segment-index-mixed-split-heavy.json
