# JMH version: 1.37
# VM version: JDK 21.0.12.1, OpenJDK 64-Bit Server VM, 21.0.12.1+1-LTS
# VM invoker: /usr/lib/jvm/temurin-21-jdk-amd64/bin/java
# VM options: <none>
# Blackhole mode: compiler (auto-detected, use -Djmh.blackhole.autoDetect=false to disable)
# Warmup: 2 iterations, 2 s each
# Measurement: 5 iterations, 2 s each
# Timeout: 10 min per iteration
# Threads: 1 thread, will synchronize iterations
# Benchmark mode: Average time, time/op
# Benchmark: org.hestiastore.benchmark.segmentindex.SegmentIndexRangeScanBenchmark.boundedScan
# Parameters: (keyCount = 32768, maxKeysInSegment = 1024, rangeSize = 128, snappy = true, valueLength = 64)

# Run progress: 0.00% complete, ETA 00:00:42
# Fork: 1 of 1
# Warmup Iteration   1: 33.914 us/op
# Warmup Iteration   2: 28.173 us/op
Iteration   1: 27.966 us/op
Iteration   2: 27.942 us/op
Iteration   3: 28.006 us/op
Iteration   4: 27.961 us/op
Iteration   5: 28.075 us/op


Result "org.hestiastore.benchmark.segmentindex.SegmentIndexRangeScanBenchmark.boundedScan":
  27.990 ±(99.9%) 0.204 us/op [Average]
  (min, avg, max) = (27.942, 27.990, 28.075), stdev = 0.053
  CI (99.9%): [27.786, 28.194] (assumes normal distribution)


# JMH version: 1.37
# VM version: JDK 21.0.12.1, OpenJDK 64-Bit Server VM, 21.0.12.1+1-LTS
# VM invoker: /usr/lib/jvm/temurin-21-jdk-amd64/bin/java
# VM options: <none>
# Blackhole mode: compiler (auto-detected, use -Djmh.blackhole.autoDetect=false to disable)
# Warmup: 2 iterations, 2 s each
# Measurement: 5 iterations, 2 s each
# Timeout: 10 min per iteration
# Threads: 1 thread, will synchronize iterations
# Benchmark mode: Average time, time/op
# Benchmark: org.hestiastore.benchmark.segmentindex.SegmentIndexRangeScanBenchmark.fullStreamRangeFallback
# Parameters: (keyCount = 32768, maxKeysInSegment = 1024, rangeSize = 128, snappy = true, valueLength = 64)

# Run progress: 33.33% complete, ETA 00:00:31
# Fork: 1 of 1
# Warmup Iteration   1: 2437.629 us/op
# Warmup Iteration   2: 2180.003 us/op
Iteration   1: 2145.144 us/op
Iteration   2: 2199.222 us/op
Iteration   3: 2140.184 us/op
Iteration   4: 2153.807 us/op
Iteration   5: 2256.131 us/op


Result "org.hestiastore.benchmark.segmentindex.SegmentIndexRangeScanBenchmark.fullStreamRangeFallback":
  2178.898 ±(99.9%) 189.090 us/op [Average]
  (min, avg, max) = (2140.184, 2178.898, 2256.131), stdev = 49.106
  CI (99.9%): [1989.808, 2367.988] (assumes normal distribution)


# JMH version: 1.37
# VM version: JDK 21.0.12.1, OpenJDK 64-Bit Server VM, 21.0.12.1+1-LTS
# VM invoker: /usr/lib/jvm/temurin-21-jdk-amd64/bin/java
# VM options: <none>
# Blackhole mode: compiler (auto-detected, use -Djmh.blackhole.autoDetect=false to disable)
# Warmup: 2 iterations, 2 s each
# Measurement: 5 iterations, 2 s each
# Timeout: 10 min per iteration
# Threads: 1 thread, will synchronize iterations
# Benchmark mode: Average time, time/op
# Benchmark: org.hestiastore.benchmark.segmentindex.SegmentIndexRangeScanBenchmark.sequentialRead
# Parameters: (keyCount = 32768, maxKeysInSegment = 1024, rangeSize = 128, snappy = true, valueLength = 64)

# Run progress: 66.67% complete, ETA 00:00:16
# Fork: 1 of 1
# Warmup Iteration   1: 4520.736 us/op
# Warmup Iteration   2: 4155.789 us/op
Iteration   1: 4188.121 us/op
Iteration   2: 4078.319 us/op
Iteration   3: 4089.857 us/op
Iteration   4: 4084.002 us/op
Iteration   5: 4081.551 us/op


Result "org.hestiastore.benchmark.segmentindex.SegmentIndexRangeScanBenchmark.sequentialRead":
  4104.370 ±(99.9%) 181.012 us/op [Average]
  (min, avg, max) = (4078.319, 4104.370, 4188.121), stdev = 47.008
  CI (99.9%): [3923.358, 4285.382] (assumes normal distribution)


# Run complete. Total time: 00:00:48

REMEMBER: The numbers below are just data. To gain reusable insights, you need to follow up on
why the numbers are the way they are. Use profilers (see -prof, -lprof), design factorial
experiments, perform baseline and negative tests that provide experimental control, make sure
the benchmarking environment is safe on JVM/OS/HW level, ask for reviews from the domain experts.
Do not assume the numbers tell you what you want them to tell.

NOTE: Current JVM experimentally supports Compiler Blackholes, and they are in use. Please exercise
extra caution when trusting the results, look into the generated code to check the benchmark still
works, and factor in a small probability of new VM bugs. Additionally, while comparisons between
different JVMs are already problematic, the performance difference caused by different Blackhole
modes can be very significant. Please make sure you use the consistent Blackhole mode for comparisons.

Benchmark                                               (keyCount)  (maxKeysInSegment)  (rangeSize)  (snappy)  (valueLength)  Mode  Cnt     Score     Error  Units
SegmentIndexRangeScanBenchmark.boundedScan                   32768                1024          128      true             64  avgt    5    27.990 ±   0.204  us/op
SegmentIndexRangeScanBenchmark.fullStreamRangeFallback       32768                1024          128      true             64  avgt    5  2178.898 ± 189.090  us/op
SegmentIndexRangeScanBenchmark.sequentialRead                32768                1024          128      true             64  avgt    5  4104.370 ± 181.012  us/op

Benchmark result is saved to /home/runner/work/_temp/benchmark-results/candidate/raw/segment-index-range-scan.json
