# JMH version: 1.37
# VM version: JDK 21.0.12, OpenJDK 64-Bit Server VM, 21.0.12+8-LTS
# VM invoker: /usr/lib/jvm/temurin-21-jdk-amd64/bin/java
# VM options: <none>
# Blackhole mode: compiler (auto-detected, use -Djmh.blackhole.autoDetect=false to disable)
# Warmup: 2 iterations, 2 s each
# Measurement: 5 iterations, 2 s each
# Timeout: 10 min per iteration
# Threads: 20 threads (1 group; 4x "getWorkload", 16x "putWorkload" in each group), will synchronize iterations
# Benchmark mode: Throughput, ops/time
# Benchmark: org.hestiastore.benchmark.segmentindex.SegmentIndexMixedDrainBenchmark.partitionedIngestMixed
# Parameters: (hotKeySpace = 256, workloadMode = splitHeavy)

# Run progress: 0.00% complete, ETA 00:00:14
# Fork: 1 of 1
# Warmup Iteration   1: 405808.525 ops/s
# Warmup Iteration   2: 942058.667 ops/s
Iteration   1: 1119943.554 ops/s
                 getWorkload: 1097663.264 ops/s
                 putWorkload: 22280.289 ops/s

Iteration   2: 1131236.141 ops/s
                 getWorkload: 1111185.193 ops/s
                 putWorkload: 20050.948 ops/s

Iteration   3: 1316890.521 ops/s
                 getWorkload: 1297993.105 ops/s
                 putWorkload: 18897.416 ops/s

Iteration   4: 1361984.805 ops/s
                 getWorkload: 1340762.883 ops/s
                 putWorkload: 21221.922 ops/s

Iteration   5: 1394035.028 ops/s
                 getWorkload: 1373655.309 ops/s
                 putWorkload: 20379.720 ops/s



Result "org.hestiastore.benchmark.segmentindex.SegmentIndexMixedDrainBenchmark.partitionedIngestMixed":
  1264818.010 ±(99.9%) 500889.795 ops/s [Average]
  (min, avg, max) = (1119943.554, 1264818.010, 1394035.028), stdev = 130079.489
  CI (99.9%): [763928.215, 1765707.805] (assumes normal distribution)

Secondary result "org.hestiastore.benchmark.segmentindex.SegmentIndexMixedDrainBenchmark.partitionedIngestMixed:getWorkload":
  1244251.951 ±(99.9%) 502589.084 ops/s [Average]
  (min, avg, max) = (1097663.264, 1244251.951, 1373655.309), stdev = 130520.789
  CI (99.9%): [741662.867, 1746841.035] (assumes normal distribution)

Secondary result "org.hestiastore.benchmark.segmentindex.SegmentIndexMixedDrainBenchmark.partitionedIngestMixed:putWorkload":
  20566.059 ±(99.9%) 4890.914 ops/s [Average]
  (min, avg, max) = (18897.416, 20566.059, 22280.289), stdev = 1270.155
  CI (99.9%): [15675.145, 25456.973] (assumes normal distribution)


# Run complete. Total time: 00:00:18

REMEMBER: The numbers below are just data. To gain reusable insights, you need to follow up on
why the numbers are the way they are. Use profilers (see -prof, -lprof), design factorial
experiments, perform baseline and negative tests that provide experimental control, make sure
the benchmarking environment is safe on JVM/OS/HW level, ask for reviews from the domain experts.
Do not assume the numbers tell you what you want them to tell.

NOTE: Current JVM experimentally supports Compiler Blackholes, and they are in use. Please exercise
extra caution when trusting the results, look into the generated code to check the benchmark still
works, and factor in a small probability of new VM bugs. Additionally, while comparisons between
different JVMs are already problematic, the performance difference caused by different Blackhole
modes can be very significant. Please make sure you use the consistent Blackhole mode for comparisons.

Benchmark                                                           (hotKeySpace)  (workloadMode)   Mode  Cnt        Score        Error  Units
SegmentIndexMixedDrainBenchmark.partitionedIngestMixed                        256      splitHeavy  thrpt    5  1264818.010 ± 500889.795  ops/s
SegmentIndexMixedDrainBenchmark.partitionedIngestMixed:getWorkload            256      splitHeavy  thrpt    5  1244251.951 ± 502589.084  ops/s
SegmentIndexMixedDrainBenchmark.partitionedIngestMixed:putWorkload            256      splitHeavy  thrpt    5    20566.059 ±   4890.914  ops/s

Benchmark result is saved to /home/runner/work/_temp/benchmark-results/candidate/raw/segment-index-mixed-split-heavy.json
