# JMH version: 1.37
# VM version: JDK 21.0.12.1, OpenJDK 64-Bit Server VM, 21.0.12.1+1-LTS
# VM invoker: /usr/lib/jvm/temurin-21-jdk-amd64/bin/java
# VM options: <none>
# Blackhole mode: compiler (auto-detected, use -Djmh.blackhole.autoDetect=false to disable)
# Warmup: 2 iterations, 2 s each
# Measurement: 5 iterations, 2 s each
# Timeout: 10 min per iteration
# Threads: 20 threads (1 group; 4x "getWorkload", 16x "putWorkload" in each group), will synchronize iterations
# Benchmark mode: Throughput, ops/time
# Benchmark: org.hestiastore.benchmark.segmentindex.SegmentIndexMixedDrainBenchmark.partitionedIngestMixed
# Parameters: (hotKeySpace = 256, workloadMode = splitHeavy)

# Run progress: 0.00% complete, ETA 00:00:14
# Fork: 1 of 1
# Warmup Iteration   1: 521030.870 ops/s
# Warmup Iteration   2: 1150733.327 ops/s
Iteration   1: 1307067.074 ops/s
                 getWorkload: 1268409.881 ops/s
                 putWorkload: 38657.194 ops/s

Iteration   2: 1247577.262 ops/s
                 getWorkload: 1203176.346 ops/s
                 putWorkload: 44400.916 ops/s

Iteration   3: 1247820.559 ops/s
                 getWorkload: 1203470.397 ops/s
                 putWorkload: 44350.162 ops/s

Iteration   4: 1416622.167 ops/s
                 getWorkload: 1373623.588 ops/s
                 putWorkload: 42998.579 ops/s

Iteration   5: 1526257.316 ops/s
                 getWorkload: 1483609.349 ops/s
                 putWorkload: 42647.967 ops/s



Result "org.hestiastore.benchmark.segmentindex.SegmentIndexMixedDrainBenchmark.partitionedIngestMixed":
  1349068.876 ±(99.9%) 464777.312 ops/s [Average]
  (min, avg, max) = (1247577.262, 1349068.876, 1526257.316), stdev = 120701.192
  CI (99.9%): [884291.563, 1813846.188] (assumes normal distribution)

Secondary result "org.hestiastore.benchmark.segmentindex.SegmentIndexMixedDrainBenchmark.partitionedIngestMixed:getWorkload":
  1306457.912 ±(99.9%) 466130.835 ops/s [Average]
  (min, avg, max) = (1203176.346, 1306457.912, 1483609.349), stdev = 121052.698
  CI (99.9%): [840327.077, 1772588.748] (assumes normal distribution)

Secondary result "org.hestiastore.benchmark.segmentindex.SegmentIndexMixedDrainBenchmark.partitionedIngestMixed:putWorkload":
  42610.963 ±(99.9%) 9033.157 ops/s [Average]
  (min, avg, max) = (38657.194, 42610.963, 44400.916), stdev = 2345.882
  CI (99.9%): [33577.806, 51644.121] (assumes normal distribution)


# Run complete. Total time: 00:00:18

REMEMBER: The numbers below are just data. To gain reusable insights, you need to follow up on
why the numbers are the way they are. Use profilers (see -prof, -lprof), design factorial
experiments, perform baseline and negative tests that provide experimental control, make sure
the benchmarking environment is safe on JVM/OS/HW level, ask for reviews from the domain experts.
Do not assume the numbers tell you what you want them to tell.

NOTE: Current JVM experimentally supports Compiler Blackholes, and they are in use. Please exercise
extra caution when trusting the results, look into the generated code to check the benchmark still
works, and factor in a small probability of new VM bugs. Additionally, while comparisons between
different JVMs are already problematic, the performance difference caused by different Blackhole
modes can be very significant. Please make sure you use the consistent Blackhole mode for comparisons.

Benchmark                                                           (hotKeySpace)  (workloadMode)   Mode  Cnt        Score        Error  Units
SegmentIndexMixedDrainBenchmark.partitionedIngestMixed                        256      splitHeavy  thrpt    5  1349068.876 ± 464777.312  ops/s
SegmentIndexMixedDrainBenchmark.partitionedIngestMixed:getWorkload            256      splitHeavy  thrpt    5  1306457.912 ± 466130.835  ops/s
SegmentIndexMixedDrainBenchmark.partitionedIngestMixed:putWorkload            256      splitHeavy  thrpt    5    42610.963 ±   9033.157  ops/s

Benchmark result is saved to /home/runner/work/_temp/benchmark-results/candidate/raw/segment-index-mixed-split-heavy.json
