# JMH version: 1.37
# VM version: JDK 21.0.12.1, OpenJDK 64-Bit Server VM, 21.0.12.1+1-LTS
# VM invoker: /usr/lib/jvm/temurin-21-jdk-amd64/bin/java
# VM options: <none>
# Blackhole mode: compiler (auto-detected, use -Djmh.blackhole.autoDetect=false to disable)
# Warmup: 2 iterations, 2 s each
# Measurement: 5 iterations, 2 s each
# Timeout: 10 min per iteration
# Threads: 20 threads (1 group; 4x "getWorkload", 16x "putWorkload" in each group), will synchronize iterations
# Benchmark mode: Throughput, ops/time
# Benchmark: org.hestiastore.benchmark.segmentindex.SegmentIndexMixedDrainBenchmark.partitionedIngestMixed
# Parameters: (hotKeySpace = 256, workloadMode = splitHeavy)

# Run progress: 0.00% complete, ETA 00:00:14
# Fork: 1 of 1
# Warmup Iteration   1: 394719.753 ops/s
# Warmup Iteration   2: 908091.733 ops/s
Iteration   1: 889967.975 ops/s
                 getWorkload: 856479.045 ops/s
                 putWorkload: 33488.929 ops/s

Iteration   2: 1091088.108 ops/s
                 getWorkload: 1053236.910 ops/s
                 putWorkload: 37851.198 ops/s

Iteration   3: 1139168.887 ops/s
                 getWorkload: 1102402.835 ops/s
                 putWorkload: 36766.052 ops/s

Iteration   4: 1339444.970 ops/s
                 getWorkload: 1305438.334 ops/s
                 putWorkload: 34006.636 ops/s

Iteration   5: 1483132.085 ops/s
                 getWorkload: 1452700.649 ops/s
                 putWorkload: 30431.437 ops/s



Result "org.hestiastore.benchmark.segmentindex.SegmentIndexMixedDrainBenchmark.partitionedIngestMixed":
  1188560.405 ±(99.9%) 883629.314 ops/s [Average]
  (min, avg, max) = (889967.975, 1188560.405, 1483132.085), stdev = 229475.727
  CI (99.9%): [304931.091, 2072189.719] (assumes normal distribution)

Secondary result "org.hestiastore.benchmark.segmentindex.SegmentIndexMixedDrainBenchmark.partitionedIngestMixed:getWorkload":
  1154051.555 ±(99.9%) 889594.215 ops/s [Average]
  (min, avg, max) = (856479.045, 1154051.555, 1452700.649), stdev = 231024.793
  CI (99.9%): [264457.340, 2043645.770] (assumes normal distribution)

Secondary result "org.hestiastore.benchmark.segmentindex.SegmentIndexMixedDrainBenchmark.partitionedIngestMixed:putWorkload":
  34508.850 ±(99.9%) 11256.797 ops/s [Average]
  (min, avg, max) = (30431.437, 34508.850, 37851.198), stdev = 2923.355
  CI (99.9%): [23252.053, 45765.648] (assumes normal distribution)


# Run complete. Total time: 00:00:18

REMEMBER: The numbers below are just data. To gain reusable insights, you need to follow up on
why the numbers are the way they are. Use profilers (see -prof, -lprof), design factorial
experiments, perform baseline and negative tests that provide experimental control, make sure
the benchmarking environment is safe on JVM/OS/HW level, ask for reviews from the domain experts.
Do not assume the numbers tell you what you want them to tell.

NOTE: Current JVM experimentally supports Compiler Blackholes, and they are in use. Please exercise
extra caution when trusting the results, look into the generated code to check the benchmark still
works, and factor in a small probability of new VM bugs. Additionally, while comparisons between
different JVMs are already problematic, the performance difference caused by different Blackhole
modes can be very significant. Please make sure you use the consistent Blackhole mode for comparisons.

Benchmark                                                           (hotKeySpace)  (workloadMode)   Mode  Cnt        Score        Error  Units
SegmentIndexMixedDrainBenchmark.partitionedIngestMixed                        256      splitHeavy  thrpt    5  1188560.405 ± 883629.314  ops/s
SegmentIndexMixedDrainBenchmark.partitionedIngestMixed:getWorkload            256      splitHeavy  thrpt    5  1154051.555 ± 889594.215  ops/s
SegmentIndexMixedDrainBenchmark.partitionedIngestMixed:putWorkload            256      splitHeavy  thrpt    5    34508.850 ±  11256.797  ops/s

Benchmark result is saved to /home/runner/work/_temp/benchmark-results/candidate/raw/segment-index-mixed-split-heavy.json
