# JMH version: 1.37
# VM version: JDK 21.0.12, OpenJDK 64-Bit Server VM, 21.0.12+8-LTS
# VM invoker: /usr/lib/jvm/temurin-21-jdk-amd64/bin/java
# VM options: <none>
# Blackhole mode: compiler (auto-detected, use -Djmh.blackhole.autoDetect=false to disable)
# Warmup: 2 iterations, 2 s each
# Measurement: 5 iterations, 2 s each
# Timeout: 10 min per iteration
# Threads: 20 threads (1 group; 4x "getWorkload", 16x "putWorkload" in each group), will synchronize iterations
# Benchmark mode: Throughput, ops/time
# Benchmark: org.hestiastore.benchmark.segmentindex.SegmentIndexMixedDrainBenchmark.partitionedIngestMixed
# Parameters: (hotKeySpace = 256, workloadMode = drainOnly)

# Run progress: 0.00% complete, ETA 00:00:14
# Fork: 1 of 1
# Warmup Iteration   1: 458169.391 ops/s
# Warmup Iteration   2: 503503.958 ops/s
Iteration   1: 513813.383 ops/s
                 getWorkload: 260159.044 ops/s
                 putWorkload: 253654.339 ops/s

Iteration   2: 510783.898 ops/s
                 getWorkload: 243698.534 ops/s
                 putWorkload: 267085.363 ops/s

Iteration   3: 521521.953 ops/s
                 getWorkload: 246965.207 ops/s
                 putWorkload: 274556.745 ops/s

Iteration   4: 543289.042 ops/s
                 getWorkload: 257565.256 ops/s
                 putWorkload: 285723.786 ops/s

Iteration   5: 534797.502 ops/s
                 getWorkload: 256198.712 ops/s
                 putWorkload: 278598.790 ops/s



Result "org.hestiastore.benchmark.segmentindex.SegmentIndexMixedDrainBenchmark.partitionedIngestMixed":
  524841.156 ±(99.9%) 53414.718 ops/s [Average]
  (min, avg, max) = (510783.898, 524841.156, 543289.042), stdev = 13871.633
  CI (99.9%): [471426.438, 578255.873] (assumes normal distribution)

Secondary result "org.hestiastore.benchmark.segmentindex.SegmentIndexMixedDrainBenchmark.partitionedIngestMixed:getWorkload":
  252917.351 ±(99.9%) 27581.678 ops/s [Average]
  (min, avg, max) = (243698.534, 252917.351, 260159.044), stdev = 7162.874
  CI (99.9%): [225335.673, 280499.029] (assumes normal distribution)

Secondary result "org.hestiastore.benchmark.segmentindex.SegmentIndexMixedDrainBenchmark.partitionedIngestMixed:putWorkload":
  271923.805 ±(99.9%) 47125.620 ops/s [Average]
  (min, avg, max) = (253654.339, 271923.805, 285723.786), stdev = 12238.374
  CI (99.9%): [224798.185, 319049.425] (assumes normal distribution)


# Run complete. Total time: 00:00:15

REMEMBER: The numbers below are just data. To gain reusable insights, you need to follow up on
why the numbers are the way they are. Use profilers (see -prof, -lprof), design factorial
experiments, perform baseline and negative tests that provide experimental control, make sure
the benchmarking environment is safe on JVM/OS/HW level, ask for reviews from the domain experts.
Do not assume the numbers tell you what you want them to tell.

NOTE: Current JVM experimentally supports Compiler Blackholes, and they are in use. Please exercise
extra caution when trusting the results, look into the generated code to check the benchmark still
works, and factor in a small probability of new VM bugs. Additionally, while comparisons between
different JVMs are already problematic, the performance difference caused by different Blackhole
modes can be very significant. Please make sure you use the consistent Blackhole mode for comparisons.

Benchmark                                                           (hotKeySpace)  (workloadMode)   Mode  Cnt       Score       Error  Units
SegmentIndexMixedDrainBenchmark.partitionedIngestMixed                        256       drainOnly  thrpt    5  524841.156 ± 53414.718  ops/s
SegmentIndexMixedDrainBenchmark.partitionedIngestMixed:getWorkload            256       drainOnly  thrpt    5  252917.351 ± 27581.678  ops/s
SegmentIndexMixedDrainBenchmark.partitionedIngestMixed:putWorkload            256       drainOnly  thrpt    5  271923.805 ± 47125.620  ops/s

Benchmark result is saved to /home/runner/work/_temp/benchmark-results/candidate/raw/segment-index-mixed-drain.json
