# JMH version: 1.37
# VM version: JDK 21.0.12.1, OpenJDK 64-Bit Server VM, 21.0.12.1+1-LTS
# VM invoker: /usr/lib/jvm/temurin-21-jdk-amd64/bin/java
# VM options: <none>
# Blackhole mode: compiler (auto-detected, use -Djmh.blackhole.autoDetect=false to disable)
# Warmup: 2 iterations, 2 s each
# Measurement: 5 iterations, 2 s each
# Timeout: 10 min per iteration
# Threads: 20 threads (1 group; 4x "getWorkload", 16x "putWorkload" in each group), will synchronize iterations
# Benchmark mode: Throughput, ops/time
# Benchmark: org.hestiastore.benchmark.segmentindex.SegmentIndexMixedDrainBenchmark.partitionedIngestMixed
# Parameters: (hotKeySpace = 256, workloadMode = splitHeavy)

# Run progress: 0.00% complete, ETA 00:00:14
# Fork: 1 of 1
# Warmup Iteration   1: 647162.373 ops/s
# Warmup Iteration   2: 1269429.625 ops/s
Iteration   1: 1395810.121 ops/s
                 getWorkload: 1351710.059 ops/s
                 putWorkload: 44100.061 ops/s

Iteration   2: 1431954.147 ops/s
                 getWorkload: 1386586.470 ops/s
                 putWorkload: 45367.677 ops/s

Iteration   3: 1457484.891 ops/s
                 getWorkload: 1412406.870 ops/s
                 putWorkload: 45078.022 ops/s

Iteration   4: 1628005.523 ops/s
                 getWorkload: 1582836.980 ops/s
                 putWorkload: 45168.543 ops/s

Iteration   5: 1438953.717 ops/s
                 getWorkload: 1392639.434 ops/s
                 putWorkload: 46314.282 ops/s



Result "org.hestiastore.benchmark.segmentindex.SegmentIndexMixedDrainBenchmark.partitionedIngestMixed":
  1470441.680 ±(99.9%) 349947.564 ops/s [Average]
  (min, avg, max) = (1395810.121, 1470441.680, 1628005.523), stdev = 90880.271
  CI (99.9%): [1120494.116, 1820389.243] (assumes normal distribution)

Secondary result "org.hestiastore.benchmark.segmentindex.SegmentIndexMixedDrainBenchmark.partitionedIngestMixed:getWorkload":
  1425235.963 ±(99.9%) 349566.801 ops/s [Average]
  (min, avg, max) = (1351710.059, 1425235.963, 1582836.980), stdev = 90781.388
  CI (99.9%): [1075669.161, 1774802.764] (assumes normal distribution)

Secondary result "org.hestiastore.benchmark.segmentindex.SegmentIndexMixedDrainBenchmark.partitionedIngestMixed:putWorkload":
  45205.717 ±(99.9%) 3041.345 ops/s [Average]
  (min, avg, max) = (44100.061, 45205.717, 46314.282), stdev = 789.828
  CI (99.9%): [42164.372, 48247.062] (assumes normal distribution)


# Run complete. Total time: 00:00:18

REMEMBER: The numbers below are just data. To gain reusable insights, you need to follow up on
why the numbers are the way they are. Use profilers (see -prof, -lprof), design factorial
experiments, perform baseline and negative tests that provide experimental control, make sure
the benchmarking environment is safe on JVM/OS/HW level, ask for reviews from the domain experts.
Do not assume the numbers tell you what you want them to tell.

NOTE: Current JVM experimentally supports Compiler Blackholes, and they are in use. Please exercise
extra caution when trusting the results, look into the generated code to check the benchmark still
works, and factor in a small probability of new VM bugs. Additionally, while comparisons between
different JVMs are already problematic, the performance difference caused by different Blackhole
modes can be very significant. Please make sure you use the consistent Blackhole mode for comparisons.

Benchmark                                                           (hotKeySpace)  (workloadMode)   Mode  Cnt        Score        Error  Units
SegmentIndexMixedDrainBenchmark.partitionedIngestMixed                        256      splitHeavy  thrpt    5  1470441.680 ± 349947.564  ops/s
SegmentIndexMixedDrainBenchmark.partitionedIngestMixed:getWorkload            256      splitHeavy  thrpt    5  1425235.963 ± 349566.801  ops/s
SegmentIndexMixedDrainBenchmark.partitionedIngestMixed:putWorkload            256      splitHeavy  thrpt    5    45205.717 ±   3041.345  ops/s

Benchmark result is saved to /home/runner/work/_temp/benchmark-results/candidate/raw/segment-index-mixed-split-heavy.json
