# JMH version: 1.37
# VM version: JDK 21.0.12, OpenJDK 64-Bit Server VM, 21.0.12+8-LTS
# VM invoker: /usr/lib/jvm/temurin-21-jdk-amd64/bin/java
# VM options: <none>
# Blackhole mode: compiler (auto-detected, use -Djmh.blackhole.autoDetect=false to disable)
# Warmup: 2 iterations, 2 s each
# Measurement: 5 iterations, 2 s each
# Timeout: 10 min per iteration
# Threads: 20 threads (1 group; 4x "getWorkload", 16x "putWorkload" in each group), will synchronize iterations
# Benchmark mode: Throughput, ops/time
# Benchmark: org.hestiastore.benchmark.segmentindex.SegmentIndexMixedDrainBenchmark.partitionedIngestMixed
# Parameters: (hotKeySpace = 256, workloadMode = drainOnly)

# Run progress: 0.00% complete, ETA 00:00:14
# Fork: 1 of 1
# Warmup Iteration   1: 499676.147 ops/s
# Warmup Iteration   2: 452701.114 ops/s
Iteration   1: 453688.273 ops/s
                 getWorkload: 229824.046 ops/s
                 putWorkload: 223864.226 ops/s

Iteration   2: 448079.601 ops/s
                 getWorkload: 209799.115 ops/s
                 putWorkload: 238280.485 ops/s

Iteration   3: 445192.714 ops/s
                 getWorkload: 213424.331 ops/s
                 putWorkload: 231768.382 ops/s

Iteration   4: 459112.643 ops/s
                 getWorkload: 227196.514 ops/s
                 putWorkload: 231916.130 ops/s

Iteration   5: 458757.847 ops/s
                 getWorkload: 222604.494 ops/s
                 putWorkload: 236153.353 ops/s



Result "org.hestiastore.benchmark.segmentindex.SegmentIndexMixedDrainBenchmark.partitionedIngestMixed":
  452966.215 ±(99.9%) 24058.766 ops/s [Average]
  (min, avg, max) = (445192.714, 452966.215, 459112.643), stdev = 6247.985
  CI (99.9%): [428907.449, 477024.981] (assumes normal distribution)

Secondary result "org.hestiastore.benchmark.segmentindex.SegmentIndexMixedDrainBenchmark.partitionedIngestMixed:getWorkload":
  220569.700 ±(99.9%) 33389.755 ops/s [Average]
  (min, avg, max) = (209799.115, 220569.700, 229824.046), stdev = 8671.213
  CI (99.9%): [187179.946, 253959.455] (assumes normal distribution)

Secondary result "org.hestiastore.benchmark.segmentindex.SegmentIndexMixedDrainBenchmark.partitionedIngestMixed:putWorkload":
  232396.515 ±(99.9%) 21279.835 ops/s [Average]
  (min, avg, max) = (223864.226, 232396.515, 238280.485), stdev = 5526.306
  CI (99.9%): [211116.681, 253676.350] (assumes normal distribution)


# Run complete. Total time: 00:00:15

REMEMBER: The numbers below are just data. To gain reusable insights, you need to follow up on
why the numbers are the way they are. Use profilers (see -prof, -lprof), design factorial
experiments, perform baseline and negative tests that provide experimental control, make sure
the benchmarking environment is safe on JVM/OS/HW level, ask for reviews from the domain experts.
Do not assume the numbers tell you what you want them to tell.

NOTE: Current JVM experimentally supports Compiler Blackholes, and they are in use. Please exercise
extra caution when trusting the results, look into the generated code to check the benchmark still
works, and factor in a small probability of new VM bugs. Additionally, while comparisons between
different JVMs are already problematic, the performance difference caused by different Blackhole
modes can be very significant. Please make sure you use the consistent Blackhole mode for comparisons.

Benchmark                                                           (hotKeySpace)  (workloadMode)   Mode  Cnt       Score       Error  Units
SegmentIndexMixedDrainBenchmark.partitionedIngestMixed                        256       drainOnly  thrpt    5  452966.215 ± 24058.766  ops/s
SegmentIndexMixedDrainBenchmark.partitionedIngestMixed:getWorkload            256       drainOnly  thrpt    5  220569.700 ± 33389.755  ops/s
SegmentIndexMixedDrainBenchmark.partitionedIngestMixed:putWorkload            256       drainOnly  thrpt    5  232396.515 ± 21279.835  ops/s

Benchmark result is saved to /home/runner/work/_temp/benchmark-results/candidate/raw/segment-index-mixed-drain.json
