# JMH version: 1.37
# VM version: JDK 21.0.12, OpenJDK 64-Bit Server VM, 21.0.12+8-LTS
# VM invoker: /usr/lib/jvm/temurin-21-jdk-amd64/bin/java
# VM options: <none>
# Blackhole mode: compiler (auto-detected, use -Djmh.blackhole.autoDetect=false to disable)
# Warmup: 2 iterations, 2 s each
# Measurement: 5 iterations, 2 s each
# Timeout: 10 min per iteration
# Threads: 20 threads (1 group; 4x "getWorkload", 16x "putWorkload" in each group), will synchronize iterations
# Benchmark mode: Throughput, ops/time
# Benchmark: org.hestiastore.benchmark.segmentindex.SegmentIndexMixedDrainBenchmark.partitionedIngestMixed
# Parameters: (hotKeySpace = 256, workloadMode = splitHeavy)

# Run progress: 0.00% complete, ETA 00:00:14
# Fork: 1 of 1
# Warmup Iteration   1: 365965.657 ops/s
# Warmup Iteration   2: 756787.397 ops/s
Iteration   1: 914141.211 ops/s
                 getWorkload: 898335.414 ops/s
                 putWorkload: 15805.797 ops/s

Iteration   2: 925831.044 ops/s
                 getWorkload: 911086.018 ops/s
                 putWorkload: 14745.026 ops/s

Iteration   3: 1031367.749 ops/s
                 getWorkload: 1016614.813 ops/s
                 putWorkload: 14752.935 ops/s

Iteration   4: 1064615.516 ops/s
                 getWorkload: 1049679.695 ops/s
                 putWorkload: 14935.821 ops/s

Iteration   5: 1052620.855 ops/s
                 getWorkload: 1037965.250 ops/s
                 putWorkload: 14655.606 ops/s



Result "org.hestiastore.benchmark.segmentindex.SegmentIndexMixedDrainBenchmark.partitionedIngestMixed":
  997715.275 ±(99.9%) 277505.097 ops/s [Average]
  (min, avg, max) = (914141.211, 997715.275, 1064615.516), stdev = 72067.192
  CI (99.9%): [720210.178, 1275220.372] (assumes normal distribution)

Secondary result "org.hestiastore.benchmark.segmentindex.SegmentIndexMixedDrainBenchmark.partitionedIngestMixed:getWorkload":
  982736.238 ±(99.9%) 278584.716 ops/s [Average]
  (min, avg, max) = (898335.414, 982736.238, 1049679.695), stdev = 72347.566
  CI (99.9%): [704151.522, 1261320.954] (assumes normal distribution)

Secondary result "org.hestiastore.benchmark.segmentindex.SegmentIndexMixedDrainBenchmark.partitionedIngestMixed:putWorkload":
  14979.037 ±(99.9%) 1822.346 ops/s [Average]
  (min, avg, max) = (14655.606, 14979.037, 15805.797), stdev = 473.257
  CI (99.9%): [13156.691, 16801.383] (assumes normal distribution)


# Run complete. Total time: 00:00:18

REMEMBER: The numbers below are just data. To gain reusable insights, you need to follow up on
why the numbers are the way they are. Use profilers (see -prof, -lprof), design factorial
experiments, perform baseline and negative tests that provide experimental control, make sure
the benchmarking environment is safe on JVM/OS/HW level, ask for reviews from the domain experts.
Do not assume the numbers tell you what you want them to tell.

NOTE: Current JVM experimentally supports Compiler Blackholes, and they are in use. Please exercise
extra caution when trusting the results, look into the generated code to check the benchmark still
works, and factor in a small probability of new VM bugs. Additionally, while comparisons between
different JVMs are already problematic, the performance difference caused by different Blackhole
modes can be very significant. Please make sure you use the consistent Blackhole mode for comparisons.

Benchmark                                                           (hotKeySpace)  (workloadMode)   Mode  Cnt       Score        Error  Units
SegmentIndexMixedDrainBenchmark.partitionedIngestMixed                        256      splitHeavy  thrpt    5  997715.275 ± 277505.097  ops/s
SegmentIndexMixedDrainBenchmark.partitionedIngestMixed:getWorkload            256      splitHeavy  thrpt    5  982736.238 ± 278584.716  ops/s
SegmentIndexMixedDrainBenchmark.partitionedIngestMixed:putWorkload            256      splitHeavy  thrpt    5   14979.037 ±   1822.346  ops/s

Benchmark result is saved to /home/runner/work/_temp/benchmark-results/candidate/raw/segment-index-mixed-split-heavy.json
