# JMH version: 1.37
# VM version: JDK 21.0.12.1, OpenJDK 64-Bit Server VM, 21.0.12.1+1-LTS
# VM invoker: /usr/lib/jvm/temurin-21-jdk-amd64/bin/java
# VM options: <none>
# Blackhole mode: compiler (auto-detected, use -Djmh.blackhole.autoDetect=false to disable)
# Warmup: 2 iterations, 2 s each
# Measurement: 5 iterations, 2 s each
# Timeout: 10 min per iteration
# Threads: 20 threads (1 group; 4x "getWorkload", 16x "putWorkload" in each group), will synchronize iterations
# Benchmark mode: Throughput, ops/time
# Benchmark: org.hestiastore.benchmark.segmentindex.SegmentIndexMixedDrainBenchmark.partitionedIngestMixed
# Parameters: (hotKeySpace = 256, workloadMode = splitHeavy)

# Run progress: 0.00% complete, ETA 00:00:14
# Fork: 1 of 1
# Warmup Iteration   1: 409389.492 ops/s
# Warmup Iteration   2: 908466.582 ops/s
Iteration   1: 1114980.936 ops/s
                 getWorkload: 1094963.210 ops/s
                 putWorkload: 20017.726 ops/s

Iteration   2: 1132205.063 ops/s
                 getWorkload: 1111509.467 ops/s
                 putWorkload: 20695.597 ops/s

Iteration   3: 1337758.721 ops/s
                 getWorkload: 1314992.599 ops/s
                 putWorkload: 22766.123 ops/s

Iteration   4: 1303405.049 ops/s
                 getWorkload: 1282839.681 ops/s
                 putWorkload: 20565.368 ops/s

Iteration   5: 1292449.778 ops/s
                 getWorkload: 1268019.783 ops/s
                 putWorkload: 24429.994 ops/s



Result "org.hestiastore.benchmark.segmentindex.SegmentIndexMixedDrainBenchmark.partitionedIngestMixed":
  1236159.909 ±(99.9%) 401574.950 ops/s [Average]
  (min, avg, max) = (1114980.936, 1236159.909, 1337758.721), stdev = 104287.739
  CI (99.9%): [834584.959, 1637734.859] (assumes normal distribution)

Secondary result "org.hestiastore.benchmark.segmentindex.SegmentIndexMixedDrainBenchmark.partitionedIngestMixed:getWorkload":
  1214464.948 ±(99.9%) 397053.158 ops/s [Average]
  (min, avg, max) = (1094963.210, 1214464.948, 1314992.599), stdev = 103113.444
  CI (99.9%): [817411.790, 1611518.106] (assumes normal distribution)

Secondary result "org.hestiastore.benchmark.segmentindex.SegmentIndexMixedDrainBenchmark.partitionedIngestMixed:putWorkload":
  21694.962 ±(99.9%) 7130.354 ops/s [Average]
  (min, avg, max) = (20017.726, 21694.962, 24429.994), stdev = 1851.730
  CI (99.9%): [14564.607, 28825.316] (assumes normal distribution)


# Run complete. Total time: 00:00:18

REMEMBER: The numbers below are just data. To gain reusable insights, you need to follow up on
why the numbers are the way they are. Use profilers (see -prof, -lprof), design factorial
experiments, perform baseline and negative tests that provide experimental control, make sure
the benchmarking environment is safe on JVM/OS/HW level, ask for reviews from the domain experts.
Do not assume the numbers tell you what you want them to tell.

NOTE: Current JVM experimentally supports Compiler Blackholes, and they are in use. Please exercise
extra caution when trusting the results, look into the generated code to check the benchmark still
works, and factor in a small probability of new VM bugs. Additionally, while comparisons between
different JVMs are already problematic, the performance difference caused by different Blackhole
modes can be very significant. Please make sure you use the consistent Blackhole mode for comparisons.

Benchmark                                                           (hotKeySpace)  (workloadMode)   Mode  Cnt        Score        Error  Units
SegmentIndexMixedDrainBenchmark.partitionedIngestMixed                        256      splitHeavy  thrpt    5  1236159.909 ± 401574.950  ops/s
SegmentIndexMixedDrainBenchmark.partitionedIngestMixed:getWorkload            256      splitHeavy  thrpt    5  1214464.948 ± 397053.158  ops/s
SegmentIndexMixedDrainBenchmark.partitionedIngestMixed:putWorkload            256      splitHeavy  thrpt    5    21694.962 ±   7130.354  ops/s

Benchmark result is saved to /home/runner/work/_temp/benchmark-results/candidate/raw/segment-index-mixed-split-heavy.json
