# JMH version: 1.37
# VM version: JDK 21.0.12.1, OpenJDK 64-Bit Server VM, 21.0.12.1+1-LTS
# VM invoker: /usr/lib/jvm/temurin-21-jdk-amd64/bin/java
# VM options: <none>
# Blackhole mode: compiler (auto-detected, use -Djmh.blackhole.autoDetect=false to disable)
# Warmup: 2 iterations, 2 s each
# Measurement: 5 iterations, 2 s each
# Timeout: 10 min per iteration
# Threads: 4 threads, will synchronize iterations
# Benchmark mode: Throughput, ops/time
# Benchmark: org.hestiastore.benchmark.segmentindex.SegmentIndexGetBenchmark.getHitSync
# Parameters: (chunkStoreCachePageLimit = 0, contextLogging = false, keyCount = 12000, maxKeysInChunk = 256, readPathMode = persisted, snappy = true, valueLength = 64)

# Run progress: 0.00% complete, ETA 00:00:56
# Fork: 1 of 1
# Warmup Iteration   1: 77267.852 ops/s
# Warmup Iteration   2: 131701.593 ops/s
Iteration   1: 132627.451 ops/s
Iteration   2: 132508.322 ops/s
Iteration   3: 126791.561 ops/s
Iteration   4: 132945.529 ops/s
Iteration   5: 131736.588 ops/s


Result "org.hestiastore.benchmark.segmentindex.SegmentIndexGetBenchmark.getHitSync":
  131321.890 ±(99.9%) 9900.755 ops/s [Average]
  (min, avg, max) = (126791.561, 131321.890, 132945.529), stdev = 2571.195
  CI (99.9%): [121421.135, 141222.645] (assumes normal distribution)


# JMH version: 1.37
# VM version: JDK 21.0.12.1, OpenJDK 64-Bit Server VM, 21.0.12.1+1-LTS
# VM invoker: /usr/lib/jvm/temurin-21-jdk-amd64/bin/java
# VM options: <none>
# Blackhole mode: compiler (auto-detected, use -Djmh.blackhole.autoDetect=false to disable)
# Warmup: 2 iterations, 2 s each
# Measurement: 5 iterations, 2 s each
# Timeout: 10 min per iteration
# Threads: 4 threads, will synchronize iterations
# Benchmark mode: Throughput, ops/time
# Benchmark: org.hestiastore.benchmark.segmentindex.SegmentIndexGetBenchmark.getHitSync
# Parameters: (chunkStoreCachePageLimit = 128, contextLogging = false, keyCount = 12000, maxKeysInChunk = 256, readPathMode = persisted, snappy = true, valueLength = 64)

# Run progress: 25.00% complete, ETA 00:00:48
# Fork: 1 of 1
# Warmup Iteration   1: 2305423.612 ops/s
# Warmup Iteration   2: 3263418.108 ops/s
Iteration   1: 3175451.238 ops/s
Iteration   2: 3179409.676 ops/s
Iteration   3: 3171921.177 ops/s
Iteration   4: 3159802.840 ops/s
Iteration   5: 3169883.335 ops/s


Result "org.hestiastore.benchmark.segmentindex.SegmentIndexGetBenchmark.getHitSync":
  3171293.653 ±(99.9%) 28399.440 ops/s [Average]
  (min, avg, max) = (3159802.840, 3171293.653, 3179409.676), stdev = 7375.244
  CI (99.9%): [3142894.214, 3199693.093] (assumes normal distribution)


# JMH version: 1.37
# VM version: JDK 21.0.12.1, OpenJDK 64-Bit Server VM, 21.0.12.1+1-LTS
# VM invoker: /usr/lib/jvm/temurin-21-jdk-amd64/bin/java
# VM options: <none>
# Blackhole mode: compiler (auto-detected, use -Djmh.blackhole.autoDetect=false to disable)
# Warmup: 2 iterations, 2 s each
# Measurement: 5 iterations, 2 s each
# Timeout: 10 min per iteration
# Threads: 4 threads, will synchronize iterations
# Benchmark mode: Throughput, ops/time
# Benchmark: org.hestiastore.benchmark.segmentindex.SegmentIndexGetBenchmark.getMissSync
# Parameters: (chunkStoreCachePageLimit = 0, contextLogging = false, keyCount = 12000, maxKeysInChunk = 256, readPathMode = persisted, snappy = true, valueLength = 64)

# Run progress: 50.00% complete, ETA 00:00:32
# Fork: 1 of 1
# Warmup Iteration   1: 3704918.448 ops/s
# Warmup Iteration   2: 4625622.459 ops/s
Iteration   1: 4672098.335 ops/s
Iteration   2: 4604699.819 ops/s
Iteration   3: 4667946.167 ops/s
Iteration   4: 4682755.260 ops/s
Iteration   5: 4681844.604 ops/s


Result "org.hestiastore.benchmark.segmentindex.SegmentIndexGetBenchmark.getMissSync":
  4661868.837 ±(99.9%) 125443.956 ops/s [Average]
  (min, avg, max) = (4604699.819, 4661868.837, 4682755.260), stdev = 32577.397
  CI (99.9%): [4536424.881, 4787312.793] (assumes normal distribution)


# JMH version: 1.37
# VM version: JDK 21.0.12.1, OpenJDK 64-Bit Server VM, 21.0.12.1+1-LTS
# VM invoker: /usr/lib/jvm/temurin-21-jdk-amd64/bin/java
# VM options: <none>
# Blackhole mode: compiler (auto-detected, use -Djmh.blackhole.autoDetect=false to disable)
# Warmup: 2 iterations, 2 s each
# Measurement: 5 iterations, 2 s each
# Timeout: 10 min per iteration
# Threads: 4 threads, will synchronize iterations
# Benchmark mode: Throughput, ops/time
# Benchmark: org.hestiastore.benchmark.segmentindex.SegmentIndexGetBenchmark.getMissSync
# Parameters: (chunkStoreCachePageLimit = 128, contextLogging = false, keyCount = 12000, maxKeysInChunk = 256, readPathMode = persisted, snappy = true, valueLength = 64)

# Run progress: 75.00% complete, ETA 00:00:16
# Fork: 1 of 1
# Warmup Iteration   1: 3770632.934 ops/s
# Warmup Iteration   2: 4417798.850 ops/s
Iteration   1: 4272368.504 ops/s
Iteration   2: 4264100.288 ops/s
Iteration   3: 4255940.274 ops/s
Iteration   4: 4245923.008 ops/s
Iteration   5: 4245632.761 ops/s


Result "org.hestiastore.benchmark.segmentindex.SegmentIndexGetBenchmark.getMissSync":
  4256792.967 ±(99.9%) 44716.720 ops/s [Average]
  (min, avg, max) = (4245632.761, 4256792.967, 4272368.504), stdev = 11612.790
  CI (99.9%): [4212076.247, 4301509.687] (assumes normal distribution)


# Run complete. Total time: 00:01:04

REMEMBER: The numbers below are just data. To gain reusable insights, you need to follow up on
why the numbers are the way they are. Use profilers (see -prof, -lprof), design factorial
experiments, perform baseline and negative tests that provide experimental control, make sure
the benchmarking environment is safe on JVM/OS/HW level, ask for reviews from the domain experts.
Do not assume the numbers tell you what you want them to tell.

NOTE: Current JVM experimentally supports Compiler Blackholes, and they are in use. Please exercise
extra caution when trusting the results, look into the generated code to check the benchmark still
works, and factor in a small probability of new VM bugs. Additionally, while comparisons between
different JVMs are already problematic, the performance difference caused by different Blackhole
modes can be very significant. Please make sure you use the consistent Blackhole mode for comparisons.

Benchmark                             (chunkStoreCachePageLimit)  (contextLogging)  (keyCount)  (maxKeysInChunk)  (readPathMode)  (snappy)  (valueLength)   Mode  Cnt        Score        Error  Units
SegmentIndexGetBenchmark.getHitSync                            0             false       12000               256       persisted      true             64  thrpt    5   131321.890 ±   9900.755  ops/s
SegmentIndexGetBenchmark.getHitSync                          128             false       12000               256       persisted      true             64  thrpt    5  3171293.653 ±  28399.440  ops/s
SegmentIndexGetBenchmark.getMissSync                           0             false       12000               256       persisted      true             64  thrpt    5  4661868.837 ± 125443.956  ops/s
SegmentIndexGetBenchmark.getMissSync                         128             false       12000               256       persisted      true             64  thrpt    5  4256792.967 ±  44716.720  ops/s

Benchmark result is saved to /home/runner/work/_temp/benchmark-results/candidate/raw/segment-index-get-persisted.json
