# JMH version: 1.37
# VM version: JDK 21.0.12.1, OpenJDK 64-Bit Server VM, 21.0.12.1+1-LTS
# VM invoker: /usr/lib/jvm/temurin-21-jdk-amd64/bin/java
# VM options: <none>
# Blackhole mode: compiler (auto-detected, use -Djmh.blackhole.autoDetect=false to disable)
# Warmup: 2 iterations, 2 s each
# Measurement: 5 iterations, 2 s each
# Timeout: 10 min per iteration
# Threads: 20 threads (1 group; 4x "getWorkload", 16x "putWorkload" in each group), will synchronize iterations
# Benchmark mode: Throughput, ops/time
# Benchmark: org.hestiastore.benchmark.segmentindex.SegmentIndexMixedDrainBenchmark.partitionedIngestMixed
# Parameters: (hotKeySpace = 256, workloadMode = splitHeavy)

# Run progress: 0.00% complete, ETA 00:00:14
# Fork: 1 of 1
# Warmup Iteration   1: 681825.224 ops/s
# Warmup Iteration   2: 1419090.892 ops/s
Iteration   1: 1357765.814 ops/s
                 getWorkload: 1336519.264 ops/s
                 putWorkload: 21246.550 ops/s

Iteration   2: 1689356.881 ops/s
                 getWorkload: 1664522.126 ops/s
                 putWorkload: 24834.755 ops/s

Iteration   3: 1851162.137 ops/s
                 getWorkload: 1829191.079 ops/s
                 putWorkload: 21971.058 ops/s

Iteration   4: 1962608.416 ops/s
                 getWorkload: 1938933.319 ops/s
                 putWorkload: 23675.097 ops/s

Iteration   5: 1932298.445 ops/s
                 getWorkload: 1907444.032 ops/s
                 putWorkload: 24854.413 ops/s



Result "org.hestiastore.benchmark.segmentindex.SegmentIndexMixedDrainBenchmark.partitionedIngestMixed":
  1758638.338 ±(99.9%) 954581.115 ops/s [Average]
  (min, avg, max) = (1357765.814, 1758638.338, 1962608.416), stdev = 247901.684
  CI (99.9%): [804057.223, 2713219.453] (assumes normal distribution)

Secondary result "org.hestiastore.benchmark.segmentindex.SegmentIndexMixedDrainBenchmark.partitionedIngestMixed:getWorkload":
  1735321.964 ±(99.9%) 950943.809 ops/s [Average]
  (min, avg, max) = (1336519.264, 1735321.964, 1938933.319), stdev = 246957.087
  CI (99.9%): [784378.155, 2686265.773] (assumes normal distribution)

Secondary result "org.hestiastore.benchmark.segmentindex.SegmentIndexMixedDrainBenchmark.partitionedIngestMixed:putWorkload":
  23316.374 ±(99.9%) 6354.662 ops/s [Average]
  (min, avg, max) = (21246.550, 23316.374, 24854.413), stdev = 1650.286
  CI (99.9%): [16961.712, 29671.037] (assumes normal distribution)


# Run complete. Total time: 00:00:18

REMEMBER: The numbers below are just data. To gain reusable insights, you need to follow up on
why the numbers are the way they are. Use profilers (see -prof, -lprof), design factorial
experiments, perform baseline and negative tests that provide experimental control, make sure
the benchmarking environment is safe on JVM/OS/HW level, ask for reviews from the domain experts.
Do not assume the numbers tell you what you want them to tell.

NOTE: Current JVM experimentally supports Compiler Blackholes, and they are in use. Please exercise
extra caution when trusting the results, look into the generated code to check the benchmark still
works, and factor in a small probability of new VM bugs. Additionally, while comparisons between
different JVMs are already problematic, the performance difference caused by different Blackhole
modes can be very significant. Please make sure you use the consistent Blackhole mode for comparisons.

Benchmark                                                           (hotKeySpace)  (workloadMode)   Mode  Cnt        Score        Error  Units
SegmentIndexMixedDrainBenchmark.partitionedIngestMixed                        256      splitHeavy  thrpt    5  1758638.338 ± 954581.115  ops/s
SegmentIndexMixedDrainBenchmark.partitionedIngestMixed:getWorkload            256      splitHeavy  thrpt    5  1735321.964 ± 950943.809  ops/s
SegmentIndexMixedDrainBenchmark.partitionedIngestMixed:putWorkload            256      splitHeavy  thrpt    5    23316.374 ±   6354.662  ops/s

Benchmark result is saved to /home/runner/work/_temp/benchmark-results/candidate/raw/segment-index-mixed-split-heavy.json
