# JMH version: 1.37
# VM version: JDK 21.0.12.1, OpenJDK 64-Bit Server VM, 21.0.12.1+1-LTS
# VM invoker: /usr/lib/jvm/temurin-21-jdk-amd64/bin/java
# VM options: <none>
# Blackhole mode: compiler (auto-detected, use -Djmh.blackhole.autoDetect=false to disable)
# Warmup: 2 iterations, 2 s each
# Measurement: 5 iterations, 2 s each
# Timeout: 10 min per iteration
# Threads: 20 threads (1 group; 4x "getWorkload", 16x "putWorkload" in each group), will synchronize iterations
# Benchmark mode: Throughput, ops/time
# Benchmark: org.hestiastore.benchmark.segmentindex.SegmentIndexMixedDrainBenchmark.partitionedIngestMixed
# Parameters: (hotKeySpace = 256, workloadMode = splitHeavy)

# Run progress: 0.00% complete, ETA 00:00:14
# Fork: 1 of 1
# Warmup Iteration   1: 418348.690 ops/s
# Warmup Iteration   2: 994448.626 ops/s
Iteration   1: 1104964.120 ops/s
                 getWorkload: 1086377.098 ops/s
                 putWorkload: 18587.022 ops/s

Iteration   2: 1222454.475 ops/s
                 getWorkload: 1201911.679 ops/s
                 putWorkload: 20542.796 ops/s

Iteration   3: 1425184.566 ops/s
                 getWorkload: 1405294.381 ops/s
                 putWorkload: 19890.185 ops/s

Iteration   4: 1361838.553 ops/s
                 getWorkload: 1341036.765 ops/s
                 putWorkload: 20801.788 ops/s

Iteration   5: 1440586.632 ops/s
                 getWorkload: 1419433.540 ops/s
                 putWorkload: 21153.092 ops/s



Result "org.hestiastore.benchmark.segmentindex.SegmentIndexMixedDrainBenchmark.partitionedIngestMixed":
  1311005.669 ±(99.9%) 553698.170 ops/s [Average]
  (min, avg, max) = (1104964.120, 1311005.669, 1440586.632), stdev = 143793.656
  CI (99.9%): [757307.500, 1864703.839] (assumes normal distribution)

Secondary result "org.hestiastore.benchmark.segmentindex.SegmentIndexMixedDrainBenchmark.partitionedIngestMixed:getWorkload":
  1290810.693 ±(99.9%) 550888.210 ops/s [Average]
  (min, avg, max) = (1086377.098, 1290810.693, 1419433.540), stdev = 143063.919
  CI (99.9%): [739922.482, 1841698.903] (assumes normal distribution)

Secondary result "org.hestiastore.benchmark.segmentindex.SegmentIndexMixedDrainBenchmark.partitionedIngestMixed:putWorkload":
  20194.977 ±(99.9%) 3891.627 ops/s [Average]
  (min, avg, max) = (18587.022, 20194.977, 21153.092), stdev = 1010.643
  CI (99.9%): [16303.349, 24086.604] (assumes normal distribution)


# Run complete. Total time: 00:00:19

REMEMBER: The numbers below are just data. To gain reusable insights, you need to follow up on
why the numbers are the way they are. Use profilers (see -prof, -lprof), design factorial
experiments, perform baseline and negative tests that provide experimental control, make sure
the benchmarking environment is safe on JVM/OS/HW level, ask for reviews from the domain experts.
Do not assume the numbers tell you what you want them to tell.

NOTE: Current JVM experimentally supports Compiler Blackholes, and they are in use. Please exercise
extra caution when trusting the results, look into the generated code to check the benchmark still
works, and factor in a small probability of new VM bugs. Additionally, while comparisons between
different JVMs are already problematic, the performance difference caused by different Blackhole
modes can be very significant. Please make sure you use the consistent Blackhole mode for comparisons.

Benchmark                                                           (hotKeySpace)  (workloadMode)   Mode  Cnt        Score        Error  Units
SegmentIndexMixedDrainBenchmark.partitionedIngestMixed                        256      splitHeavy  thrpt    5  1311005.669 ± 553698.170  ops/s
SegmentIndexMixedDrainBenchmark.partitionedIngestMixed:getWorkload            256      splitHeavy  thrpt    5  1290810.693 ± 550888.210  ops/s
SegmentIndexMixedDrainBenchmark.partitionedIngestMixed:putWorkload            256      splitHeavy  thrpt    5    20194.977 ±   3891.627  ops/s

Benchmark result is saved to /home/runner/work/_temp/benchmark-results/candidate/raw/segment-index-mixed-split-heavy.json
