# JMH version: 1.37
# VM version: JDK 21.0.12.1, OpenJDK 64-Bit Server VM, 21.0.12.1+1-LTS
# VM invoker: /usr/lib/jvm/temurin-21-jdk-amd64/bin/java
# VM options: <none>
# Blackhole mode: compiler (auto-detected, use -Djmh.blackhole.autoDetect=false to disable)
# Warmup: 2 iterations, 2 s each
# Measurement: 5 iterations, 2 s each
# Timeout: 10 min per iteration
# Threads: 20 threads (1 group; 4x "getWorkload", 16x "putWorkload" in each group), will synchronize iterations
# Benchmark mode: Throughput, ops/time
# Benchmark: org.hestiastore.benchmark.segmentindex.SegmentIndexMixedDrainBenchmark.partitionedIngestMixed
# Parameters: (hotKeySpace = 256, workloadMode = drainOnly)

# Run progress: 0.00% complete, ETA 00:00:14
# Fork: 1 of 1
# Warmup Iteration   1: 469606.256 ops/s
# Warmup Iteration   2: 586689.725 ops/s
Iteration   1: 556228.476 ops/s
                 getWorkload: 298870.425 ops/s
                 putWorkload: 257358.051 ops/s

Iteration   2: 546927.113 ops/s
                 getWorkload: 277679.462 ops/s
                 putWorkload: 269247.651 ops/s

Iteration   3: 578919.329 ops/s
                 getWorkload: 308860.099 ops/s
                 putWorkload: 270059.230 ops/s

Iteration   4: 576229.671 ops/s
                 getWorkload: 291000.491 ops/s
                 putWorkload: 285229.180 ops/s

Iteration   5: 575126.168 ops/s
                 getWorkload: 285460.611 ops/s
                 putWorkload: 289665.558 ops/s



Result "org.hestiastore.benchmark.segmentindex.SegmentIndexMixedDrainBenchmark.partitionedIngestMixed":
  566686.151 ±(99.9%) 54854.645 ops/s [Average]
  (min, avg, max) = (546927.113, 566686.151, 578919.329), stdev = 14245.577
  CI (99.9%): [511831.507, 621540.796] (assumes normal distribution)

Secondary result "org.hestiastore.benchmark.segmentindex.SegmentIndexMixedDrainBenchmark.partitionedIngestMixed:getWorkload":
  292374.218 ±(99.9%) 46352.138 ops/s [Average]
  (min, avg, max) = (277679.462, 292374.218, 308860.099), stdev = 12037.503
  CI (99.9%): [246022.079, 338726.356] (assumes normal distribution)

Secondary result "org.hestiastore.benchmark.segmentindex.SegmentIndexMixedDrainBenchmark.partitionedIngestMixed:putWorkload":
  274311.934 ±(99.9%) 50430.449 ops/s [Average]
  (min, avg, max) = (257358.051, 274311.934, 289665.558), stdev = 13096.627
  CI (99.9%): [223881.485, 324742.383] (assumes normal distribution)


# Run complete. Total time: 00:00:15

REMEMBER: The numbers below are just data. To gain reusable insights, you need to follow up on
why the numbers are the way they are. Use profilers (see -prof, -lprof), design factorial
experiments, perform baseline and negative tests that provide experimental control, make sure
the benchmarking environment is safe on JVM/OS/HW level, ask for reviews from the domain experts.
Do not assume the numbers tell you what you want them to tell.

NOTE: Current JVM experimentally supports Compiler Blackholes, and they are in use. Please exercise
extra caution when trusting the results, look into the generated code to check the benchmark still
works, and factor in a small probability of new VM bugs. Additionally, while comparisons between
different JVMs are already problematic, the performance difference caused by different Blackhole
modes can be very significant. Please make sure you use the consistent Blackhole mode for comparisons.

Benchmark                                                           (hotKeySpace)  (workloadMode)   Mode  Cnt       Score       Error  Units
SegmentIndexMixedDrainBenchmark.partitionedIngestMixed                        256       drainOnly  thrpt    5  566686.151 ± 54854.645  ops/s
SegmentIndexMixedDrainBenchmark.partitionedIngestMixed:getWorkload            256       drainOnly  thrpt    5  292374.218 ± 46352.138  ops/s
SegmentIndexMixedDrainBenchmark.partitionedIngestMixed:putWorkload            256       drainOnly  thrpt    5  274311.934 ± 50430.449  ops/s

Benchmark result is saved to /home/runner/work/_temp/benchmark-results/candidate/raw/segment-index-mixed-drain.json
