# JMH version: 1.37
# VM version: JDK 21.0.12.1, OpenJDK 64-Bit Server VM, 21.0.12.1+1-LTS
# VM invoker: /usr/lib/jvm/temurin-21-jdk-amd64/bin/java
# VM options: <none>
# Blackhole mode: compiler (auto-detected, use -Djmh.blackhole.autoDetect=false to disable)
# Warmup: 2 iterations, 2 s each
# Measurement: 5 iterations, 2 s each
# Timeout: 10 min per iteration
# Threads: 20 threads (1 group; 4x "getWorkload", 16x "putWorkload" in each group), will synchronize iterations
# Benchmark mode: Throughput, ops/time
# Benchmark: org.hestiastore.benchmark.segmentindex.SegmentIndexMixedDrainBenchmark.partitionedIngestMixed
# Parameters: (hotKeySpace = 256, workloadMode = splitHeavy)

# Run progress: 0.00% complete, ETA 00:00:14
# Fork: 1 of 1
# Warmup Iteration   1: 301431.257 ops/s
# Warmup Iteration   2: 915741.758 ops/s
Iteration   1: 1097381.557 ops/s
                 getWorkload: 1066485.411 ops/s
                 putWorkload: 30896.146 ops/s

Iteration   2: 1220302.286 ops/s
                 getWorkload: 1184564.343 ops/s
                 putWorkload: 35737.943 ops/s

Iteration   3: 1264461.439 ops/s
                 getWorkload: 1231602.848 ops/s
                 putWorkload: 32858.591 ops/s

Iteration   4: 1482093.030 ops/s
                 getWorkload: 1449870.286 ops/s
                 putWorkload: 32222.744 ops/s

Iteration   5: 1313401.674 ops/s
                 getWorkload: 1275529.455 ops/s
                 putWorkload: 37872.219 ops/s



Result "org.hestiastore.benchmark.segmentindex.SegmentIndexMixedDrainBenchmark.partitionedIngestMixed":
  1275527.997 ±(99.9%) 541190.266 ops/s [Average]
  (min, avg, max) = (1097381.557, 1275527.997, 1482093.030), stdev = 140545.393
  CI (99.9%): [734337.732, 1816718.263] (assumes normal distribution)

Secondary result "org.hestiastore.benchmark.segmentindex.SegmentIndexMixedDrainBenchmark.partitionedIngestMixed:getWorkload":
  1241610.469 ±(99.9%) 539591.354 ops/s [Average]
  (min, avg, max) = (1066485.411, 1241610.469, 1449870.286), stdev = 140130.161
  CI (99.9%): [702019.115, 1781201.822] (assumes normal distribution)

Secondary result "org.hestiastore.benchmark.segmentindex.SegmentIndexMixedDrainBenchmark.partitionedIngestMixed:putWorkload":
  33917.529 ±(99.9%) 10904.171 ops/s [Average]
  (min, avg, max) = (30896.146, 33917.529, 37872.219), stdev = 2831.779
  CI (99.9%): [23013.358, 44821.699] (assumes normal distribution)


# Run complete. Total time: 00:00:18

REMEMBER: The numbers below are just data. To gain reusable insights, you need to follow up on
why the numbers are the way they are. Use profilers (see -prof, -lprof), design factorial
experiments, perform baseline and negative tests that provide experimental control, make sure
the benchmarking environment is safe on JVM/OS/HW level, ask for reviews from the domain experts.
Do not assume the numbers tell you what you want them to tell.

NOTE: Current JVM experimentally supports Compiler Blackholes, and they are in use. Please exercise
extra caution when trusting the results, look into the generated code to check the benchmark still
works, and factor in a small probability of new VM bugs. Additionally, while comparisons between
different JVMs are already problematic, the performance difference caused by different Blackhole
modes can be very significant. Please make sure you use the consistent Blackhole mode for comparisons.

Benchmark                                                           (hotKeySpace)  (workloadMode)   Mode  Cnt        Score        Error  Units
SegmentIndexMixedDrainBenchmark.partitionedIngestMixed                        256      splitHeavy  thrpt    5  1275527.997 ± 541190.266  ops/s
SegmentIndexMixedDrainBenchmark.partitionedIngestMixed:getWorkload            256      splitHeavy  thrpt    5  1241610.469 ± 539591.354  ops/s
SegmentIndexMixedDrainBenchmark.partitionedIngestMixed:putWorkload            256      splitHeavy  thrpt    5    33917.529 ±  10904.171  ops/s

Benchmark result is saved to /home/runner/work/_temp/benchmark-results/candidate/raw/segment-index-mixed-split-heavy.json
