# JMH version: 1.37
# VM version: JDK 21.0.12.1, OpenJDK 64-Bit Server VM, 21.0.12.1+1-LTS
# VM invoker: /usr/lib/jvm/temurin-21-jdk-amd64/bin/java
# VM options: <none>
# Blackhole mode: compiler (auto-detected, use -Djmh.blackhole.autoDetect=false to disable)
# Warmup: 2 iterations, 2 s each
# Measurement: 5 iterations, 2 s each
# Timeout: 10 min per iteration
# Threads: 20 threads (1 group; 4x "getWorkload", 16x "putWorkload" in each group), will synchronize iterations
# Benchmark mode: Throughput, ops/time
# Benchmark: org.hestiastore.benchmark.segmentindex.SegmentIndexMixedDrainBenchmark.partitionedIngestMixed
# Parameters: (hotKeySpace = 256, workloadMode = drainOnly)

# Run progress: 0.00% complete, ETA 00:00:14
# Fork: 1 of 1
# Warmup Iteration   1: 541062.017 ops/s
# Warmup Iteration   2: 619650.786 ops/s
Iteration   1: 535252.193 ops/s
                 getWorkload: 252046.752 ops/s
                 putWorkload: 283205.441 ops/s

Iteration   2: 552906.742 ops/s
                 getWorkload: 253331.504 ops/s
                 putWorkload: 299575.239 ops/s

Iteration   3: 563066.601 ops/s
                 getWorkload: 265430.240 ops/s
                 putWorkload: 297636.361 ops/s

Iteration   4: 575017.641 ops/s
                 getWorkload: 269177.740 ops/s
                 putWorkload: 305839.900 ops/s

Iteration   5: 564727.859 ops/s
                 getWorkload: 257149.405 ops/s
                 putWorkload: 307578.453 ops/s



Result "org.hestiastore.benchmark.segmentindex.SegmentIndexMixedDrainBenchmark.partitionedIngestMixed":
  558194.207 ±(99.9%) 57879.868 ops/s [Average]
  (min, avg, max) = (535252.193, 558194.207, 575017.641), stdev = 15031.218
  CI (99.9%): [500314.339, 616074.075] (assumes normal distribution)

Secondary result "org.hestiastore.benchmark.segmentindex.SegmentIndexMixedDrainBenchmark.partitionedIngestMixed:getWorkload":
  259427.128 ±(99.9%) 29067.031 ops/s [Average]
  (min, avg, max) = (252046.752, 259427.128, 269177.740), stdev = 7548.616
  CI (99.9%): [230360.097, 288494.160] (assumes normal distribution)

Secondary result "org.hestiastore.benchmark.segmentindex.SegmentIndexMixedDrainBenchmark.partitionedIngestMixed:putWorkload":
  298767.079 ±(99.9%) 37122.352 ops/s [Average]
  (min, avg, max) = (283205.441, 298767.079, 307578.453), stdev = 9640.557
  CI (99.9%): [261644.727, 335889.431] (assumes normal distribution)


# Run complete. Total time: 00:00:15

REMEMBER: The numbers below are just data. To gain reusable insights, you need to follow up on
why the numbers are the way they are. Use profilers (see -prof, -lprof), design factorial
experiments, perform baseline and negative tests that provide experimental control, make sure
the benchmarking environment is safe on JVM/OS/HW level, ask for reviews from the domain experts.
Do not assume the numbers tell you what you want them to tell.

NOTE: Current JVM experimentally supports Compiler Blackholes, and they are in use. Please exercise
extra caution when trusting the results, look into the generated code to check the benchmark still
works, and factor in a small probability of new VM bugs. Additionally, while comparisons between
different JVMs are already problematic, the performance difference caused by different Blackhole
modes can be very significant. Please make sure you use the consistent Blackhole mode for comparisons.

Benchmark                                                           (hotKeySpace)  (workloadMode)   Mode  Cnt       Score       Error  Units
SegmentIndexMixedDrainBenchmark.partitionedIngestMixed                        256       drainOnly  thrpt    5  558194.207 ± 57879.868  ops/s
SegmentIndexMixedDrainBenchmark.partitionedIngestMixed:getWorkload            256       drainOnly  thrpt    5  259427.128 ± 29067.031  ops/s
SegmentIndexMixedDrainBenchmark.partitionedIngestMixed:putWorkload            256       drainOnly  thrpt    5  298767.079 ± 37122.352  ops/s

Benchmark result is saved to /home/runner/work/_temp/benchmark-results/candidate/raw/segment-index-mixed-drain.json
