# JMH version: 1.37
# VM version: JDK 21.0.11, OpenJDK 64-Bit Server VM, 21.0.11+10-LTS
# VM invoker: /usr/lib/jvm/temurin-21-jdk-amd64/bin/java
# VM options: <none>
# Blackhole mode: compiler (auto-detected, use -Djmh.blackhole.autoDetect=false to disable)
# Warmup: 2 iterations, 2 s each
# Measurement: 5 iterations, 2 s each
# Timeout: 10 min per iteration
# Threads: 20 threads (1 group; 4x "getWorkload", 16x "putWorkload" in each group), will synchronize iterations
# Benchmark mode: Throughput, ops/time
# Benchmark: org.hestiastore.benchmark.segmentindex.SegmentIndexMixedDrainBenchmark.partitionedIngestMixed
# Parameters: (hotKeySpace = 256, workloadMode = drainOnly)

# Run progress: 0.00% complete, ETA 00:00:14
# Fork: 1 of 1
# Warmup Iteration   1: SLF4J(W): No SLF4J providers were found.
SLF4J(W): Defaulting to no-operation (NOP) logger implementation
SLF4J(W): See https://www.slf4j.org/codes.html#noProviders for further details.
364331.306 ops/s
# Warmup Iteration   2: 442097.609 ops/s
Iteration   1: 414865.590 ops/s
                 getWorkload: 183381.006 ops/s
                 putWorkload: 231484.585 ops/s

Iteration   2: 441929.986 ops/s
                 getWorkload: 224118.633 ops/s
                 putWorkload: 217811.353 ops/s

Iteration   3: 455013.444 ops/s
                 getWorkload: 218836.627 ops/s
                 putWorkload: 236176.817 ops/s

Iteration   4: 442443.446 ops/s
                 getWorkload: 193221.877 ops/s
                 putWorkload: 249221.569 ops/s

Iteration   5: 439442.254 ops/s
                 getWorkload: 192964.492 ops/s
                 putWorkload: 246477.762 ops/s



Result "org.hestiastore.benchmark.segmentindex.SegmentIndexMixedDrainBenchmark.partitionedIngestMixed":
  438738.944 ±(99.9%) 56435.160 ops/s [Average]
  (min, avg, max) = (414865.590, 438738.944, 455013.444), stdev = 14656.032
  CI (99.9%): [382303.784, 495174.104] (assumes normal distribution)

Secondary result "org.hestiastore.benchmark.segmentindex.SegmentIndexMixedDrainBenchmark.partitionedIngestMixed:getWorkload":
  202504.527 ±(99.9%) 68796.147 ops/s [Average]
  (min, avg, max) = (183381.006, 202504.527, 224118.633), stdev = 17866.141
  CI (99.9%): [133708.380, 271300.674] (assumes normal distribution)

Secondary result "org.hestiastore.benchmark.segmentindex.SegmentIndexMixedDrainBenchmark.partitionedIngestMixed:putWorkload":
  236234.417 ±(99.9%) 48538.193 ops/s [Average]
  (min, avg, max) = (217811.353, 236234.417, 249221.569), stdev = 12605.215
  CI (99.9%): [187696.224, 284772.610] (assumes normal distribution)


# Run complete. Total time: 00:00:15

REMEMBER: The numbers below are just data. To gain reusable insights, you need to follow up on
why the numbers are the way they are. Use profilers (see -prof, -lprof), design factorial
experiments, perform baseline and negative tests that provide experimental control, make sure
the benchmarking environment is safe on JVM/OS/HW level, ask for reviews from the domain experts.
Do not assume the numbers tell you what you want them to tell.

NOTE: Current JVM experimentally supports Compiler Blackholes, and they are in use. Please exercise
extra caution when trusting the results, look into the generated code to check the benchmark still
works, and factor in a small probability of new VM bugs. Additionally, while comparisons between
different JVMs are already problematic, the performance difference caused by different Blackhole
modes can be very significant. Please make sure you use the consistent Blackhole mode for comparisons.

Benchmark                                                           (hotKeySpace)  (workloadMode)   Mode  Cnt       Score       Error  Units
SegmentIndexMixedDrainBenchmark.partitionedIngestMixed                        256       drainOnly  thrpt    5  438738.944 ± 56435.160  ops/s
SegmentIndexMixedDrainBenchmark.partitionedIngestMixed:getWorkload            256       drainOnly  thrpt    5  202504.527 ± 68796.147  ops/s
SegmentIndexMixedDrainBenchmark.partitionedIngestMixed:putWorkload            256       drainOnly  thrpt    5  236234.417 ± 48538.193  ops/s

Benchmark result is saved to /home/runner/work/_temp/benchmark-results/candidate/raw/segment-index-mixed-drain.json
