# JMH version: 1.37
# VM version: JDK 21.0.11, OpenJDK 64-Bit Server VM, 21.0.11+10-LTS
# VM invoker: /usr/lib/jvm/temurin-21-jdk-amd64/bin/java
# VM options: <none>
# Blackhole mode: compiler (auto-detected, use -Djmh.blackhole.autoDetect=false to disable)
# Warmup: 2 iterations, 2 s each
# Measurement: 5 iterations, 2 s each
# Timeout: 10 min per iteration
# Threads: 20 threads (1 group; 4x "getWorkload", 16x "putWorkload" in each group), will synchronize iterations
# Benchmark mode: Throughput, ops/time
# Benchmark: org.hestiastore.benchmark.segmentindex.SegmentIndexMixedDrainBenchmark.partitionedIngestMixed
# Parameters: (hotKeySpace = 256, workloadMode = splitHeavy)

# Run progress: 0.00% complete, ETA 00:00:14
# Fork: 1 of 1
# Warmup Iteration   1: SLF4J(W): No SLF4J providers were found.
SLF4J(W): Defaulting to no-operation (NOP) logger implementation
SLF4J(W): See https://www.slf4j.org/codes.html#noProviders for further details.
204001.531 ops/s
# Warmup Iteration   2: 494384.898 ops/s
Iteration   1: 764692.814 ops/s
                 getWorkload: 747184.664 ops/s
                 putWorkload: 17508.150 ops/s

Iteration   2: 808883.083 ops/s
                 getWorkload: 792308.061 ops/s
                 putWorkload: 16575.023 ops/s

Iteration   3: 896099.765 ops/s
                 getWorkload: 879339.341 ops/s
                 putWorkload: 16760.424 ops/s

Iteration   4: 993433.184 ops/s
                 getWorkload: 976363.919 ops/s
                 putWorkload: 17069.265 ops/s

Iteration   5: 862272.499 ops/s
                 getWorkload: 842857.814 ops/s
                 putWorkload: 19414.684 ops/s



Result "org.hestiastore.benchmark.segmentindex.SegmentIndexMixedDrainBenchmark.partitionedIngestMixed":
  865076.269 ±(99.9%) 337235.563 ops/s [Average]
  (min, avg, max) = (764692.814, 865076.269, 993433.184), stdev = 87579.005
  CI (99.9%): [527840.707, 1202311.832] (assumes normal distribution)

Secondary result "org.hestiastore.benchmark.segmentindex.SegmentIndexMixedDrainBenchmark.partitionedIngestMixed:getWorkload":
  847610.760 ±(99.9%) 337620.776 ops/s [Average]
  (min, avg, max) = (747184.664, 847610.760, 976363.919), stdev = 87679.043
  CI (99.9%): [509989.984, 1185231.536] (assumes normal distribution)

Secondary result "org.hestiastore.benchmark.segmentindex.SegmentIndexMixedDrainBenchmark.partitionedIngestMixed:putWorkload":
  17465.509 ±(99.9%) 4410.720 ops/s [Average]
  (min, avg, max) = (16575.023, 17465.509, 19414.684), stdev = 1145.450
  CI (99.9%): [13054.789, 21876.230] (assumes normal distribution)


# Run complete. Total time: 00:00:19

REMEMBER: The numbers below are just data. To gain reusable insights, you need to follow up on
why the numbers are the way they are. Use profilers (see -prof, -lprof), design factorial
experiments, perform baseline and negative tests that provide experimental control, make sure
the benchmarking environment is safe on JVM/OS/HW level, ask for reviews from the domain experts.
Do not assume the numbers tell you what you want them to tell.

NOTE: Current JVM experimentally supports Compiler Blackholes, and they are in use. Please exercise
extra caution when trusting the results, look into the generated code to check the benchmark still
works, and factor in a small probability of new VM bugs. Additionally, while comparisons between
different JVMs are already problematic, the performance difference caused by different Blackhole
modes can be very significant. Please make sure you use the consistent Blackhole mode for comparisons.

Benchmark                                                           (hotKeySpace)  (workloadMode)   Mode  Cnt       Score        Error  Units
SegmentIndexMixedDrainBenchmark.partitionedIngestMixed                        256      splitHeavy  thrpt    5  865076.269 ± 337235.563  ops/s
SegmentIndexMixedDrainBenchmark.partitionedIngestMixed:getWorkload            256      splitHeavy  thrpt    5  847610.760 ± 337620.776  ops/s
SegmentIndexMixedDrainBenchmark.partitionedIngestMixed:putWorkload            256      splitHeavy  thrpt    5   17465.509 ±   4410.720  ops/s

Benchmark result is saved to /home/runner/work/_temp/benchmark-results/candidate/raw/segment-index-mixed-split-heavy.json
