# JMH version: 1.37
# VM version: JDK 21.0.12, OpenJDK 64-Bit Server VM, 21.0.12+8-LTS
# VM invoker: /usr/lib/jvm/temurin-21-jdk-amd64/bin/java
# VM options: <none>
# Blackhole mode: compiler (auto-detected, use -Djmh.blackhole.autoDetect=false to disable)
# Warmup: 2 iterations, 2 s each
# Measurement: 5 iterations, 2 s each
# Timeout: 10 min per iteration
# Threads: 20 threads (1 group; 4x "getWorkload", 16x "putWorkload" in each group), will synchronize iterations
# Benchmark mode: Throughput, ops/time
# Benchmark: org.hestiastore.benchmark.segmentindex.SegmentIndexMixedDrainBenchmark.partitionedIngestMixed
# Parameters: (hotKeySpace = 256, workloadMode = drainOnly)

# Run progress: 0.00% complete, ETA 00:00:14
# Fork: 1 of 1
# Warmup Iteration   1: 532888.758 ops/s
# Warmup Iteration   2: 534959.074 ops/s
Iteration   1: 524499.605 ops/s
                 getWorkload: 271053.282 ops/s
                 putWorkload: 253446.323 ops/s

Iteration   2: 520872.747 ops/s
                 getWorkload: 270493.626 ops/s
                 putWorkload: 250379.121 ops/s

Iteration   3: 551685.832 ops/s
                 getWorkload: 300095.745 ops/s
                 putWorkload: 251590.088 ops/s

Iteration   4: 560377.701 ops/s
                 getWorkload: 298360.765 ops/s
                 putWorkload: 262016.936 ops/s

Iteration   5: 530882.859 ops/s
                 getWorkload: 266680.288 ops/s
                 putWorkload: 264202.571 ops/s



Result "org.hestiastore.benchmark.segmentindex.SegmentIndexMixedDrainBenchmark.partitionedIngestMixed":
  537663.749 ±(99.9%) 67076.276 ops/s [Average]
  (min, avg, max) = (520872.747, 537663.749, 560377.701), stdev = 17419.496
  CI (99.9%): [470587.473, 604740.024] (assumes normal distribution)

Secondary result "org.hestiastore.benchmark.segmentindex.SegmentIndexMixedDrainBenchmark.partitionedIngestMixed:getWorkload":
  281336.741 ±(99.9%) 63268.198 ops/s [Average]
  (min, avg, max) = (266680.288, 281336.741, 300095.745), stdev = 16430.550
  CI (99.9%): [218068.543, 344604.939] (assumes normal distribution)

Secondary result "org.hestiastore.benchmark.segmentindex.SegmentIndexMixedDrainBenchmark.partitionedIngestMixed:putWorkload":
  256327.008 ±(99.9%) 24392.689 ops/s [Average]
  (min, avg, max) = (250379.121, 256327.008, 264202.571), stdev = 6334.704
  CI (99.9%): [231934.319, 280719.696] (assumes normal distribution)


# Run complete. Total time: 00:00:15

REMEMBER: The numbers below are just data. To gain reusable insights, you need to follow up on
why the numbers are the way they are. Use profilers (see -prof, -lprof), design factorial
experiments, perform baseline and negative tests that provide experimental control, make sure
the benchmarking environment is safe on JVM/OS/HW level, ask for reviews from the domain experts.
Do not assume the numbers tell you what you want them to tell.

NOTE: Current JVM experimentally supports Compiler Blackholes, and they are in use. Please exercise
extra caution when trusting the results, look into the generated code to check the benchmark still
works, and factor in a small probability of new VM bugs. Additionally, while comparisons between
different JVMs are already problematic, the performance difference caused by different Blackhole
modes can be very significant. Please make sure you use the consistent Blackhole mode for comparisons.

Benchmark                                                           (hotKeySpace)  (workloadMode)   Mode  Cnt       Score       Error  Units
SegmentIndexMixedDrainBenchmark.partitionedIngestMixed                        256       drainOnly  thrpt    5  537663.749 ± 67076.276  ops/s
SegmentIndexMixedDrainBenchmark.partitionedIngestMixed:getWorkload            256       drainOnly  thrpt    5  281336.741 ± 63268.198  ops/s
SegmentIndexMixedDrainBenchmark.partitionedIngestMixed:putWorkload            256       drainOnly  thrpt    5  256327.008 ± 24392.689  ops/s

Benchmark result is saved to /home/runner/work/_temp/benchmark-results/candidate/raw/segment-index-mixed-drain.json
