# JMH version: 1.37
# VM version: JDK 21.0.12, OpenJDK 64-Bit Server VM, 21.0.12+8-LTS
# VM invoker: /usr/lib/jvm/temurin-21-jdk-amd64/bin/java
# VM options: <none>
# Blackhole mode: compiler (auto-detected, use -Djmh.blackhole.autoDetect=false to disable)
# Warmup: 2 iterations, 2 s each
# Measurement: 5 iterations, 2 s each
# Timeout: 10 min per iteration
# Threads: 20 threads (1 group; 4x "getWorkload", 16x "putWorkload" in each group), will synchronize iterations
# Benchmark mode: Throughput, ops/time
# Benchmark: org.hestiastore.benchmark.segmentindex.SegmentIndexMixedDrainBenchmark.partitionedIngestMixed
# Parameters: (hotKeySpace = 256, workloadMode = splitHeavy)

# Run progress: 0.00% complete, ETA 00:00:14
# Fork: 1 of 1
# Warmup Iteration   1: 453826.749 ops/s
# Warmup Iteration   2: 953119.568 ops/s
Iteration   1: 1017046.237 ops/s
                 getWorkload: 1001602.029 ops/s
                 putWorkload: 15444.208 ops/s

Iteration   2: 1229571.925 ops/s
                 getWorkload: 1213665.602 ops/s
                 putWorkload: 15906.323 ops/s

Iteration   3: 1289154.187 ops/s
                 getWorkload: 1273196.151 ops/s
                 putWorkload: 15958.035 ops/s

Iteration   4: 1270262.160 ops/s
                 getWorkload: 1251887.404 ops/s
                 putWorkload: 18374.757 ops/s

Iteration   5: 1405162.272 ops/s
                 getWorkload: 1388202.676 ops/s
                 putWorkload: 16959.596 ops/s



Result "org.hestiastore.benchmark.segmentindex.SegmentIndexMixedDrainBenchmark.partitionedIngestMixed":
  1242239.356 ±(99.9%) 545931.689 ops/s [Average]
  (min, avg, max) = (1017046.237, 1242239.356, 1405162.272), stdev = 141776.726
  CI (99.9%): [696307.667, 1788171.046] (assumes normal distribution)

Secondary result "org.hestiastore.benchmark.segmentindex.SegmentIndexMixedDrainBenchmark.partitionedIngestMixed:getWorkload":
  1225710.773 ±(99.9%) 543587.340 ops/s [Average]
  (min, avg, max) = (1001602.029, 1225710.773, 1388202.676), stdev = 141167.906
  CI (99.9%): [682123.432, 1769298.113] (assumes normal distribution)

Secondary result "org.hestiastore.benchmark.segmentindex.SegmentIndexMixedDrainBenchmark.partitionedIngestMixed:putWorkload":
  16528.584 ±(99.9%) 4508.186 ops/s [Average]
  (min, avg, max) = (15444.208, 16528.584, 18374.757), stdev = 1170.762
  CI (99.9%): [12020.398, 21036.770] (assumes normal distribution)


# Run complete. Total time: 00:00:19

REMEMBER: The numbers below are just data. To gain reusable insights, you need to follow up on
why the numbers are the way they are. Use profilers (see -prof, -lprof), design factorial
experiments, perform baseline and negative tests that provide experimental control, make sure
the benchmarking environment is safe on JVM/OS/HW level, ask for reviews from the domain experts.
Do not assume the numbers tell you what you want them to tell.

NOTE: Current JVM experimentally supports Compiler Blackholes, and they are in use. Please exercise
extra caution when trusting the results, look into the generated code to check the benchmark still
works, and factor in a small probability of new VM bugs. Additionally, while comparisons between
different JVMs are already problematic, the performance difference caused by different Blackhole
modes can be very significant. Please make sure you use the consistent Blackhole mode for comparisons.

Benchmark                                                           (hotKeySpace)  (workloadMode)   Mode  Cnt        Score        Error  Units
SegmentIndexMixedDrainBenchmark.partitionedIngestMixed                        256      splitHeavy  thrpt    5  1242239.356 ± 545931.689  ops/s
SegmentIndexMixedDrainBenchmark.partitionedIngestMixed:getWorkload            256      splitHeavy  thrpt    5  1225710.773 ± 543587.340  ops/s
SegmentIndexMixedDrainBenchmark.partitionedIngestMixed:putWorkload            256      splitHeavy  thrpt    5    16528.584 ±   4508.186  ops/s

Benchmark result is saved to /home/runner/work/_temp/benchmark-results/candidate/raw/segment-index-mixed-split-heavy.json
