# JMH version: 1.37
# VM version: JDK 21.0.12.1, OpenJDK 64-Bit Server VM, 21.0.12.1+1-LTS
# VM invoker: /usr/lib/jvm/temurin-21-jdk-amd64/bin/java
# VM options: <none>
# Blackhole mode: compiler (auto-detected, use -Djmh.blackhole.autoDetect=false to disable)
# Warmup: 2 iterations, 2 s each
# Measurement: 5 iterations, 2 s each
# Timeout: 10 min per iteration
# Threads: 20 threads (1 group; 4x "getWorkload", 16x "putWorkload" in each group), will synchronize iterations
# Benchmark mode: Throughput, ops/time
# Benchmark: org.hestiastore.benchmark.segmentindex.SegmentIndexMixedDrainBenchmark.partitionedIngestMixed
# Parameters: (hotKeySpace = 256, workloadMode = splitHeavy)

# Run progress: 0.00% complete, ETA 00:00:14
# Fork: 1 of 1
# Warmup Iteration   1: 514910.893 ops/s
# Warmup Iteration   2: 930324.167 ops/s
Iteration   1: 1091897.453 ops/s
                 getWorkload: 1068035.682 ops/s
                 putWorkload: 23861.771 ops/s

Iteration   2: 1128958.216 ops/s
                 getWorkload: 1106736.890 ops/s
                 putWorkload: 22221.326 ops/s

Iteration   3: 1135903.736 ops/s
                 getWorkload: 1112165.601 ops/s
                 putWorkload: 23738.135 ops/s

Iteration   4: 1211314.696 ops/s
                 getWorkload: 1187054.321 ops/s
                 putWorkload: 24260.375 ops/s

Iteration   5: 1095720.961 ops/s
                 getWorkload: 1071680.828 ops/s
                 putWorkload: 24040.134 ops/s



Result "org.hestiastore.benchmark.segmentindex.SegmentIndexMixedDrainBenchmark.partitionedIngestMixed":
  1132759.013 ±(99.9%) 185039.518 ops/s [Average]
  (min, avg, max) = (1091897.453, 1132759.013, 1211314.696), stdev = 48054.175
  CI (99.9%): [947719.495, 1317798.530] (assumes normal distribution)

Secondary result "org.hestiastore.benchmark.segmentindex.SegmentIndexMixedDrainBenchmark.partitionedIngestMixed:getWorkload":
  1109134.664 ±(99.9%) 184452.728 ops/s [Average]
  (min, avg, max) = (1068035.682, 1109134.664, 1187054.321), stdev = 47901.788
  CI (99.9%): [924681.937, 1293587.392] (assumes normal distribution)

Secondary result "org.hestiastore.benchmark.segmentindex.SegmentIndexMixedDrainBenchmark.partitionedIngestMixed:putWorkload":
  23624.348 ±(99.9%) 3113.547 ops/s [Average]
  (min, avg, max) = (22221.326, 23624.348, 24260.375), stdev = 808.578
  CI (99.9%): [20510.801, 26737.895] (assumes normal distribution)


# Run complete. Total time: 00:00:18

REMEMBER: The numbers below are just data. To gain reusable insights, you need to follow up on
why the numbers are the way they are. Use profilers (see -prof, -lprof), design factorial
experiments, perform baseline and negative tests that provide experimental control, make sure
the benchmarking environment is safe on JVM/OS/HW level, ask for reviews from the domain experts.
Do not assume the numbers tell you what you want them to tell.

NOTE: Current JVM experimentally supports Compiler Blackholes, and they are in use. Please exercise
extra caution when trusting the results, look into the generated code to check the benchmark still
works, and factor in a small probability of new VM bugs. Additionally, while comparisons between
different JVMs are already problematic, the performance difference caused by different Blackhole
modes can be very significant. Please make sure you use the consistent Blackhole mode for comparisons.

Benchmark                                                           (hotKeySpace)  (workloadMode)   Mode  Cnt        Score        Error  Units
SegmentIndexMixedDrainBenchmark.partitionedIngestMixed                        256      splitHeavy  thrpt    5  1132759.013 ± 185039.518  ops/s
SegmentIndexMixedDrainBenchmark.partitionedIngestMixed:getWorkload            256      splitHeavy  thrpt    5  1109134.664 ± 184452.728  ops/s
SegmentIndexMixedDrainBenchmark.partitionedIngestMixed:putWorkload            256      splitHeavy  thrpt    5    23624.348 ±   3113.547  ops/s

Benchmark result is saved to /home/runner/work/_temp/benchmark-results/candidate/raw/segment-index-mixed-split-heavy.json
