# JMH version: 1.37
# VM version: JDK 21.0.11, OpenJDK 64-Bit Server VM, 21.0.11+10-LTS
# VM invoker: /usr/lib/jvm/temurin-21-jdk-amd64/bin/java
# VM options: <none>
# Blackhole mode: compiler (auto-detected, use -Djmh.blackhole.autoDetect=false to disable)
# Warmup: 2 iterations, 2 s each
# Measurement: 5 iterations, 2 s each
# Timeout: 10 min per iteration
# Threads: 20 threads (1 group; 4x "getWorkload", 16x "putWorkload" in each group), will synchronize iterations
# Benchmark mode: Throughput, ops/time
# Benchmark: org.hestiastore.benchmark.segmentindex.SegmentIndexMixedDrainBenchmark.partitionedIngestMixed
# Parameters: (hotKeySpace = 256, workloadMode = splitHeavy)

# Run progress: 0.00% complete, ETA 00:00:14
# Fork: 1 of 1
# Warmup Iteration   1: 489706.192 ops/s
# Warmup Iteration   2: 1076239.237 ops/s
Iteration   1: 1109644.662 ops/s
                 getWorkload: 1091510.128 ops/s
                 putWorkload: 18134.534 ops/s

Iteration   2: 1160729.910 ops/s
                 getWorkload: 1143858.277 ops/s
                 putWorkload: 16871.633 ops/s

Iteration   3: 1244938.624 ops/s
                 getWorkload: 1225747.397 ops/s
                 putWorkload: 19191.228 ops/s

Iteration   4: 1279246.488 ops/s
                 getWorkload: 1260957.082 ops/s
                 putWorkload: 18289.407 ops/s

Iteration   5: 1251381.437 ops/s
                 getWorkload: 1233008.108 ops/s
                 putWorkload: 18373.328 ops/s



Result "org.hestiastore.benchmark.segmentindex.SegmentIndexMixedDrainBenchmark.partitionedIngestMixed":
  1209188.224 ±(99.9%) 273799.790 ops/s [Average]
  (min, avg, max) = (1109644.662, 1209188.224, 1279246.488), stdev = 71104.936
  CI (99.9%): [935388.435, 1482988.014] (assumes normal distribution)

Secondary result "org.hestiastore.benchmark.segmentindex.SegmentIndexMixedDrainBenchmark.partitionedIngestMixed:getWorkload":
  1191016.198 ±(99.9%) 272190.628 ops/s [Average]
  (min, avg, max) = (1091510.128, 1191016.198, 1260957.082), stdev = 70687.042
  CI (99.9%): [918825.570, 1463206.826] (assumes normal distribution)

Secondary result "org.hestiastore.benchmark.segmentindex.SegmentIndexMixedDrainBenchmark.partitionedIngestMixed:putWorkload":
  18172.026 ±(99.9%) 3213.328 ops/s [Average]
  (min, avg, max) = (16871.633, 18172.026, 19191.228), stdev = 834.491
  CI (99.9%): [14958.698, 21385.354] (assumes normal distribution)


# Run complete. Total time: 00:00:19

REMEMBER: The numbers below are just data. To gain reusable insights, you need to follow up on
why the numbers are the way they are. Use profilers (see -prof, -lprof), design factorial
experiments, perform baseline and negative tests that provide experimental control, make sure
the benchmarking environment is safe on JVM/OS/HW level, ask for reviews from the domain experts.
Do not assume the numbers tell you what you want them to tell.

NOTE: Current JVM experimentally supports Compiler Blackholes, and they are in use. Please exercise
extra caution when trusting the results, look into the generated code to check the benchmark still
works, and factor in a small probability of new VM bugs. Additionally, while comparisons between
different JVMs are already problematic, the performance difference caused by different Blackhole
modes can be very significant. Please make sure you use the consistent Blackhole mode for comparisons.

Benchmark                                                           (hotKeySpace)  (workloadMode)   Mode  Cnt        Score        Error  Units
SegmentIndexMixedDrainBenchmark.partitionedIngestMixed                        256      splitHeavy  thrpt    5  1209188.224 ± 273799.790  ops/s
SegmentIndexMixedDrainBenchmark.partitionedIngestMixed:getWorkload            256      splitHeavy  thrpt    5  1191016.198 ± 272190.628  ops/s
SegmentIndexMixedDrainBenchmark.partitionedIngestMixed:putWorkload            256      splitHeavy  thrpt    5    18172.026 ±   3213.328  ops/s

Benchmark result is saved to /home/runner/work/_temp/benchmark-results/candidate/raw/segment-index-mixed-split-heavy.json
