# JMH version: 1.37
# VM version: JDK 21.0.11, OpenJDK 64-Bit Server VM, 21.0.11+10-LTS
# VM invoker: /usr/lib/jvm/temurin-21-jdk-amd64/bin/java
# VM options: <none>
# Blackhole mode: compiler (auto-detected, use -Djmh.blackhole.autoDetect=false to disable)
# Warmup: 2 iterations, 2 s each
# Measurement: 5 iterations, 2 s each
# Timeout: 10 min per iteration
# Threads: 20 threads (1 group; 4x "getWorkload", 16x "putWorkload" in each group), will synchronize iterations
# Benchmark mode: Throughput, ops/time
# Benchmark: org.hestiastore.benchmark.segmentindex.SegmentIndexMixedDrainBenchmark.partitionedIngestMixed
# Parameters: (hotKeySpace = 256, workloadMode = drainOnly)

# Run progress: 0.00% complete, ETA 00:00:14
# Fork: 1 of 1
# Warmup Iteration   1: 540984.724 ops/s
# Warmup Iteration   2: 487932.706 ops/s
Iteration   1: 550125.439 ops/s
                 getWorkload: 303621.280 ops/s
                 putWorkload: 246504.158 ops/s

Iteration   2: 535827.754 ops/s
                 getWorkload: 268128.793 ops/s
                 putWorkload: 267698.961 ops/s

Iteration   3: 540435.683 ops/s
                 getWorkload: 268908.181 ops/s
                 putWorkload: 271527.502 ops/s

Iteration   4: 514506.115 ops/s
                 getWorkload: 239140.223 ops/s
                 putWorkload: 275365.893 ops/s

Iteration   5: 525013.585 ops/s
                 getWorkload: 244742.587 ops/s
                 putWorkload: 280270.998 ops/s



Result "org.hestiastore.benchmark.segmentindex.SegmentIndexMixedDrainBenchmark.partitionedIngestMixed":
  533181.715 ±(99.9%) 53154.500 ops/s [Average]
  (min, avg, max) = (514506.115, 533181.715, 550125.439), stdev = 13804.055
  CI (99.9%): [480027.215, 586336.215] (assumes normal distribution)

Secondary result "org.hestiastore.benchmark.segmentindex.SegmentIndexMixedDrainBenchmark.partitionedIngestMixed:getWorkload":
  264908.213 ±(99.9%) 98091.617 ops/s [Average]
  (min, avg, max) = (239140.223, 264908.213, 303621.280), stdev = 25474.081
  CI (99.9%): [166816.596, 362999.829] (assumes normal distribution)

Secondary result "org.hestiastore.benchmark.segmentindex.SegmentIndexMixedDrainBenchmark.partitionedIngestMixed:putWorkload":
  268273.502 ±(99.9%) 50171.720 ops/s [Average]
  (min, avg, max) = (246504.158, 268273.502, 280270.998), stdev = 13029.436
  CI (99.9%): [218101.782, 318445.222] (assumes normal distribution)


# Run complete. Total time: 00:00:15

REMEMBER: The numbers below are just data. To gain reusable insights, you need to follow up on
why the numbers are the way they are. Use profilers (see -prof, -lprof), design factorial
experiments, perform baseline and negative tests that provide experimental control, make sure
the benchmarking environment is safe on JVM/OS/HW level, ask for reviews from the domain experts.
Do not assume the numbers tell you what you want them to tell.

NOTE: Current JVM experimentally supports Compiler Blackholes, and they are in use. Please exercise
extra caution when trusting the results, look into the generated code to check the benchmark still
works, and factor in a small probability of new VM bugs. Additionally, while comparisons between
different JVMs are already problematic, the performance difference caused by different Blackhole
modes can be very significant. Please make sure you use the consistent Blackhole mode for comparisons.

Benchmark                                                           (hotKeySpace)  (workloadMode)   Mode  Cnt       Score       Error  Units
SegmentIndexMixedDrainBenchmark.partitionedIngestMixed                        256       drainOnly  thrpt    5  533181.715 ± 53154.500  ops/s
SegmentIndexMixedDrainBenchmark.partitionedIngestMixed:getWorkload            256       drainOnly  thrpt    5  264908.213 ± 98091.617  ops/s
SegmentIndexMixedDrainBenchmark.partitionedIngestMixed:putWorkload            256       drainOnly  thrpt    5  268273.502 ± 50171.720  ops/s

Benchmark result is saved to /home/runner/work/_temp/benchmark-results/candidate/raw/segment-index-mixed-drain.json
