# JMH version: 1.37
# VM version: JDK 21.0.11, OpenJDK 64-Bit Server VM, 21.0.11+10-LTS
# VM invoker: /usr/lib/jvm/temurin-21-jdk-amd64/bin/java
# VM options: <none>
# Blackhole mode: compiler (auto-detected, use -Djmh.blackhole.autoDetect=false to disable)
# Warmup: 2 iterations, 2 s each
# Measurement: 5 iterations, 2 s each
# Timeout: 10 min per iteration
# Threads: 4 threads, will synchronize iterations
# Benchmark mode: Throughput, ops/time
# Benchmark: org.hestiastore.benchmark.segmentindex.SegmentIndexGetBenchmark.getHitSync
# Parameters: (chunkStoreCachePageLimit = 0, contextLogging = false, keyCount = 12000, maxKeysInChunk = 256, readPathMode = live, snappy = true, valueLength = 64)

# Run progress: 0.00% complete, ETA 00:00:56
# Fork: 1 of 1
# Warmup Iteration   1: 5709503.801 ops/s
# Warmup Iteration   2: 6234226.129 ops/s
Iteration   1: 6149958.029 ops/s
Iteration   2: 6144529.891 ops/s
Iteration   3: 6150370.932 ops/s
Iteration   4: 6157042.217 ops/s
Iteration   5: 6154894.684 ops/s


Result "org.hestiastore.benchmark.segmentindex.SegmentIndexGetBenchmark.getHitSync":
  6151359.151 ±(99.9%) 18703.959 ops/s [Average]
  (min, avg, max) = (6144529.891, 6151359.151, 6157042.217), stdev = 4857.359
  CI (99.9%): [6132655.191, 6170063.110] (assumes normal distribution)


# JMH version: 1.37
# VM version: JDK 21.0.11, OpenJDK 64-Bit Server VM, 21.0.11+10-LTS
# VM invoker: /usr/lib/jvm/temurin-21-jdk-amd64/bin/java
# VM options: <none>
# Blackhole mode: compiler (auto-detected, use -Djmh.blackhole.autoDetect=false to disable)
# Warmup: 2 iterations, 2 s each
# Measurement: 5 iterations, 2 s each
# Timeout: 10 min per iteration
# Threads: 4 threads, will synchronize iterations
# Benchmark mode: Throughput, ops/time
# Benchmark: org.hestiastore.benchmark.segmentindex.SegmentIndexGetBenchmark.getHitSync
# Parameters: (chunkStoreCachePageLimit = 128, contextLogging = false, keyCount = 12000, maxKeysInChunk = 256, readPathMode = live, snappy = true, valueLength = 64)

# Run progress: 25.00% complete, ETA 00:00:47
# Fork: 1 of 1
# Warmup Iteration   1: 5330415.529 ops/s
# Warmup Iteration   2: 6255779.235 ops/s
Iteration   1: 6303982.478 ops/s
Iteration   2: 6267068.137 ops/s
Iteration   3: 6271208.845 ops/s
Iteration   4: 6281736.418 ops/s
Iteration   5: 6284143.915 ops/s


Result "org.hestiastore.benchmark.segmentindex.SegmentIndexGetBenchmark.getHitSync":
  6281627.959 ±(99.9%) 55354.686 ops/s [Average]
  (min, avg, max) = (6267068.137, 6281627.959, 6303982.478), stdev = 14375.436
  CI (99.9%): [6226273.272, 6336982.645] (assumes normal distribution)


# JMH version: 1.37
# VM version: JDK 21.0.11, OpenJDK 64-Bit Server VM, 21.0.11+10-LTS
# VM invoker: /usr/lib/jvm/temurin-21-jdk-amd64/bin/java
# VM options: <none>
# Blackhole mode: compiler (auto-detected, use -Djmh.blackhole.autoDetect=false to disable)
# Warmup: 2 iterations, 2 s each
# Measurement: 5 iterations, 2 s each
# Timeout: 10 min per iteration
# Threads: 4 threads, will synchronize iterations
# Benchmark mode: Throughput, ops/time
# Benchmark: org.hestiastore.benchmark.segmentindex.SegmentIndexGetBenchmark.getMissSync
# Parameters: (chunkStoreCachePageLimit = 0, contextLogging = false, keyCount = 12000, maxKeysInChunk = 256, readPathMode = live, snappy = true, valueLength = 64)

# Run progress: 50.00% complete, ETA 00:00:31
# Fork: 1 of 1
# Warmup Iteration   1: 4913305.146 ops/s
# Warmup Iteration   2: 5856126.299 ops/s
Iteration   1: 5739167.242 ops/s
Iteration   2: 5734982.162 ops/s
Iteration   3: 5732485.378 ops/s
Iteration   4: 5726931.544 ops/s
Iteration   5: 5739339.892 ops/s


Result "org.hestiastore.benchmark.segmentindex.SegmentIndexGetBenchmark.getMissSync":
  5734581.244 ±(99.9%) 19892.164 ops/s [Average]
  (min, avg, max) = (5726931.544, 5734581.244, 5739339.892), stdev = 5165.932
  CI (99.9%): [5714689.080, 5754473.407] (assumes normal distribution)


# JMH version: 1.37
# VM version: JDK 21.0.11, OpenJDK 64-Bit Server VM, 21.0.11+10-LTS
# VM invoker: /usr/lib/jvm/temurin-21-jdk-amd64/bin/java
# VM options: <none>
# Blackhole mode: compiler (auto-detected, use -Djmh.blackhole.autoDetect=false to disable)
# Warmup: 2 iterations, 2 s each
# Measurement: 5 iterations, 2 s each
# Timeout: 10 min per iteration
# Threads: 4 threads, will synchronize iterations
# Benchmark mode: Throughput, ops/time
# Benchmark: org.hestiastore.benchmark.segmentindex.SegmentIndexGetBenchmark.getMissSync
# Parameters: (chunkStoreCachePageLimit = 128, contextLogging = false, keyCount = 12000, maxKeysInChunk = 256, readPathMode = live, snappy = true, valueLength = 64)

# Run progress: 75.00% complete, ETA 00:00:15
# Fork: 1 of 1
# Warmup Iteration   1: 5088359.097 ops/s
# Warmup Iteration   2: 6246959.313 ops/s
Iteration   1: 6289171.348 ops/s
Iteration   2: 6300509.543 ops/s
Iteration   3: 6317332.064 ops/s
Iteration   4: 6321672.528 ops/s
Iteration   5: 6305165.277 ops/s


Result "org.hestiastore.benchmark.segmentindex.SegmentIndexGetBenchmark.getMissSync":
  6306770.152 ±(99.9%) 50395.043 ops/s [Average]
  (min, avg, max) = (6289171.348, 6306770.152, 6321672.528), stdev = 13087.433
  CI (99.9%): [6256375.109, 6357165.195] (assumes normal distribution)


# Run complete. Total time: 00:01:02

REMEMBER: The numbers below are just data. To gain reusable insights, you need to follow up on
why the numbers are the way they are. Use profilers (see -prof, -lprof), design factorial
experiments, perform baseline and negative tests that provide experimental control, make sure
the benchmarking environment is safe on JVM/OS/HW level, ask for reviews from the domain experts.
Do not assume the numbers tell you what you want them to tell.

NOTE: Current JVM experimentally supports Compiler Blackholes, and they are in use. Please exercise
extra caution when trusting the results, look into the generated code to check the benchmark still
works, and factor in a small probability of new VM bugs. Additionally, while comparisons between
different JVMs are already problematic, the performance difference caused by different Blackhole
modes can be very significant. Please make sure you use the consistent Blackhole mode for comparisons.

Benchmark                             (chunkStoreCachePageLimit)  (contextLogging)  (keyCount)  (maxKeysInChunk)  (readPathMode)  (snappy)  (valueLength)   Mode  Cnt        Score       Error  Units
SegmentIndexGetBenchmark.getHitSync                            0             false       12000               256            live      true             64  thrpt    5  6151359.151 ± 18703.959  ops/s
SegmentIndexGetBenchmark.getHitSync                          128             false       12000               256            live      true             64  thrpt    5  6281627.959 ± 55354.686  ops/s
SegmentIndexGetBenchmark.getMissSync                           0             false       12000               256            live      true             64  thrpt    5  5734581.244 ± 19892.164  ops/s
SegmentIndexGetBenchmark.getMissSync                         128             false       12000               256            live      true             64  thrpt    5  6306770.152 ± 50395.043  ops/s

Benchmark result is saved to /home/runner/work/_temp/benchmark-results/candidate/raw/segment-index-get-live.json
