# JMH version: 1.37
# VM version: JDK 21.0.11, OpenJDK 64-Bit Server VM, 21.0.11+10-LTS
# VM invoker: /usr/lib/jvm/temurin-21-jdk-amd64/bin/java
# VM options: <none>
# Blackhole mode: compiler (auto-detected, use -Djmh.blackhole.autoDetect=false to disable)
# Warmup: 2 iterations, 2 s each
# Measurement: 5 iterations, 2 s each
# Timeout: 10 min per iteration
# Threads: 20 threads (1 group; 4x "getWorkload", 16x "putWorkload" in each group), will synchronize iterations
# Benchmark mode: Throughput, ops/time
# Benchmark: org.hestiastore.benchmark.segmentindex.SegmentIndexMixedDrainBenchmark.partitionedIngestMixed
# Parameters: (hotKeySpace = 256, workloadMode = drainOnly)

# Run progress: 0.00% complete, ETA 00:00:14
# Fork: 1 of 1
# Warmup Iteration   1: 637879.528 ops/s
# Warmup Iteration   2: 660067.845 ops/s
Iteration   1: 622518.858 ops/s
                 getWorkload: 338776.441 ops/s
                 putWorkload: 283742.418 ops/s

Iteration   2: 628879.596 ops/s
                 getWorkload: 342855.603 ops/s
                 putWorkload: 286023.993 ops/s

Iteration   3: 612845.794 ops/s
                 getWorkload: 322166.925 ops/s
                 putWorkload: 290678.868 ops/s

Iteration   4: 642501.771 ops/s
                 getWorkload: 348485.148 ops/s
                 putWorkload: 294016.623 ops/s

Iteration   5: 634315.073 ops/s
                 getWorkload: 341219.176 ops/s
                 putWorkload: 293095.897 ops/s



Result "org.hestiastore.benchmark.segmentindex.SegmentIndexMixedDrainBenchmark.partitionedIngestMixed":
  628212.219 ±(99.9%) 43497.915 ops/s [Average]
  (min, avg, max) = (612845.794, 628212.219, 642501.771), stdev = 11296.270
  CI (99.9%): [584714.303, 671710.134] (assumes normal distribution)

Secondary result "org.hestiastore.benchmark.segmentindex.SegmentIndexMixedDrainBenchmark.partitionedIngestMixed:getWorkload":
  338700.659 ±(99.9%) 38154.072 ops/s [Average]
  (min, avg, max) = (322166.925, 338700.659, 348485.148), stdev = 9908.491
  CI (99.9%): [300546.586, 376854.731] (assumes normal distribution)

Secondary result "org.hestiastore.benchmark.segmentindex.SegmentIndexMixedDrainBenchmark.partitionedIngestMixed:putWorkload":
  289511.560 ±(99.9%) 17215.415 ops/s [Average]
  (min, avg, max) = (283742.418, 289511.560, 294016.623), stdev = 4470.789
  CI (99.9%): [272296.145, 306726.975] (assumes normal distribution)


# Run complete. Total time: 00:00:15

REMEMBER: The numbers below are just data. To gain reusable insights, you need to follow up on
why the numbers are the way they are. Use profilers (see -prof, -lprof), design factorial
experiments, perform baseline and negative tests that provide experimental control, make sure
the benchmarking environment is safe on JVM/OS/HW level, ask for reviews from the domain experts.
Do not assume the numbers tell you what you want them to tell.

NOTE: Current JVM experimentally supports Compiler Blackholes, and they are in use. Please exercise
extra caution when trusting the results, look into the generated code to check the benchmark still
works, and factor in a small probability of new VM bugs. Additionally, while comparisons between
different JVMs are already problematic, the performance difference caused by different Blackhole
modes can be very significant. Please make sure you use the consistent Blackhole mode for comparisons.

Benchmark                                                           (hotKeySpace)  (workloadMode)   Mode  Cnt       Score       Error  Units
SegmentIndexMixedDrainBenchmark.partitionedIngestMixed                        256       drainOnly  thrpt    5  628212.219 ± 43497.915  ops/s
SegmentIndexMixedDrainBenchmark.partitionedIngestMixed:getWorkload            256       drainOnly  thrpt    5  338700.659 ± 38154.072  ops/s
SegmentIndexMixedDrainBenchmark.partitionedIngestMixed:putWorkload            256       drainOnly  thrpt    5  289511.560 ± 17215.415  ops/s

Benchmark result is saved to /home/runner/work/_temp/benchmark-results/candidate/raw/segment-index-mixed-drain.json
