# JMH version: 1.37
# VM version: JDK 21.0.12.1, OpenJDK 64-Bit Server VM, 21.0.12.1+1-LTS
# VM invoker: /usr/lib/jvm/temurin-21-jdk-amd64/bin/java
# VM options: <none>
# Blackhole mode: compiler (auto-detected, use -Djmh.blackhole.autoDetect=false to disable)
# Warmup: 2 iterations, 2 s each
# Measurement: 5 iterations, 2 s each
# Timeout: 10 min per iteration
# Threads: 20 threads (1 group; 4x "getWorkload", 16x "putWorkload" in each group), will synchronize iterations
# Benchmark mode: Throughput, ops/time
# Benchmark: org.hestiastore.benchmark.segmentindex.SegmentIndexMixedDrainBenchmark.partitionedIngestMixed
# Parameters: (hotKeySpace = 256, workloadMode = splitHeavy)

# Run progress: 0.00% complete, ETA 00:00:14
# Fork: 1 of 1
# Warmup Iteration   1: 430177.256 ops/s
# Warmup Iteration   2: 920376.530 ops/s
Iteration   1: 1235564.455 ops/s
                 getWorkload: 1214320.107 ops/s
                 putWorkload: 21244.348 ops/s

Iteration   2: 1118824.059 ops/s
                 getWorkload: 1099199.223 ops/s
                 putWorkload: 19624.836 ops/s

Iteration   3: 1427406.027 ops/s
                 getWorkload: 1406044.806 ops/s
                 putWorkload: 21361.222 ops/s

Iteration   4: 1393919.499 ops/s
                 getWorkload: 1371361.025 ops/s
                 putWorkload: 22558.474 ops/s

Iteration   5: 1386203.869 ops/s
                 getWorkload: 1366443.535 ops/s
                 putWorkload: 19760.334 ops/s



Result "org.hestiastore.benchmark.segmentindex.SegmentIndexMixedDrainBenchmark.partitionedIngestMixed":
  1312383.582 ±(99.9%) 504618.661 ops/s [Average]
  (min, avg, max) = (1118824.059, 1312383.582, 1427406.027), stdev = 131047.864
  CI (99.9%): [807764.921, 1817002.243] (assumes normal distribution)

Secondary result "org.hestiastore.benchmark.segmentindex.SegmentIndexMixedDrainBenchmark.partitionedIngestMixed:getWorkload":
  1291473.739 ±(99.9%) 502251.336 ops/s [Average]
  (min, avg, max) = (1099199.223, 1291473.739, 1406044.806), stdev = 130433.077
  CI (99.9%): [789222.403, 1793725.076] (assumes normal distribution)

Secondary result "org.hestiastore.benchmark.segmentindex.SegmentIndexMixedDrainBenchmark.partitionedIngestMixed:putWorkload":
  20909.843 ±(99.9%) 4718.506 ops/s [Average]
  (min, avg, max) = (19624.836, 20909.843, 22558.474), stdev = 1225.381
  CI (99.9%): [16191.337, 25628.348] (assumes normal distribution)


# Run complete. Total time: 00:00:18

REMEMBER: The numbers below are just data. To gain reusable insights, you need to follow up on
why the numbers are the way they are. Use profilers (see -prof, -lprof), design factorial
experiments, perform baseline and negative tests that provide experimental control, make sure
the benchmarking environment is safe on JVM/OS/HW level, ask for reviews from the domain experts.
Do not assume the numbers tell you what you want them to tell.

NOTE: Current JVM experimentally supports Compiler Blackholes, and they are in use. Please exercise
extra caution when trusting the results, look into the generated code to check the benchmark still
works, and factor in a small probability of new VM bugs. Additionally, while comparisons between
different JVMs are already problematic, the performance difference caused by different Blackhole
modes can be very significant. Please make sure you use the consistent Blackhole mode for comparisons.

Benchmark                                                           (hotKeySpace)  (workloadMode)   Mode  Cnt        Score        Error  Units
SegmentIndexMixedDrainBenchmark.partitionedIngestMixed                        256      splitHeavy  thrpt    5  1312383.582 ± 504618.661  ops/s
SegmentIndexMixedDrainBenchmark.partitionedIngestMixed:getWorkload            256      splitHeavy  thrpt    5  1291473.739 ± 502251.336  ops/s
SegmentIndexMixedDrainBenchmark.partitionedIngestMixed:putWorkload            256      splitHeavy  thrpt    5    20909.843 ±   4718.506  ops/s

Benchmark result is saved to /home/runner/work/_temp/benchmark-results/candidate/raw/segment-index-mixed-split-heavy.json
