# JMH version: 1.37
# VM version: JDK 21.0.12, OpenJDK 64-Bit Server VM, 21.0.12+8-LTS
# VM invoker: /usr/lib/jvm/temurin-21-jdk-amd64/bin/java
# VM options: <none>
# Blackhole mode: compiler (auto-detected, use -Djmh.blackhole.autoDetect=false to disable)
# Warmup: 2 iterations, 2 s each
# Measurement: 5 iterations, 2 s each
# Timeout: 10 min per iteration
# Threads: 20 threads (1 group; 4x "getWorkload", 16x "putWorkload" in each group), will synchronize iterations
# Benchmark mode: Throughput, ops/time
# Benchmark: org.hestiastore.benchmark.segmentindex.SegmentIndexMixedDrainBenchmark.partitionedIngestMixed
# Parameters: (hotKeySpace = 256, workloadMode = drainOnly)

# Run progress: 0.00% complete, ETA 00:00:14
# Fork: 1 of 1
# Warmup Iteration   1: 477833.614 ops/s
# Warmup Iteration   2: 503823.539 ops/s
Iteration   1: 516541.948 ops/s
                 getWorkload: 260311.022 ops/s
                 putWorkload: 256230.926 ops/s

Iteration   2: 531486.838 ops/s
                 getWorkload: 257476.241 ops/s
                 putWorkload: 274010.597 ops/s

Iteration   3: 542265.652 ops/s
                 getWorkload: 259102.881 ops/s
                 putWorkload: 283162.772 ops/s

Iteration   4: 542845.185 ops/s
                 getWorkload: 260184.478 ops/s
                 putWorkload: 282660.707 ops/s

Iteration   5: 544338.859 ops/s
                 getWorkload: 257291.091 ops/s
                 putWorkload: 287047.768 ops/s



Result "org.hestiastore.benchmark.segmentindex.SegmentIndexMixedDrainBenchmark.partitionedIngestMixed":
  535495.697 ±(99.9%) 45290.691 ops/s [Average]
  (min, avg, max) = (516541.948, 535495.697, 544338.859), stdev = 11761.849
  CI (99.9%): [490205.005, 580786.388] (assumes normal distribution)

Secondary result "org.hestiastore.benchmark.segmentindex.SegmentIndexMixedDrainBenchmark.partitionedIngestMixed:getWorkload":
  258873.143 ±(99.9%) 5544.826 ops/s [Average]
  (min, avg, max) = (257291.091, 258873.143, 260311.022), stdev = 1439.974
  CI (99.9%): [253328.317, 264417.969] (assumes normal distribution)

Secondary result "org.hestiastore.benchmark.segmentindex.SegmentIndexMixedDrainBenchmark.partitionedIngestMixed:putWorkload":
  276622.554 ±(99.9%) 47573.752 ops/s [Average]
  (min, avg, max) = (256230.926, 276622.554, 287047.768), stdev = 12354.752
  CI (99.9%): [229048.802, 324196.306] (assumes normal distribution)


# Run complete. Total time: 00:00:15

REMEMBER: The numbers below are just data. To gain reusable insights, you need to follow up on
why the numbers are the way they are. Use profilers (see -prof, -lprof), design factorial
experiments, perform baseline and negative tests that provide experimental control, make sure
the benchmarking environment is safe on JVM/OS/HW level, ask for reviews from the domain experts.
Do not assume the numbers tell you what you want them to tell.

NOTE: Current JVM experimentally supports Compiler Blackholes, and they are in use. Please exercise
extra caution when trusting the results, look into the generated code to check the benchmark still
works, and factor in a small probability of new VM bugs. Additionally, while comparisons between
different JVMs are already problematic, the performance difference caused by different Blackhole
modes can be very significant. Please make sure you use the consistent Blackhole mode for comparisons.

Benchmark                                                           (hotKeySpace)  (workloadMode)   Mode  Cnt       Score       Error  Units
SegmentIndexMixedDrainBenchmark.partitionedIngestMixed                        256       drainOnly  thrpt    5  535495.697 ± 45290.691  ops/s
SegmentIndexMixedDrainBenchmark.partitionedIngestMixed:getWorkload            256       drainOnly  thrpt    5  258873.143 ±  5544.826  ops/s
SegmentIndexMixedDrainBenchmark.partitionedIngestMixed:putWorkload            256       drainOnly  thrpt    5  276622.554 ± 47573.752  ops/s

Benchmark result is saved to /home/runner/work/_temp/benchmark-results/candidate/raw/segment-index-mixed-drain.json
