# JMH version: 1.37
# VM version: JDK 21.0.12, OpenJDK 64-Bit Server VM, 21.0.12+8-LTS
# VM invoker: /usr/lib/jvm/temurin-21-jdk-amd64/bin/java
# VM options: <none>
# Blackhole mode: compiler (auto-detected, use -Djmh.blackhole.autoDetect=false to disable)
# Warmup: 2 iterations, 2 s each
# Measurement: 5 iterations, 2 s each
# Timeout: 10 min per iteration
# Threads: 1 thread, will synchronize iterations
# Benchmark mode: Average time, time/op
# Benchmark: org.hestiastore.benchmark.segmentindex.SegmentIndexRangeScanBenchmark.boundedScan
# Parameters: (keyCount = 32768, maxKeysInSegment = 1024, rangeSize = 128, snappy = true, valueLength = 64)

# Run progress: 0.00% complete, ETA 00:00:42
# Fork: 1 of 1
# Warmup Iteration   1: 56.826 us/op
# Warmup Iteration   2: 41.206 us/op
Iteration   1: 41.038 us/op
Iteration   2: 41.203 us/op
Iteration   3: 41.076 us/op
Iteration   4: 41.148 us/op
Iteration   5: 41.262 us/op


Result "org.hestiastore.benchmark.segmentindex.SegmentIndexRangeScanBenchmark.boundedScan":
  41.145 ±(99.9%) 0.352 us/op [Average]
  (min, avg, max) = (41.038, 41.145, 41.262), stdev = 0.091
  CI (99.9%): [40.794, 41.497] (assumes normal distribution)


# JMH version: 1.37
# VM version: JDK 21.0.12, OpenJDK 64-Bit Server VM, 21.0.12+8-LTS
# VM invoker: /usr/lib/jvm/temurin-21-jdk-amd64/bin/java
# VM options: <none>
# Blackhole mode: compiler (auto-detected, use -Djmh.blackhole.autoDetect=false to disable)
# Warmup: 2 iterations, 2 s each
# Measurement: 5 iterations, 2 s each
# Timeout: 10 min per iteration
# Threads: 1 thread, will synchronize iterations
# Benchmark mode: Average time, time/op
# Benchmark: org.hestiastore.benchmark.segmentindex.SegmentIndexRangeScanBenchmark.fullStreamRangeFallback
# Parameters: (keyCount = 32768, maxKeysInSegment = 1024, rangeSize = 128, snappy = true, valueLength = 64)

# Run progress: 33.33% complete, ETA 00:00:32
# Fork: 1 of 1
# Warmup Iteration   1: 2267.987 us/op
# Warmup Iteration   2: 2041.898 us/op
Iteration   1: 1999.774 us/op
Iteration   2: 1996.939 us/op
Iteration   3: 1997.451 us/op
Iteration   4: 1997.569 us/op
Iteration   5: 1989.912 us/op


Result "org.hestiastore.benchmark.segmentindex.SegmentIndexRangeScanBenchmark.fullStreamRangeFallback":
  1996.329 ±(99.9%) 14.435 us/op [Average]
  (min, avg, max) = (1989.912, 1996.329, 1999.774), stdev = 3.749
  CI (99.9%): [1981.893, 2010.764] (assumes normal distribution)


# JMH version: 1.37
# VM version: JDK 21.0.12, OpenJDK 64-Bit Server VM, 21.0.12+8-LTS
# VM invoker: /usr/lib/jvm/temurin-21-jdk-amd64/bin/java
# VM options: <none>
# Blackhole mode: compiler (auto-detected, use -Djmh.blackhole.autoDetect=false to disable)
# Warmup: 2 iterations, 2 s each
# Measurement: 5 iterations, 2 s each
# Timeout: 10 min per iteration
# Threads: 1 thread, will synchronize iterations
# Benchmark mode: Average time, time/op
# Benchmark: org.hestiastore.benchmark.segmentindex.SegmentIndexRangeScanBenchmark.sequentialRead
# Parameters: (keyCount = 32768, maxKeysInSegment = 1024, rangeSize = 128, snappy = true, valueLength = 64)

# Run progress: 66.67% complete, ETA 00:00:16
# Fork: 1 of 1
# Warmup Iteration   1: 4341.340 us/op
# Warmup Iteration   2: 4016.124 us/op
Iteration   1: 3940.595 us/op
Iteration   2: 3915.600 us/op
Iteration   3: 3916.667 us/op
Iteration   4: 3915.329 us/op
Iteration   5: 3923.578 us/op


Result "org.hestiastore.benchmark.segmentindex.SegmentIndexRangeScanBenchmark.sequentialRead":
  3922.354 ±(99.9%) 41.363 us/op [Average]
  (min, avg, max) = (3915.329, 3922.354, 3940.595), stdev = 10.742
  CI (99.9%): [3880.991, 3963.717] (assumes normal distribution)


# Run complete. Total time: 00:00:47

REMEMBER: The numbers below are just data. To gain reusable insights, you need to follow up on
why the numbers are the way they are. Use profilers (see -prof, -lprof), design factorial
experiments, perform baseline and negative tests that provide experimental control, make sure
the benchmarking environment is safe on JVM/OS/HW level, ask for reviews from the domain experts.
Do not assume the numbers tell you what you want them to tell.

NOTE: Current JVM experimentally supports Compiler Blackholes, and they are in use. Please exercise
extra caution when trusting the results, look into the generated code to check the benchmark still
works, and factor in a small probability of new VM bugs. Additionally, while comparisons between
different JVMs are already problematic, the performance difference caused by different Blackhole
modes can be very significant. Please make sure you use the consistent Blackhole mode for comparisons.

Benchmark                                               (keyCount)  (maxKeysInSegment)  (rangeSize)  (snappy)  (valueLength)  Mode  Cnt     Score    Error  Units
SegmentIndexRangeScanBenchmark.boundedScan                   32768                1024          128      true             64  avgt    5    41.145 ±  0.352  us/op
SegmentIndexRangeScanBenchmark.fullStreamRangeFallback       32768                1024          128      true             64  avgt    5  1996.329 ± 14.435  us/op
SegmentIndexRangeScanBenchmark.sequentialRead                32768                1024          128      true             64  avgt    5  3922.354 ± 41.363  us/op

Benchmark result is saved to /home/runner/work/_temp/benchmark-results/candidate/raw/segment-index-range-scan.json
