# JMH version: 1.37
# VM version: JDK 21.0.12.1, OpenJDK 64-Bit Server VM, 21.0.12.1+1-LTS
# VM invoker: /usr/lib/jvm/temurin-21-jdk-amd64/bin/java
# VM options: <none>
# Blackhole mode: compiler (auto-detected, use -Djmh.blackhole.autoDetect=false to disable)
# Warmup: 2 iterations, 2 s each
# Measurement: 5 iterations, 2 s each
# Timeout: 10 min per iteration
# Threads: 20 threads (1 group; 4x "getWorkload", 16x "putWorkload" in each group), will synchronize iterations
# Benchmark mode: Throughput, ops/time
# Benchmark: org.hestiastore.benchmark.segmentindex.SegmentIndexMixedDrainBenchmark.partitionedIngestMixed
# Parameters: (hotKeySpace = 256, workloadMode = splitHeavy)

# Run progress: 0.00% complete, ETA 00:00:14
# Fork: 1 of 1
# Warmup Iteration   1: 1007168.644 ops/s
# Warmup Iteration   2: 1677765.288 ops/s
Iteration   1: 1894873.607 ops/s
                 getWorkload: 1846113.252 ops/s
                 putWorkload: 48760.355 ops/s

Iteration   2: 2051696.601 ops/s
                 getWorkload: 2001525.041 ops/s
                 putWorkload: 50171.560 ops/s

Iteration   3: 2134889.537 ops/s
                 getWorkload: 2086254.010 ops/s
                 putWorkload: 48635.526 ops/s

Iteration   4: 2254737.390 ops/s
                 getWorkload: 2205425.370 ops/s
                 putWorkload: 49312.020 ops/s

Iteration   5: 2384396.065 ops/s
                 getWorkload: 2336542.574 ops/s
                 putWorkload: 47853.491 ops/s



Result "org.hestiastore.benchmark.segmentindex.SegmentIndexMixedDrainBenchmark.partitionedIngestMixed":
  2144118.640 ±(99.9%) 722239.171 ops/s [Average]
  (min, avg, max) = (1894873.607, 2144118.640, 2384396.065), stdev = 187563.219
  CI (99.9%): [1421879.469, 2866357.811] (assumes normal distribution)

Secondary result "org.hestiastore.benchmark.segmentindex.SegmentIndexMixedDrainBenchmark.partitionedIngestMixed:getWorkload":
  2095172.050 ±(99.9%) 723713.911 ops/s [Average]
  (min, avg, max) = (1846113.252, 2095172.050, 2336542.574), stdev = 187946.204
  CI (99.9%): [1371458.138, 2818885.961] (assumes normal distribution)

Secondary result "org.hestiastore.benchmark.segmentindex.SegmentIndexMixedDrainBenchmark.partitionedIngestMixed:putWorkload":
  48946.590 ±(99.9%) 3312.673 ops/s [Average]
  (min, avg, max) = (47853.491, 48946.590, 50171.560), stdev = 860.291
  CI (99.9%): [45633.918, 52259.263] (assumes normal distribution)


# Run complete. Total time: 00:00:18

REMEMBER: The numbers below are just data. To gain reusable insights, you need to follow up on
why the numbers are the way they are. Use profilers (see -prof, -lprof), design factorial
experiments, perform baseline and negative tests that provide experimental control, make sure
the benchmarking environment is safe on JVM/OS/HW level, ask for reviews from the domain experts.
Do not assume the numbers tell you what you want them to tell.

NOTE: Current JVM experimentally supports Compiler Blackholes, and they are in use. Please exercise
extra caution when trusting the results, look into the generated code to check the benchmark still
works, and factor in a small probability of new VM bugs. Additionally, while comparisons between
different JVMs are already problematic, the performance difference caused by different Blackhole
modes can be very significant. Please make sure you use the consistent Blackhole mode for comparisons.

Benchmark                                                           (hotKeySpace)  (workloadMode)   Mode  Cnt        Score        Error  Units
SegmentIndexMixedDrainBenchmark.partitionedIngestMixed                        256      splitHeavy  thrpt    5  2144118.640 ± 722239.171  ops/s
SegmentIndexMixedDrainBenchmark.partitionedIngestMixed:getWorkload            256      splitHeavy  thrpt    5  2095172.050 ± 723713.911  ops/s
SegmentIndexMixedDrainBenchmark.partitionedIngestMixed:putWorkload            256      splitHeavy  thrpt    5    48946.590 ±   3312.673  ops/s

Benchmark result is saved to /home/runner/work/_temp/benchmark-results/candidate/raw/segment-index-mixed-split-heavy.json
