# JMH version: 1.37
# VM version: JDK 21.0.12.1, OpenJDK 64-Bit Server VM, 21.0.12.1+1-LTS
# VM invoker: /usr/lib/jvm/temurin-21-jdk-amd64/bin/java
# VM options: <none>
# Blackhole mode: compiler (auto-detected, use -Djmh.blackhole.autoDetect=false to disable)
# Warmup: 2 iterations, 2 s each
# Measurement: 5 iterations, 2 s each
# Timeout: 10 min per iteration
# Threads: 20 threads (1 group; 4x "getWorkload", 16x "putWorkload" in each group), will synchronize iterations
# Benchmark mode: Throughput, ops/time
# Benchmark: org.hestiastore.benchmark.segmentindex.SegmentIndexMixedDrainBenchmark.partitionedIngestMixed
# Parameters: (hotKeySpace = 256, workloadMode = drainOnly)

# Run progress: 0.00% complete, ETA 00:00:14
# Fork: 1 of 1
# Warmup Iteration   1: 520557.690 ops/s
# Warmup Iteration   2: 570075.755 ops/s
Iteration   1: 574526.187 ops/s
                 getWorkload: 303338.760 ops/s
                 putWorkload: 271187.427 ops/s

Iteration   2: 568756.129 ops/s
                 getWorkload: 296602.893 ops/s
                 putWorkload: 272153.236 ops/s

Iteration   3: 568510.999 ops/s
                 getWorkload: 292511.911 ops/s
                 putWorkload: 275999.088 ops/s

Iteration   4: 540711.689 ops/s
                 getWorkload: 251689.909 ops/s
                 putWorkload: 289021.780 ops/s

Iteration   5: 552906.556 ops/s
                 getWorkload: 269501.025 ops/s
                 putWorkload: 283405.531 ops/s



Result "org.hestiastore.benchmark.segmentindex.SegmentIndexMixedDrainBenchmark.partitionedIngestMixed":
  561082.312 ±(99.9%) 53654.544 ops/s [Average]
  (min, avg, max) = (540711.689, 561082.312, 574526.187), stdev = 13933.915
  CI (99.9%): [507427.768, 614736.856] (assumes normal distribution)

Secondary result "org.hestiastore.benchmark.segmentindex.SegmentIndexMixedDrainBenchmark.partitionedIngestMixed:getWorkload":
  282728.900 ±(99.9%) 82841.594 ops/s [Average]
  (min, avg, max) = (251689.909, 282728.900, 303338.760), stdev = 21513.699
  CI (99.9%): [199887.306, 365570.494] (assumes normal distribution)

Secondary result "org.hestiastore.benchmark.segmentindex.SegmentIndexMixedDrainBenchmark.partitionedIngestMixed:putWorkload":
  278353.412 ±(99.9%) 29494.169 ops/s [Average]
  (min, avg, max) = (271187.427, 278353.412, 289021.780), stdev = 7659.542
  CI (99.9%): [248859.243, 307847.581] (assumes normal distribution)


# Run complete. Total time: 00:00:15

REMEMBER: The numbers below are just data. To gain reusable insights, you need to follow up on
why the numbers are the way they are. Use profilers (see -prof, -lprof), design factorial
experiments, perform baseline and negative tests that provide experimental control, make sure
the benchmarking environment is safe on JVM/OS/HW level, ask for reviews from the domain experts.
Do not assume the numbers tell you what you want them to tell.

NOTE: Current JVM experimentally supports Compiler Blackholes, and they are in use. Please exercise
extra caution when trusting the results, look into the generated code to check the benchmark still
works, and factor in a small probability of new VM bugs. Additionally, while comparisons between
different JVMs are already problematic, the performance difference caused by different Blackhole
modes can be very significant. Please make sure you use the consistent Blackhole mode for comparisons.

Benchmark                                                           (hotKeySpace)  (workloadMode)   Mode  Cnt       Score       Error  Units
SegmentIndexMixedDrainBenchmark.partitionedIngestMixed                        256       drainOnly  thrpt    5  561082.312 ± 53654.544  ops/s
SegmentIndexMixedDrainBenchmark.partitionedIngestMixed:getWorkload            256       drainOnly  thrpt    5  282728.900 ± 82841.594  ops/s
SegmentIndexMixedDrainBenchmark.partitionedIngestMixed:putWorkload            256       drainOnly  thrpt    5  278353.412 ± 29494.169  ops/s

Benchmark result is saved to /home/runner/work/_temp/benchmark-results/candidate/raw/segment-index-mixed-drain.json
