# JMH version: 1.37
# VM version: JDK 21.0.12.1, OpenJDK 64-Bit Server VM, 21.0.12.1+1-LTS
# VM invoker: /usr/lib/jvm/temurin-21-jdk-amd64/bin/java
# VM options: <none>
# Blackhole mode: compiler (auto-detected, use -Djmh.blackhole.autoDetect=false to disable)
# Warmup: 2 iterations, 2 s each
# Measurement: 5 iterations, 2 s each
# Timeout: 10 min per iteration
# Threads: 20 threads (1 group; 4x "getWorkload", 16x "putWorkload" in each group), will synchronize iterations
# Benchmark mode: Throughput, ops/time
# Benchmark: org.hestiastore.benchmark.segmentindex.SegmentIndexMixedDrainBenchmark.partitionedIngestMixed
# Parameters: (hotKeySpace = 256, workloadMode = splitHeavy)

# Run progress: 0.00% complete, ETA 00:00:14
# Fork: 1 of 1
# Warmup Iteration   1: 463715.287 ops/s
# Warmup Iteration   2: 1014472.997 ops/s
Iteration   1: 1087655.447 ops/s
                 getWorkload: 1069827.458 ops/s
                 putWorkload: 17827.990 ops/s

Iteration   2: 1069468.436 ops/s
                 getWorkload: 1050264.693 ops/s
                 putWorkload: 19203.743 ops/s

Iteration   3: 1310628.265 ops/s
                 getWorkload: 1289194.893 ops/s
                 putWorkload: 21433.371 ops/s

Iteration   4: 1403763.546 ops/s
                 getWorkload: 1383804.227 ops/s
                 putWorkload: 19959.318 ops/s

Iteration   5: 1299917.221 ops/s
                 getWorkload: 1278590.276 ops/s
                 putWorkload: 21326.945 ops/s



Result "org.hestiastore.benchmark.segmentindex.SegmentIndexMixedDrainBenchmark.partitionedIngestMixed":
  1234286.583 ±(99.9%) 569594.669 ops/s [Average]
  (min, avg, max) = (1069468.436, 1234286.583, 1403763.546), stdev = 147921.927
  CI (99.9%): [664691.914, 1803881.251] (assumes normal distribution)

Secondary result "org.hestiastore.benchmark.segmentindex.SegmentIndexMixedDrainBenchmark.partitionedIngestMixed:getWorkload":
  1214336.309 ±(99.9%) 565448.603 ops/s [Average]
  (min, avg, max) = (1050264.693, 1214336.309, 1383804.227), stdev = 146845.206
  CI (99.9%): [648887.707, 1779784.912] (assumes normal distribution)

Secondary result "org.hestiastore.benchmark.segmentindex.SegmentIndexMixedDrainBenchmark.partitionedIngestMixed:putWorkload":
  19950.273 ±(99.9%) 5825.899 ops/s [Average]
  (min, avg, max) = (17827.990, 19950.273, 21433.371), stdev = 1512.967
  CI (99.9%): [14124.374, 25776.172] (assumes normal distribution)


# Run complete. Total time: 00:00:19

REMEMBER: The numbers below are just data. To gain reusable insights, you need to follow up on
why the numbers are the way they are. Use profilers (see -prof, -lprof), design factorial
experiments, perform baseline and negative tests that provide experimental control, make sure
the benchmarking environment is safe on JVM/OS/HW level, ask for reviews from the domain experts.
Do not assume the numbers tell you what you want them to tell.

NOTE: Current JVM experimentally supports Compiler Blackholes, and they are in use. Please exercise
extra caution when trusting the results, look into the generated code to check the benchmark still
works, and factor in a small probability of new VM bugs. Additionally, while comparisons between
different JVMs are already problematic, the performance difference caused by different Blackhole
modes can be very significant. Please make sure you use the consistent Blackhole mode for comparisons.

Benchmark                                                           (hotKeySpace)  (workloadMode)   Mode  Cnt        Score        Error  Units
SegmentIndexMixedDrainBenchmark.partitionedIngestMixed                        256      splitHeavy  thrpt    5  1234286.583 ± 569594.669  ops/s
SegmentIndexMixedDrainBenchmark.partitionedIngestMixed:getWorkload            256      splitHeavy  thrpt    5  1214336.309 ± 565448.603  ops/s
SegmentIndexMixedDrainBenchmark.partitionedIngestMixed:putWorkload            256      splitHeavy  thrpt    5    19950.273 ±   5825.899  ops/s

Benchmark result is saved to /home/runner/work/_temp/benchmark-results/candidate/raw/segment-index-mixed-split-heavy.json
