# JMH version: 1.37
# VM version: JDK 21.0.12, OpenJDK 64-Bit Server VM, 21.0.12+8-LTS
# VM invoker: /usr/lib/jvm/temurin-21-jdk-amd64/bin/java
# VM options: <none>
# Blackhole mode: compiler (auto-detected, use -Djmh.blackhole.autoDetect=false to disable)
# Warmup: 2 iterations, 2 s each
# Measurement: 5 iterations, 2 s each
# Timeout: 10 min per iteration
# Threads: 20 threads (1 group; 4x "getWorkload", 16x "putWorkload" in each group), will synchronize iterations
# Benchmark mode: Throughput, ops/time
# Benchmark: org.hestiastore.benchmark.segmentindex.SegmentIndexMixedDrainBenchmark.partitionedIngestMixed
# Parameters: (hotKeySpace = 256, workloadMode = splitHeavy)

# Run progress: 0.00% complete, ETA 00:00:14
# Fork: 1 of 1
# Warmup Iteration   1: 689389.066 ops/s
# Warmup Iteration   2: 1600284.571 ops/s
Iteration   1: 1465016.808 ops/s
                 getWorkload: 1441788.845 ops/s
                 putWorkload: 23227.963 ops/s

Iteration   2: 1735061.698 ops/s
                 getWorkload: 1711769.222 ops/s
                 putWorkload: 23292.477 ops/s

Iteration   3: 1918566.728 ops/s
                 getWorkload: 1893163.841 ops/s
                 putWorkload: 25402.887 ops/s

Iteration   4: 1899194.864 ops/s
                 getWorkload: 1874925.891 ops/s
                 putWorkload: 24268.973 ops/s

Iteration   5: 1810371.637 ops/s
                 getWorkload: 1786927.268 ops/s
                 putWorkload: 23444.369 ops/s



Result "org.hestiastore.benchmark.segmentindex.SegmentIndexMixedDrainBenchmark.partitionedIngestMixed":
  1765642.347 ±(99.9%) 706185.791 ops/s [Average]
  (min, avg, max) = (1465016.808, 1765642.347, 1918566.728), stdev = 183394.207
  CI (99.9%): [1059456.556, 2471828.138] (assumes normal distribution)

Secondary result "org.hestiastore.benchmark.segmentindex.SegmentIndexMixedDrainBenchmark.partitionedIngestMixed:getWorkload":
  1741715.013 ±(99.9%) 703674.204 ops/s [Average]
  (min, avg, max) = (1441788.845, 1741715.013, 1893163.841), stdev = 182741.956
  CI (99.9%): [1038040.809, 2445389.217] (assumes normal distribution)

Secondary result "org.hestiastore.benchmark.segmentindex.SegmentIndexMixedDrainBenchmark.partitionedIngestMixed:putWorkload":
  23927.334 ±(99.9%) 3560.228 ops/s [Average]
  (min, avg, max) = (23227.963, 23927.334, 25402.887), stdev = 924.580
  CI (99.9%): [20367.106, 27487.562] (assumes normal distribution)


# Run complete. Total time: 00:00:18

REMEMBER: The numbers below are just data. To gain reusable insights, you need to follow up on
why the numbers are the way they are. Use profilers (see -prof, -lprof), design factorial
experiments, perform baseline and negative tests that provide experimental control, make sure
the benchmarking environment is safe on JVM/OS/HW level, ask for reviews from the domain experts.
Do not assume the numbers tell you what you want them to tell.

NOTE: Current JVM experimentally supports Compiler Blackholes, and they are in use. Please exercise
extra caution when trusting the results, look into the generated code to check the benchmark still
works, and factor in a small probability of new VM bugs. Additionally, while comparisons between
different JVMs are already problematic, the performance difference caused by different Blackhole
modes can be very significant. Please make sure you use the consistent Blackhole mode for comparisons.

Benchmark                                                           (hotKeySpace)  (workloadMode)   Mode  Cnt        Score        Error  Units
SegmentIndexMixedDrainBenchmark.partitionedIngestMixed                        256      splitHeavy  thrpt    5  1765642.347 ± 706185.791  ops/s
SegmentIndexMixedDrainBenchmark.partitionedIngestMixed:getWorkload            256      splitHeavy  thrpt    5  1741715.013 ± 703674.204  ops/s
SegmentIndexMixedDrainBenchmark.partitionedIngestMixed:putWorkload            256      splitHeavy  thrpt    5    23927.334 ±   3560.228  ops/s

Benchmark result is saved to /home/runner/work/_temp/benchmark-results/candidate/raw/segment-index-mixed-split-heavy.json
