# JMH version: 1.37
# VM version: JDK 21.0.12, OpenJDK 64-Bit Server VM, 21.0.12+8-LTS
# VM invoker: /usr/lib/jvm/temurin-21-jdk-amd64/bin/java
# VM options: <none>
# Blackhole mode: compiler (auto-detected, use -Djmh.blackhole.autoDetect=false to disable)
# Warmup: 2 iterations, 2 s each
# Measurement: 5 iterations, 2 s each
# Timeout: 10 min per iteration
# Threads: 20 threads (1 group; 4x "getWorkload", 16x "putWorkload" in each group), will synchronize iterations
# Benchmark mode: Throughput, ops/time
# Benchmark: org.hestiastore.benchmark.segmentindex.SegmentIndexMixedDrainBenchmark.partitionedIngestMixed
# Parameters: (hotKeySpace = 256, workloadMode = drainOnly)

# Run progress: 0.00% complete, ETA 00:00:14
# Fork: 1 of 1
# Warmup Iteration   1: 621206.142 ops/s
# Warmup Iteration   2: 645655.518 ops/s
Iteration   1: 659069.659 ops/s
                 getWorkload: 353237.323 ops/s
                 putWorkload: 305832.336 ops/s

Iteration   2: 628510.135 ops/s
                 getWorkload: 317773.289 ops/s
                 putWorkload: 310736.846 ops/s

Iteration   3: 677400.815 ops/s
                 getWorkload: 374558.878 ops/s
                 putWorkload: 302841.937 ops/s

Iteration   4: 663506.679 ops/s
                 getWorkload: 334976.364 ops/s
                 putWorkload: 328530.315 ops/s

Iteration   5: 673744.957 ops/s
                 getWorkload: 355530.602 ops/s
                 putWorkload: 318214.355 ops/s



Result "org.hestiastore.benchmark.segmentindex.SegmentIndexMixedDrainBenchmark.partitionedIngestMixed":
  660446.449 ±(99.9%) 74455.203 ops/s [Average]
  (min, avg, max) = (628510.135, 660446.449, 677400.815), stdev = 19335.780
  CI (99.9%): [585991.246, 734901.652] (assumes normal distribution)

Secondary result "org.hestiastore.benchmark.segmentindex.SegmentIndexMixedDrainBenchmark.partitionedIngestMixed:getWorkload":
  347215.291 ±(99.9%) 83251.061 ops/s [Average]
  (min, avg, max) = (317773.289, 347215.291, 374558.878), stdev = 21620.036
  CI (99.9%): [263964.230, 430466.352] (assumes normal distribution)

Secondary result "org.hestiastore.benchmark.segmentindex.SegmentIndexMixedDrainBenchmark.partitionedIngestMixed:putWorkload":
  313231.158 ±(99.9%) 39821.901 ops/s [Average]
  (min, avg, max) = (302841.937, 313231.158, 328530.315), stdev = 10341.621
  CI (99.9%): [273409.257, 353053.059] (assumes normal distribution)


# Run complete. Total time: 00:00:15

REMEMBER: The numbers below are just data. To gain reusable insights, you need to follow up on
why the numbers are the way they are. Use profilers (see -prof, -lprof), design factorial
experiments, perform baseline and negative tests that provide experimental control, make sure
the benchmarking environment is safe on JVM/OS/HW level, ask for reviews from the domain experts.
Do not assume the numbers tell you what you want them to tell.

NOTE: Current JVM experimentally supports Compiler Blackholes, and they are in use. Please exercise
extra caution when trusting the results, look into the generated code to check the benchmark still
works, and factor in a small probability of new VM bugs. Additionally, while comparisons between
different JVMs are already problematic, the performance difference caused by different Blackhole
modes can be very significant. Please make sure you use the consistent Blackhole mode for comparisons.

Benchmark                                                           (hotKeySpace)  (workloadMode)   Mode  Cnt       Score       Error  Units
SegmentIndexMixedDrainBenchmark.partitionedIngestMixed                        256       drainOnly  thrpt    5  660446.449 ± 74455.203  ops/s
SegmentIndexMixedDrainBenchmark.partitionedIngestMixed:getWorkload            256       drainOnly  thrpt    5  347215.291 ± 83251.061  ops/s
SegmentIndexMixedDrainBenchmark.partitionedIngestMixed:putWorkload            256       drainOnly  thrpt    5  313231.158 ± 39821.901  ops/s

Benchmark result is saved to /home/runner/work/_temp/benchmark-results/candidate/raw/segment-index-mixed-drain.json
