# JMH version: 1.37
# VM version: JDK 21.0.12, OpenJDK 64-Bit Server VM, 21.0.12+8-LTS
# VM invoker: /usr/lib/jvm/temurin-21-jdk-amd64/bin/java
# VM options: <none>
# Blackhole mode: compiler (auto-detected, use -Djmh.blackhole.autoDetect=false to disable)
# Warmup: 2 iterations, 2 s each
# Measurement: 5 iterations, 2 s each
# Timeout: 10 min per iteration
# Threads: 20 threads (1 group; 4x "getWorkload", 16x "putWorkload" in each group), will synchronize iterations
# Benchmark mode: Throughput, ops/time
# Benchmark: org.hestiastore.benchmark.segmentindex.SegmentIndexMixedDrainBenchmark.partitionedIngestMixed
# Parameters: (hotKeySpace = 256, workloadMode = drainOnly)

# Run progress: 0.00% complete, ETA 00:00:14
# Fork: 1 of 1
# Warmup Iteration   1: 526511.903 ops/s
# Warmup Iteration   2: 492930.539 ops/s
Iteration   1: 489215.605 ops/s
                 getWorkload: 230315.934 ops/s
                 putWorkload: 258899.671 ops/s

Iteration   2: 527714.124 ops/s
                 getWorkload: 262482.092 ops/s
                 putWorkload: 265232.033 ops/s

Iteration   3: 516836.849 ops/s
                 getWorkload: 244006.030 ops/s
                 putWorkload: 272830.819 ops/s

Iteration   4: 526682.434 ops/s
                 getWorkload: 247636.231 ops/s
                 putWorkload: 279046.203 ops/s

Iteration   5: 517023.614 ops/s
                 getWorkload: 238072.102 ops/s
                 putWorkload: 278951.512 ops/s



Result "org.hestiastore.benchmark.segmentindex.SegmentIndexMixedDrainBenchmark.partitionedIngestMixed":
  515494.525 ±(99.9%) 59939.374 ops/s [Average]
  (min, avg, max) = (489215.605, 515494.525, 527714.124), stdev = 15566.065
  CI (99.9%): [455555.151, 575433.899] (assumes normal distribution)

Secondary result "org.hestiastore.benchmark.segmentindex.SegmentIndexMixedDrainBenchmark.partitionedIngestMixed:getWorkload":
  244502.478 ±(99.9%) 46205.366 ops/s [Average]
  (min, avg, max) = (230315.934, 244502.478, 262482.092), stdev = 11999.387
  CI (99.9%): [198297.111, 290707.844] (assumes normal distribution)

Secondary result "org.hestiastore.benchmark.segmentindex.SegmentIndexMixedDrainBenchmark.partitionedIngestMixed:putWorkload":
  270992.048 ±(99.9%) 33953.801 ops/s [Average]
  (min, avg, max) = (258899.671, 270992.048, 279046.203), stdev = 8817.694
  CI (99.9%): [237038.246, 304945.849] (assumes normal distribution)


# Run complete. Total time: 00:00:15

REMEMBER: The numbers below are just data. To gain reusable insights, you need to follow up on
why the numbers are the way they are. Use profilers (see -prof, -lprof), design factorial
experiments, perform baseline and negative tests that provide experimental control, make sure
the benchmarking environment is safe on JVM/OS/HW level, ask for reviews from the domain experts.
Do not assume the numbers tell you what you want them to tell.

NOTE: Current JVM experimentally supports Compiler Blackholes, and they are in use. Please exercise
extra caution when trusting the results, look into the generated code to check the benchmark still
works, and factor in a small probability of new VM bugs. Additionally, while comparisons between
different JVMs are already problematic, the performance difference caused by different Blackhole
modes can be very significant. Please make sure you use the consistent Blackhole mode for comparisons.

Benchmark                                                           (hotKeySpace)  (workloadMode)   Mode  Cnt       Score       Error  Units
SegmentIndexMixedDrainBenchmark.partitionedIngestMixed                        256       drainOnly  thrpt    5  515494.525 ± 59939.374  ops/s
SegmentIndexMixedDrainBenchmark.partitionedIngestMixed:getWorkload            256       drainOnly  thrpt    5  244502.478 ± 46205.366  ops/s
SegmentIndexMixedDrainBenchmark.partitionedIngestMixed:putWorkload            256       drainOnly  thrpt    5  270992.048 ± 33953.801  ops/s

Benchmark result is saved to /home/runner/work/_temp/benchmark-results/candidate/raw/segment-index-mixed-drain.json
