# JMH version: 1.37
# VM version: JDK 21.0.12, OpenJDK 64-Bit Server VM, 21.0.12+8-LTS
# VM invoker: /usr/lib/jvm/temurin-21-jdk-amd64/bin/java
# VM options: <none>
# Blackhole mode: compiler (auto-detected, use -Djmh.blackhole.autoDetect=false to disable)
# Warmup: 2 iterations, 2 s each
# Measurement: 5 iterations, 2 s each
# Timeout: 10 min per iteration
# Threads: 20 threads (1 group; 4x "getWorkload", 16x "putWorkload" in each group), will synchronize iterations
# Benchmark mode: Throughput, ops/time
# Benchmark: org.hestiastore.benchmark.segmentindex.SegmentIndexMixedDrainBenchmark.partitionedIngestMixed
# Parameters: (hotKeySpace = 256, workloadMode = splitHeavy)

# Run progress: 0.00% complete, ETA 00:00:14
# Fork: 1 of 1
# Warmup Iteration   1: 529806.886 ops/s
# Warmup Iteration   2: 1015194.152 ops/s
Iteration   1: 1104639.844 ops/s
                 getWorkload: 1088569.623 ops/s
                 putWorkload: 16070.221 ops/s

Iteration   2: 1117436.916 ops/s
                 getWorkload: 1103374.018 ops/s
                 putWorkload: 14062.898 ops/s

Iteration   3: 1237269.940 ops/s
                 getWorkload: 1218951.321 ops/s
                 putWorkload: 18318.619 ops/s

Iteration   4: 1129637.318 ops/s
                 getWorkload: 1111922.250 ops/s
                 putWorkload: 17715.068 ops/s

Iteration   5: 1238565.895 ops/s
                 getWorkload: 1221478.083 ops/s
                 putWorkload: 17087.812 ops/s



Result "org.hestiastore.benchmark.segmentindex.SegmentIndexMixedDrainBenchmark.partitionedIngestMixed":
  1165509.983 ±(99.9%) 256795.655 ops/s [Average]
  (min, avg, max) = (1104639.844, 1165509.983, 1238565.895), stdev = 66689.016
  CI (99.9%): [908714.328, 1422305.638] (assumes normal distribution)

Secondary result "org.hestiastore.benchmark.segmentindex.SegmentIndexMixedDrainBenchmark.partitionedIngestMixed:getWorkload":
  1148859.059 ±(99.9%) 252903.193 ops/s [Average]
  (min, avg, max) = (1088569.623, 1148859.059, 1221478.083), stdev = 65678.156
  CI (99.9%): [895955.866, 1401762.252] (assumes normal distribution)

Secondary result "org.hestiastore.benchmark.segmentindex.SegmentIndexMixedDrainBenchmark.partitionedIngestMixed:putWorkload":
  16650.924 ±(99.9%) 6425.954 ops/s [Average]
  (min, avg, max) = (14062.898, 16650.924, 18318.619), stdev = 1668.800
  CI (99.9%): [10224.969, 23076.878] (assumes normal distribution)


# Run complete. Total time: 00:00:19

REMEMBER: The numbers below are just data. To gain reusable insights, you need to follow up on
why the numbers are the way they are. Use profilers (see -prof, -lprof), design factorial
experiments, perform baseline and negative tests that provide experimental control, make sure
the benchmarking environment is safe on JVM/OS/HW level, ask for reviews from the domain experts.
Do not assume the numbers tell you what you want them to tell.

NOTE: Current JVM experimentally supports Compiler Blackholes, and they are in use. Please exercise
extra caution when trusting the results, look into the generated code to check the benchmark still
works, and factor in a small probability of new VM bugs. Additionally, while comparisons between
different JVMs are already problematic, the performance difference caused by different Blackhole
modes can be very significant. Please make sure you use the consistent Blackhole mode for comparisons.

Benchmark                                                           (hotKeySpace)  (workloadMode)   Mode  Cnt        Score        Error  Units
SegmentIndexMixedDrainBenchmark.partitionedIngestMixed                        256      splitHeavy  thrpt    5  1165509.983 ± 256795.655  ops/s
SegmentIndexMixedDrainBenchmark.partitionedIngestMixed:getWorkload            256      splitHeavy  thrpt    5  1148859.059 ± 252903.193  ops/s
SegmentIndexMixedDrainBenchmark.partitionedIngestMixed:putWorkload            256      splitHeavy  thrpt    5    16650.924 ±   6425.954  ops/s

Benchmark result is saved to /home/runner/work/_temp/benchmark-results/candidate/raw/segment-index-mixed-split-heavy.json
