# JMH version: 1.37
# VM version: JDK 21.0.12, OpenJDK 64-Bit Server VM, 21.0.12+8-LTS
# VM invoker: /usr/lib/jvm/temurin-21-jdk-amd64/bin/java
# VM options: <none>
# Blackhole mode: compiler (auto-detected, use -Djmh.blackhole.autoDetect=false to disable)
# Warmup: 2 iterations, 2 s each
# Measurement: 5 iterations, 2 s each
# Timeout: 10 min per iteration
# Threads: 4 threads, will synchronize iterations
# Benchmark mode: Throughput, ops/time
# Benchmark: org.hestiastore.benchmark.segmentindex.SegmentIndexMultiSegmentGetBenchmark.getHitSync
# Parameters: (keyCount = 32768, maxKeysInSegment = 1024, maxSegmentsInCache = 3, snappy = true, valueLength = 64, workingSetMode = hot)

# Run progress: 0.00% complete, ETA 00:00:28
# Fork: 1 of 1
# Warmup Iteration   1: 1660958.851 ops/s
# Warmup Iteration   2: 2175373.245 ops/s
Iteration   1: 2240062.684 ops/s
Iteration   2: 2295912.479 ops/s
Iteration   3: 2298113.579 ops/s
Iteration   4: 2297000.807 ops/s
Iteration   5: 2318255.817 ops/s


Result "org.hestiastore.benchmark.segmentindex.SegmentIndexMultiSegmentGetBenchmark.getHitSync":
  2289869.073 ±(99.9%) 112953.241 ops/s [Average]
  (min, avg, max) = (2240062.684, 2289869.073, 2318255.817), stdev = 29333.598
  CI (99.9%): [2176915.832, 2402822.314] (assumes normal distribution)


# JMH version: 1.37
# VM version: JDK 21.0.12, OpenJDK 64-Bit Server VM, 21.0.12+8-LTS
# VM invoker: /usr/lib/jvm/temurin-21-jdk-amd64/bin/java
# VM options: <none>
# Blackhole mode: compiler (auto-detected, use -Djmh.blackhole.autoDetect=false to disable)
# Warmup: 2 iterations, 2 s each
# Measurement: 5 iterations, 2 s each
# Timeout: 10 min per iteration
# Threads: 4 threads, will synchronize iterations
# Benchmark mode: Throughput, ops/time
# Benchmark: org.hestiastore.benchmark.segmentindex.SegmentIndexMultiSegmentGetBenchmark.getMissSync
# Parameters: (keyCount = 32768, maxKeysInSegment = 1024, maxSegmentsInCache = 3, snappy = true, valueLength = 64, workingSetMode = hot)

# Run progress: 50.00% complete, ETA 00:00:16
# Fork: 1 of 1
# Warmup Iteration   1: 2350211.640 ops/s
# Warmup Iteration   2: 2919134.974 ops/s
Iteration   1: 2864618.440 ops/s
Iteration   2: 2768563.111 ops/s
Iteration   3: 2758841.876 ops/s
Iteration   4: 2754239.730 ops/s
Iteration   5: 2750078.413 ops/s


Result "org.hestiastore.benchmark.segmentindex.SegmentIndexMultiSegmentGetBenchmark.getMissSync":
  2779268.314 ±(99.9%) 185621.059 ops/s [Average]
  (min, avg, max) = (2750078.413, 2779268.314, 2864618.440), stdev = 48205.199
  CI (99.9%): [2593647.255, 2964889.372] (assumes normal distribution)


# Run complete. Total time: 00:00:33

REMEMBER: The numbers below are just data. To gain reusable insights, you need to follow up on
why the numbers are the way they are. Use profilers (see -prof, -lprof), design factorial
experiments, perform baseline and negative tests that provide experimental control, make sure
the benchmarking environment is safe on JVM/OS/HW level, ask for reviews from the domain experts.
Do not assume the numbers tell you what you want them to tell.

NOTE: Current JVM experimentally supports Compiler Blackholes, and they are in use. Please exercise
extra caution when trusting the results, look into the generated code to check the benchmark still
works, and factor in a small probability of new VM bugs. Additionally, while comparisons between
different JVMs are already problematic, the performance difference caused by different Blackhole
modes can be very significant. Please make sure you use the consistent Blackhole mode for comparisons.

Benchmark                                         (keyCount)  (maxKeysInSegment)  (maxSegmentsInCache)  (snappy)  (valueLength)  (workingSetMode)   Mode  Cnt        Score        Error  Units
SegmentIndexMultiSegmentGetBenchmark.getHitSync        32768                1024                     3      true             64               hot  thrpt    5  2289869.073 ± 112953.241  ops/s
SegmentIndexMultiSegmentGetBenchmark.getMissSync       32768                1024                     3      true             64               hot  thrpt    5  2779268.314 ± 185621.059  ops/s

Benchmark result is saved to /home/runner/work/_temp/benchmark-results/candidate/raw/segment-index-get-multisegment-hot.json
