# JMH version: 1.37
# VM version: JDK 21.0.11, OpenJDK 64-Bit Server VM, 21.0.11+10-LTS
# VM invoker: /usr/lib/jvm/temurin-21-jdk-amd64/bin/java
# VM options: <none>
# Blackhole mode: compiler (auto-detected, use -Djmh.blackhole.autoDetect=false to disable)
# Warmup: 2 iterations, 2 s each
# Measurement: 5 iterations, 2 s each
# Timeout: 10 min per iteration
# Threads: 20 threads (1 group; 4x "getWorkload", 16x "putWorkload" in each group), will synchronize iterations
# Benchmark mode: Throughput, ops/time
# Benchmark: org.hestiastore.benchmark.segmentindex.SegmentIndexMixedDrainBenchmark.partitionedIngestMixed
# Parameters: (hotKeySpace = 256, workloadMode = drainOnly)

# Run progress: 0.00% complete, ETA 00:00:14
# Fork: 1 of 1
# Warmup Iteration   1: 467018.540 ops/s
# Warmup Iteration   2: 582269.650 ops/s
Iteration   1: 532844.504 ops/s
                 getWorkload: 299576.627 ops/s
                 putWorkload: 233267.877 ops/s

Iteration   2: 543995.835 ops/s
                 getWorkload: 286053.375 ops/s
                 putWorkload: 257942.460 ops/s

Iteration   3: 557303.393 ops/s
                 getWorkload: 313814.417 ops/s
                 putWorkload: 243488.976 ops/s

Iteration   4: 559124.783 ops/s
                 getWorkload: 306979.688 ops/s
                 putWorkload: 252145.094 ops/s

Iteration   5: 540406.559 ops/s
                 getWorkload: 275217.365 ops/s
                 putWorkload: 265189.193 ops/s



Result "org.hestiastore.benchmark.segmentindex.SegmentIndexMixedDrainBenchmark.partitionedIngestMixed":
  546735.015 ±(99.9%) 43296.022 ops/s [Average]
  (min, avg, max) = (532844.504, 546735.015, 559124.783), stdev = 11243.840
  CI (99.9%): [503438.992, 590031.037] (assumes normal distribution)

Secondary result "org.hestiastore.benchmark.segmentindex.SegmentIndexMixedDrainBenchmark.partitionedIngestMixed:getWorkload":
  296328.295 ±(99.9%) 60303.273 ops/s [Average]
  (min, avg, max) = (275217.365, 296328.295, 313814.417), stdev = 15660.569
  CI (99.9%): [236025.021, 356631.568] (assumes normal distribution)

Secondary result "org.hestiastore.benchmark.segmentindex.SegmentIndexMixedDrainBenchmark.partitionedIngestMixed:putWorkload":
  250406.720 ±(99.9%) 47937.268 ops/s [Average]
  (min, avg, max) = (233267.877, 250406.720, 265189.193), stdev = 12449.156
  CI (99.9%): [202469.452, 298343.988] (assumes normal distribution)


# Run complete. Total time: 00:00:15

REMEMBER: The numbers below are just data. To gain reusable insights, you need to follow up on
why the numbers are the way they are. Use profilers (see -prof, -lprof), design factorial
experiments, perform baseline and negative tests that provide experimental control, make sure
the benchmarking environment is safe on JVM/OS/HW level, ask for reviews from the domain experts.
Do not assume the numbers tell you what you want them to tell.

NOTE: Current JVM experimentally supports Compiler Blackholes, and they are in use. Please exercise
extra caution when trusting the results, look into the generated code to check the benchmark still
works, and factor in a small probability of new VM bugs. Additionally, while comparisons between
different JVMs are already problematic, the performance difference caused by different Blackhole
modes can be very significant. Please make sure you use the consistent Blackhole mode for comparisons.

Benchmark                                                           (hotKeySpace)  (workloadMode)   Mode  Cnt       Score       Error  Units
SegmentIndexMixedDrainBenchmark.partitionedIngestMixed                        256       drainOnly  thrpt    5  546735.015 ± 43296.022  ops/s
SegmentIndexMixedDrainBenchmark.partitionedIngestMixed:getWorkload            256       drainOnly  thrpt    5  296328.295 ± 60303.273  ops/s
SegmentIndexMixedDrainBenchmark.partitionedIngestMixed:putWorkload            256       drainOnly  thrpt    5  250406.720 ± 47937.268  ops/s

Benchmark result is saved to /home/runner/work/_temp/benchmark-results/candidate/raw/segment-index-mixed-drain.json
