# JMH version: 1.37
# VM version: JDK 21.0.11, OpenJDK 64-Bit Server VM, 21.0.11+10-LTS
# VM invoker: /usr/lib/jvm/temurin-21-jdk-amd64/bin/java
# VM options: <none>
# Blackhole mode: compiler (auto-detected, use -Djmh.blackhole.autoDetect=false to disable)
# Warmup: 2 iterations, 2 s each
# Measurement: 5 iterations, 2 s each
# Timeout: 10 min per iteration
# Threads: 20 threads (1 group; 4x "getWorkload", 16x "putWorkload" in each group), will synchronize iterations
# Benchmark mode: Throughput, ops/time
# Benchmark: org.hestiastore.benchmark.segmentindex.SegmentIndexMixedDrainBenchmark.partitionedIngestMixed
# Parameters: (hotKeySpace = 256, workloadMode = splitHeavy)

# Run progress: 0.00% complete, ETA 00:00:14
# Fork: 1 of 1
# Warmup Iteration   1: 468559.272 ops/s
# Warmup Iteration   2: 916371.492 ops/s
Iteration   1: 1043070.115 ops/s
                 getWorkload: 1025315.421 ops/s
                 putWorkload: 17754.694 ops/s

Iteration   2: 1158845.033 ops/s
                 getWorkload: 1142649.790 ops/s
                 putWorkload: 16195.243 ops/s

Iteration   3: 1095652.681 ops/s
                 getWorkload: 1078282.972 ops/s
                 putWorkload: 17369.710 ops/s

Iteration   4: 1162707.752 ops/s
                 getWorkload: 1144513.360 ops/s
                 putWorkload: 18194.392 ops/s

Iteration   5: 1196666.193 ops/s
                 getWorkload: 1179163.153 ops/s
                 putWorkload: 17503.040 ops/s



Result "org.hestiastore.benchmark.segmentindex.SegmentIndexMixedDrainBenchmark.partitionedIngestMixed":
  1131388.355 ±(99.9%) 236376.850 ops/s [Average]
  (min, avg, max) = (1043070.115, 1131388.355, 1196666.193), stdev = 61386.317
  CI (99.9%): [895011.505, 1367765.205] (assumes normal distribution)

Secondary result "org.hestiastore.benchmark.segmentindex.SegmentIndexMixedDrainBenchmark.partitionedIngestMixed:getWorkload":
  1113984.939 ±(99.9%) 236891.067 ops/s [Average]
  (min, avg, max) = (1025315.421, 1113984.939, 1179163.153), stdev = 61519.858
  CI (99.9%): [877093.872, 1350876.006] (assumes normal distribution)

Secondary result "org.hestiastore.benchmark.segmentindex.SegmentIndexMixedDrainBenchmark.partitionedIngestMixed:putWorkload":
  17403.416 ±(99.9%) 2868.525 ops/s [Average]
  (min, avg, max) = (16195.243, 17403.416, 18194.392), stdev = 744.947
  CI (99.9%): [14534.891, 20271.941] (assumes normal distribution)


# Run complete. Total time: 00:00:18

REMEMBER: The numbers below are just data. To gain reusable insights, you need to follow up on
why the numbers are the way they are. Use profilers (see -prof, -lprof), design factorial
experiments, perform baseline and negative tests that provide experimental control, make sure
the benchmarking environment is safe on JVM/OS/HW level, ask for reviews from the domain experts.
Do not assume the numbers tell you what you want them to tell.

NOTE: Current JVM experimentally supports Compiler Blackholes, and they are in use. Please exercise
extra caution when trusting the results, look into the generated code to check the benchmark still
works, and factor in a small probability of new VM bugs. Additionally, while comparisons between
different JVMs are already problematic, the performance difference caused by different Blackhole
modes can be very significant. Please make sure you use the consistent Blackhole mode for comparisons.

Benchmark                                                           (hotKeySpace)  (workloadMode)   Mode  Cnt        Score        Error  Units
SegmentIndexMixedDrainBenchmark.partitionedIngestMixed                        256      splitHeavy  thrpt    5  1131388.355 ± 236376.850  ops/s
SegmentIndexMixedDrainBenchmark.partitionedIngestMixed:getWorkload            256      splitHeavy  thrpt    5  1113984.939 ± 236891.067  ops/s
SegmentIndexMixedDrainBenchmark.partitionedIngestMixed:putWorkload            256      splitHeavy  thrpt    5    17403.416 ±   2868.525  ops/s

Benchmark result is saved to /home/runner/work/_temp/benchmark-results/candidate/raw/segment-index-mixed-split-heavy.json
