# JMH version: 1.37
# VM version: JDK 21.0.11, OpenJDK 64-Bit Server VM, 21.0.11+10-LTS
# VM invoker: /usr/lib/jvm/temurin-21-jdk-amd64/bin/java
# VM options: <none>
# Blackhole mode: compiler (auto-detected, use -Djmh.blackhole.autoDetect=false to disable)
# Warmup: 2 iterations, 2 s each
# Measurement: 5 iterations, 2 s each
# Timeout: 10 min per iteration
# Threads: 20 threads (1 group; 4x "getWorkload", 16x "putWorkload" in each group), will synchronize iterations
# Benchmark mode: Throughput, ops/time
# Benchmark: org.hestiastore.benchmark.segmentindex.SegmentIndexMixedDrainBenchmark.partitionedIngestMixed
# Parameters: (hotKeySpace = 256, workloadMode = drainOnly)

# Run progress: 0.00% complete, ETA 00:00:14
# Fork: 1 of 1
# Warmup Iteration   1: 437307.953 ops/s
# Warmup Iteration   2: 491482.103 ops/s
Iteration   1: 468012.988 ops/s
                 getWorkload: 227985.052 ops/s
                 putWorkload: 240027.936 ops/s

Iteration   2: 470075.465 ops/s
                 getWorkload: 224185.864 ops/s
                 putWorkload: 245889.601 ops/s

Iteration   3: 460934.979 ops/s
                 getWorkload: 201328.270 ops/s
                 putWorkload: 259606.709 ops/s

Iteration   4: 473040.309 ops/s
                 getWorkload: 211323.685 ops/s
                 putWorkload: 261716.624 ops/s

Iteration   5: 468348.751 ops/s
                 getWorkload: 208820.104 ops/s
                 putWorkload: 259528.647 ops/s



Result "org.hestiastore.benchmark.segmentindex.SegmentIndexMixedDrainBenchmark.partitionedIngestMixed":
  468082.498 ±(99.9%) 17189.854 ops/s [Average]
  (min, avg, max) = (460934.979, 468082.498, 473040.309), stdev = 4464.150
  CI (99.9%): [450892.644, 485272.352] (assumes normal distribution)

Secondary result "org.hestiastore.benchmark.segmentindex.SegmentIndexMixedDrainBenchmark.partitionedIngestMixed:getWorkload":
  214728.595 ±(99.9%) 42672.970 ops/s [Average]
  (min, avg, max) = (201328.270, 214728.595, 227985.052), stdev = 11082.035
  CI (99.9%): [172055.625, 257401.565] (assumes normal distribution)

Secondary result "org.hestiastore.benchmark.segmentindex.SegmentIndexMixedDrainBenchmark.partitionedIngestMixed:putWorkload":
  253353.903 ±(99.9%) 37554.014 ops/s [Average]
  (min, avg, max) = (240027.936, 253353.903, 261716.624), stdev = 9752.658
  CI (99.9%): [215799.890, 290907.917] (assumes normal distribution)


# Run complete. Total time: 00:00:15

REMEMBER: The numbers below are just data. To gain reusable insights, you need to follow up on
why the numbers are the way they are. Use profilers (see -prof, -lprof), design factorial
experiments, perform baseline and negative tests that provide experimental control, make sure
the benchmarking environment is safe on JVM/OS/HW level, ask for reviews from the domain experts.
Do not assume the numbers tell you what you want them to tell.

NOTE: Current JVM experimentally supports Compiler Blackholes, and they are in use. Please exercise
extra caution when trusting the results, look into the generated code to check the benchmark still
works, and factor in a small probability of new VM bugs. Additionally, while comparisons between
different JVMs are already problematic, the performance difference caused by different Blackhole
modes can be very significant. Please make sure you use the consistent Blackhole mode for comparisons.

Benchmark                                                           (hotKeySpace)  (workloadMode)   Mode  Cnt       Score       Error  Units
SegmentIndexMixedDrainBenchmark.partitionedIngestMixed                        256       drainOnly  thrpt    5  468082.498 ± 17189.854  ops/s
SegmentIndexMixedDrainBenchmark.partitionedIngestMixed:getWorkload            256       drainOnly  thrpt    5  214728.595 ± 42672.970  ops/s
SegmentIndexMixedDrainBenchmark.partitionedIngestMixed:putWorkload            256       drainOnly  thrpt    5  253353.903 ± 37554.014  ops/s

Benchmark result is saved to /home/runner/work/_temp/benchmark-results/candidate/raw/segment-index-mixed-drain.json
