# JMH version: 1.37
# VM version: JDK 21.0.12.1, OpenJDK 64-Bit Server VM, 21.0.12.1+1-LTS
# VM invoker: /usr/lib/jvm/temurin-21-jdk-amd64/bin/java
# VM options: <none>
# Blackhole mode: compiler (auto-detected, use -Djmh.blackhole.autoDetect=false to disable)
# Warmup: 2 iterations, 2 s each
# Measurement: 5 iterations, 2 s each
# Timeout: 10 min per iteration
# Threads: 20 threads (1 group; 4x "getWorkload", 16x "putWorkload" in each group), will synchronize iterations
# Benchmark mode: Throughput, ops/time
# Benchmark: org.hestiastore.benchmark.segmentindex.SegmentIndexMixedDrainBenchmark.partitionedIngestMixed
# Parameters: (hotKeySpace = 256, workloadMode = splitHeavy)

# Run progress: 0.00% complete, ETA 00:00:14
# Fork: 1 of 1
# Warmup Iteration   1: 373075.506 ops/s
# Warmup Iteration   2: 930141.645 ops/s
Iteration   1: 1144922.639 ops/s
                 getWorkload: 1125577.190 ops/s
                 putWorkload: 19345.450 ops/s

Iteration   2: 1090049.910 ops/s
                 getWorkload: 1070213.594 ops/s
                 putWorkload: 19836.316 ops/s

Iteration   3: 1155186.875 ops/s
                 getWorkload: 1133186.179 ops/s
                 putWorkload: 22000.696 ops/s

Iteration   4: 1443794.394 ops/s
                 getWorkload: 1421823.222 ops/s
                 putWorkload: 21971.173 ops/s

Iteration   5: 1416019.257 ops/s
                 getWorkload: 1392733.856 ops/s
                 putWorkload: 23285.401 ops/s



Result "org.hestiastore.benchmark.segmentindex.SegmentIndexMixedDrainBenchmark.partitionedIngestMixed":
  1249994.615 ±(99.9%) 640682.445 ops/s [Average]
  (min, avg, max) = (1090049.910, 1249994.615, 1443794.394), stdev = 166383.196
  CI (99.9%): [609312.170, 1890677.061] (assumes normal distribution)

Secondary result "org.hestiastore.benchmark.segmentindex.SegmentIndexMixedDrainBenchmark.partitionedIngestMixed:getWorkload":
  1228706.808 ±(99.9%) 635877.707 ops/s [Average]
  (min, avg, max) = (1070213.594, 1228706.808, 1421823.222), stdev = 165135.421
  CI (99.9%): [592829.101, 1864584.515] (assumes normal distribution)

Secondary result "org.hestiastore.benchmark.segmentindex.SegmentIndexMixedDrainBenchmark.partitionedIngestMixed:putWorkload":
  21287.807 ±(99.9%) 6340.468 ops/s [Average]
  (min, avg, max) = (19345.450, 21287.807, 23285.401), stdev = 1646.599
  CI (99.9%): [14947.339, 27628.275] (assumes normal distribution)


# Run complete. Total time: 00:00:18

REMEMBER: The numbers below are just data. To gain reusable insights, you need to follow up on
why the numbers are the way they are. Use profilers (see -prof, -lprof), design factorial
experiments, perform baseline and negative tests that provide experimental control, make sure
the benchmarking environment is safe on JVM/OS/HW level, ask for reviews from the domain experts.
Do not assume the numbers tell you what you want them to tell.

NOTE: Current JVM experimentally supports Compiler Blackholes, and they are in use. Please exercise
extra caution when trusting the results, look into the generated code to check the benchmark still
works, and factor in a small probability of new VM bugs. Additionally, while comparisons between
different JVMs are already problematic, the performance difference caused by different Blackhole
modes can be very significant. Please make sure you use the consistent Blackhole mode for comparisons.

Benchmark                                                           (hotKeySpace)  (workloadMode)   Mode  Cnt        Score        Error  Units
SegmentIndexMixedDrainBenchmark.partitionedIngestMixed                        256      splitHeavy  thrpt    5  1249994.615 ± 640682.445  ops/s
SegmentIndexMixedDrainBenchmark.partitionedIngestMixed:getWorkload            256      splitHeavy  thrpt    5  1228706.808 ± 635877.707  ops/s
SegmentIndexMixedDrainBenchmark.partitionedIngestMixed:putWorkload            256      splitHeavy  thrpt    5    21287.807 ±   6340.468  ops/s

Benchmark result is saved to /home/runner/work/_temp/benchmark-results/candidate/raw/segment-index-mixed-split-heavy.json
