# JMH version: 1.37
# VM version: JDK 21.0.11, OpenJDK 64-Bit Server VM, 21.0.11+10-LTS
# VM invoker: /usr/lib/jvm/temurin-21-jdk-amd64/bin/java
# VM options: <none>
# Blackhole mode: compiler (auto-detected, use -Djmh.blackhole.autoDetect=false to disable)
# Warmup: 2 iterations, 2 s each
# Measurement: 5 iterations, 2 s each
# Timeout: 10 min per iteration
# Threads: 20 threads (1 group; 4x "getWorkload", 16x "putWorkload" in each group), will synchronize iterations
# Benchmark mode: Throughput, ops/time
# Benchmark: org.hestiastore.benchmark.segmentindex.SegmentIndexMixedDrainBenchmark.partitionedIngestMixed
# Parameters: (hotKeySpace = 256, workloadMode = splitHeavy)

# Run progress: 0.00% complete, ETA 00:00:14
# Fork: 1 of 1
# Warmup Iteration   1: 411582.908 ops/s
# Warmup Iteration   2: 917342.948 ops/s
Iteration   1: 987066.869 ops/s
                 getWorkload: 972092.995 ops/s
                 putWorkload: 14973.874 ops/s

Iteration   2: 1124626.603 ops/s
                 getWorkload: 1109644.319 ops/s
                 putWorkload: 14982.284 ops/s

Iteration   3: 1229366.408 ops/s
                 getWorkload: 1213337.261 ops/s
                 putWorkload: 16029.147 ops/s

Iteration   4: 1265190.871 ops/s
                 getWorkload: 1250849.920 ops/s
                 putWorkload: 14340.951 ops/s

Iteration   5: 1257833.471 ops/s
                 getWorkload: 1243666.783 ops/s
                 putWorkload: 14166.687 ops/s



Result "org.hestiastore.benchmark.segmentindex.SegmentIndexMixedDrainBenchmark.partitionedIngestMixed":
  1172816.844 ±(99.9%) 454734.773 ops/s [Average]
  (min, avg, max) = (987066.869, 1172816.844, 1265190.871), stdev = 118093.177
  CI (99.9%): [718082.071, 1627551.617] (assumes normal distribution)

Secondary result "org.hestiastore.benchmark.segmentindex.SegmentIndexMixedDrainBenchmark.partitionedIngestMixed:getWorkload":
  1157918.256 ±(99.9%) 455295.987 ops/s [Average]
  (min, avg, max) = (972092.995, 1157918.256, 1250849.920), stdev = 118238.922
  CI (99.9%): [702622.268, 1613214.243] (assumes normal distribution)

Secondary result "org.hestiastore.benchmark.segmentindex.SegmentIndexMixedDrainBenchmark.partitionedIngestMixed:putWorkload":
  14898.589 ±(99.9%) 2814.841 ops/s [Average]
  (min, avg, max) = (14166.687, 14898.589, 16029.147), stdev = 731.005
  CI (99.9%): [12083.747, 17713.430] (assumes normal distribution)


# Run complete. Total time: 00:00:19

REMEMBER: The numbers below are just data. To gain reusable insights, you need to follow up on
why the numbers are the way they are. Use profilers (see -prof, -lprof), design factorial
experiments, perform baseline and negative tests that provide experimental control, make sure
the benchmarking environment is safe on JVM/OS/HW level, ask for reviews from the domain experts.
Do not assume the numbers tell you what you want them to tell.

NOTE: Current JVM experimentally supports Compiler Blackholes, and they are in use. Please exercise
extra caution when trusting the results, look into the generated code to check the benchmark still
works, and factor in a small probability of new VM bugs. Additionally, while comparisons between
different JVMs are already problematic, the performance difference caused by different Blackhole
modes can be very significant. Please make sure you use the consistent Blackhole mode for comparisons.

Benchmark                                                           (hotKeySpace)  (workloadMode)   Mode  Cnt        Score        Error  Units
SegmentIndexMixedDrainBenchmark.partitionedIngestMixed                        256      splitHeavy  thrpt    5  1172816.844 ± 454734.773  ops/s
SegmentIndexMixedDrainBenchmark.partitionedIngestMixed:getWorkload            256      splitHeavy  thrpt    5  1157918.256 ± 455295.987  ops/s
SegmentIndexMixedDrainBenchmark.partitionedIngestMixed:putWorkload            256      splitHeavy  thrpt    5    14898.589 ±   2814.841  ops/s

Benchmark result is saved to /home/runner/work/_temp/benchmark-results/candidate/raw/segment-index-mixed-split-heavy.json
