# JMH version: 1.37
# VM version: JDK 21.0.11, OpenJDK 64-Bit Server VM, 21.0.11+10-LTS
# VM invoker: /usr/lib/jvm/temurin-21-jdk-amd64/bin/java
# VM options: <none>
# Blackhole mode: compiler (auto-detected, use -Djmh.blackhole.autoDetect=false to disable)
# Warmup: 2 iterations, 2 s each
# Measurement: 5 iterations, 2 s each
# Timeout: 10 min per iteration
# Threads: 20 threads (1 group; 4x "getWorkload", 16x "putWorkload" in each group), will synchronize iterations
# Benchmark mode: Throughput, ops/time
# Benchmark: org.hestiastore.benchmark.segmentindex.SegmentIndexMixedDrainBenchmark.partitionedIngestMixed
# Parameters: (hotKeySpace = 256, workloadMode = drainOnly)

# Run progress: 0.00% complete, ETA 00:00:14
# Fork: 1 of 1
# Warmup Iteration   1: 478674.897 ops/s
# Warmup Iteration   2: 560954.601 ops/s
Iteration   1: 508552.568 ops/s
                 getWorkload: 273858.216 ops/s
                 putWorkload: 234694.353 ops/s

Iteration   2: 541527.978 ops/s
                 getWorkload: 300703.754 ops/s
                 putWorkload: 240824.224 ops/s

Iteration   3: 536586.784 ops/s
                 getWorkload: 290379.580 ops/s
                 putWorkload: 246207.204 ops/s

Iteration   4: 536502.524 ops/s
                 getWorkload: 286012.257 ops/s
                 putWorkload: 250490.267 ops/s

Iteration   5: 525068.125 ops/s
                 getWorkload: 272035.028 ops/s
                 putWorkload: 253033.097 ops/s



Result "org.hestiastore.benchmark.segmentindex.SegmentIndexMixedDrainBenchmark.partitionedIngestMixed":
  529647.596 ±(99.9%) 51021.308 ops/s [Average]
  (min, avg, max) = (508552.568, 529647.596, 541527.978), stdev = 13250.072
  CI (99.9%): [478626.288, 580668.904] (assumes normal distribution)

Secondary result "org.hestiastore.benchmark.segmentindex.SegmentIndexMixedDrainBenchmark.partitionedIngestMixed:getWorkload":
  284597.767 ±(99.9%) 45885.449 ops/s [Average]
  (min, avg, max) = (272035.028, 284597.767, 300703.754), stdev = 11916.305
  CI (99.9%): [238712.318, 330483.216] (assumes normal distribution)

Secondary result "org.hestiastore.benchmark.segmentindex.SegmentIndexMixedDrainBenchmark.partitionedIngestMixed:putWorkload":
  245049.829 ±(99.9%) 28541.694 ops/s [Average]
  (min, avg, max) = (234694.353, 245049.829, 253033.097), stdev = 7412.187
  CI (99.9%): [216508.135, 273591.523] (assumes normal distribution)


# Run complete. Total time: 00:00:15

REMEMBER: The numbers below are just data. To gain reusable insights, you need to follow up on
why the numbers are the way they are. Use profilers (see -prof, -lprof), design factorial
experiments, perform baseline and negative tests that provide experimental control, make sure
the benchmarking environment is safe on JVM/OS/HW level, ask for reviews from the domain experts.
Do not assume the numbers tell you what you want them to tell.

NOTE: Current JVM experimentally supports Compiler Blackholes, and they are in use. Please exercise
extra caution when trusting the results, look into the generated code to check the benchmark still
works, and factor in a small probability of new VM bugs. Additionally, while comparisons between
different JVMs are already problematic, the performance difference caused by different Blackhole
modes can be very significant. Please make sure you use the consistent Blackhole mode for comparisons.

Benchmark                                                           (hotKeySpace)  (workloadMode)   Mode  Cnt       Score       Error  Units
SegmentIndexMixedDrainBenchmark.partitionedIngestMixed                        256       drainOnly  thrpt    5  529647.596 ± 51021.308  ops/s
SegmentIndexMixedDrainBenchmark.partitionedIngestMixed:getWorkload            256       drainOnly  thrpt    5  284597.767 ± 45885.449  ops/s
SegmentIndexMixedDrainBenchmark.partitionedIngestMixed:putWorkload            256       drainOnly  thrpt    5  245049.829 ± 28541.694  ops/s

Benchmark result is saved to /home/runner/work/_temp/benchmark-results/candidate/raw/segment-index-mixed-drain.json
