# JMH version: 1.37
# VM version: JDK 21.0.11, OpenJDK 64-Bit Server VM, 21.0.11+10-LTS
# VM invoker: /usr/lib/jvm/temurin-21-jdk-amd64/bin/java
# VM options: <none>
# Blackhole mode: compiler (auto-detected, use -Djmh.blackhole.autoDetect=false to disable)
# Warmup: 2 iterations, 2 s each
# Measurement: 5 iterations, 2 s each
# Timeout: 10 min per iteration
# Threads: 20 threads (1 group; 4x "getWorkload", 16x "putWorkload" in each group), will synchronize iterations
# Benchmark mode: Throughput, ops/time
# Benchmark: org.hestiastore.benchmark.segmentindex.SegmentIndexMixedDrainBenchmark.partitionedIngestMixed
# Parameters: (hotKeySpace = 256, workloadMode = splitHeavy)

# Run progress: 0.00% complete, ETA 00:00:14
# Fork: 1 of 1
# Warmup Iteration   1: 355274.026 ops/s
# Warmup Iteration   2: 711935.448 ops/s
Iteration   1: 993110.429 ops/s
                 getWorkload: 977069.360 ops/s
                 putWorkload: 16041.070 ops/s

Iteration   2: 997350.369 ops/s
                 getWorkload: 983415.232 ops/s
                 putWorkload: 13935.137 ops/s

Iteration   3: 1166490.151 ops/s
                 getWorkload: 1152366.385 ops/s
                 putWorkload: 14123.766 ops/s

Iteration   4: 1252347.802 ops/s
                 getWorkload: 1236532.141 ops/s
                 putWorkload: 15815.661 ops/s

Iteration   5: 1252712.212 ops/s
                 getWorkload: 1237711.562 ops/s
                 putWorkload: 15000.650 ops/s



Result "org.hestiastore.benchmark.segmentindex.SegmentIndexMixedDrainBenchmark.partitionedIngestMixed":
  1132402.193 ±(99.9%) 500822.946 ops/s [Average]
  (min, avg, max) = (993110.429, 1132402.193, 1252712.212), stdev = 130062.129
  CI (99.9%): [631579.246, 1633225.139] (assumes normal distribution)

Secondary result "org.hestiastore.benchmark.segmentindex.SegmentIndexMixedDrainBenchmark.partitionedIngestMixed:getWorkload":
  1117418.936 ±(99.9%) 500341.477 ops/s [Average]
  (min, avg, max) = (977069.360, 1117418.936, 1237711.562), stdev = 129937.093
  CI (99.9%): [617077.459, 1617760.413] (assumes normal distribution)

Secondary result "org.hestiastore.benchmark.segmentindex.SegmentIndexMixedDrainBenchmark.partitionedIngestMixed:putWorkload":
  14983.257 ±(99.9%) 3678.043 ops/s [Average]
  (min, avg, max) = (13935.137, 14983.257, 16041.070), stdev = 955.176
  CI (99.9%): [11305.213, 18661.300] (assumes normal distribution)


# Run complete. Total time: 00:00:19

REMEMBER: The numbers below are just data. To gain reusable insights, you need to follow up on
why the numbers are the way they are. Use profilers (see -prof, -lprof), design factorial
experiments, perform baseline and negative tests that provide experimental control, make sure
the benchmarking environment is safe on JVM/OS/HW level, ask for reviews from the domain experts.
Do not assume the numbers tell you what you want them to tell.

NOTE: Current JVM experimentally supports Compiler Blackholes, and they are in use. Please exercise
extra caution when trusting the results, look into the generated code to check the benchmark still
works, and factor in a small probability of new VM bugs. Additionally, while comparisons between
different JVMs are already problematic, the performance difference caused by different Blackhole
modes can be very significant. Please make sure you use the consistent Blackhole mode for comparisons.

Benchmark                                                           (hotKeySpace)  (workloadMode)   Mode  Cnt        Score        Error  Units
SegmentIndexMixedDrainBenchmark.partitionedIngestMixed                        256      splitHeavy  thrpt    5  1132402.193 ± 500822.946  ops/s
SegmentIndexMixedDrainBenchmark.partitionedIngestMixed:getWorkload            256      splitHeavy  thrpt    5  1117418.936 ± 500341.477  ops/s
SegmentIndexMixedDrainBenchmark.partitionedIngestMixed:putWorkload            256      splitHeavy  thrpt    5    14983.257 ±   3678.043  ops/s

Benchmark result is saved to /home/runner/work/_temp/benchmark-results/candidate/raw/segment-index-mixed-split-heavy.json
