# JMH version: 1.37
# VM version: JDK 21.0.12.1, OpenJDK 64-Bit Server VM, 21.0.12.1+1-LTS
# VM invoker: /usr/lib/jvm/temurin-21-jdk-amd64/bin/java
# VM options: <none>
# Blackhole mode: compiler (auto-detected, use -Djmh.blackhole.autoDetect=false to disable)
# Warmup: 2 iterations, 2 s each
# Measurement: 5 iterations, 2 s each
# Timeout: 10 min per iteration
# Threads: 20 threads (1 group; 4x "getWorkload", 16x "putWorkload" in each group), will synchronize iterations
# Benchmark mode: Throughput, ops/time
# Benchmark: org.hestiastore.benchmark.segmentindex.SegmentIndexMixedDrainBenchmark.partitionedIngestMixed
# Parameters: (hotKeySpace = 256, workloadMode = drainOnly)

# Run progress: 0.00% complete, ETA 00:00:14
# Fork: 1 of 1
# Warmup Iteration   1: 461629.641 ops/s
# Warmup Iteration   2: 526448.951 ops/s
Iteration   1: 498770.375 ops/s
                 getWorkload: 241704.556 ops/s
                 putWorkload: 257065.819 ops/s

Iteration   2: 528761.725 ops/s
                 getWorkload: 258853.907 ops/s
                 putWorkload: 269907.817 ops/s

Iteration   3: 528223.453 ops/s
                 getWorkload: 249771.614 ops/s
                 putWorkload: 278451.839 ops/s

Iteration   4: 523525.130 ops/s
                 getWorkload: 236888.127 ops/s
                 putWorkload: 286637.003 ops/s

Iteration   5: 544075.866 ops/s
                 getWorkload: 259241.077 ops/s
                 putWorkload: 284834.789 ops/s



Result "org.hestiastore.benchmark.segmentindex.SegmentIndexMixedDrainBenchmark.partitionedIngestMixed":
  524671.310 ±(99.9%) 63215.628 ops/s [Average]
  (min, avg, max) = (498770.375, 524671.310, 544075.866), stdev = 16416.898
  CI (99.9%): [461455.682, 587886.938] (assumes normal distribution)

Secondary result "org.hestiastore.benchmark.segmentindex.SegmentIndexMixedDrainBenchmark.partitionedIngestMixed:getWorkload":
  249291.856 ±(99.9%) 38605.927 ops/s [Average]
  (min, avg, max) = (236888.127, 249291.856, 259241.077), stdev = 10025.837
  CI (99.9%): [210685.930, 287897.783] (assumes normal distribution)

Secondary result "org.hestiastore.benchmark.segmentindex.SegmentIndexMixedDrainBenchmark.partitionedIngestMixed:putWorkload":
  275379.453 ±(99.9%) 46801.695 ops/s [Average]
  (min, avg, max) = (257065.819, 275379.453, 286637.003), stdev = 12154.252
  CI (99.9%): [228577.758, 322181.149] (assumes normal distribution)


# Run complete. Total time: 00:00:15

REMEMBER: The numbers below are just data. To gain reusable insights, you need to follow up on
why the numbers are the way they are. Use profilers (see -prof, -lprof), design factorial
experiments, perform baseline and negative tests that provide experimental control, make sure
the benchmarking environment is safe on JVM/OS/HW level, ask for reviews from the domain experts.
Do not assume the numbers tell you what you want them to tell.

NOTE: Current JVM experimentally supports Compiler Blackholes, and they are in use. Please exercise
extra caution when trusting the results, look into the generated code to check the benchmark still
works, and factor in a small probability of new VM bugs. Additionally, while comparisons between
different JVMs are already problematic, the performance difference caused by different Blackhole
modes can be very significant. Please make sure you use the consistent Blackhole mode for comparisons.

Benchmark                                                           (hotKeySpace)  (workloadMode)   Mode  Cnt       Score       Error  Units
SegmentIndexMixedDrainBenchmark.partitionedIngestMixed                        256       drainOnly  thrpt    5  524671.310 ± 63215.628  ops/s
SegmentIndexMixedDrainBenchmark.partitionedIngestMixed:getWorkload            256       drainOnly  thrpt    5  249291.856 ± 38605.927  ops/s
SegmentIndexMixedDrainBenchmark.partitionedIngestMixed:putWorkload            256       drainOnly  thrpt    5  275379.453 ± 46801.695  ops/s

Benchmark result is saved to /home/runner/work/_temp/benchmark-results/candidate/raw/segment-index-mixed-drain.json
