# JMH version: 1.37
# VM version: JDK 21.0.12.1, OpenJDK 64-Bit Server VM, 21.0.12.1+1-LTS
# VM invoker: /usr/lib/jvm/temurin-21-jdk-amd64/bin/java
# VM options: <none>
# Blackhole mode: compiler (auto-detected, use -Djmh.blackhole.autoDetect=false to disable)
# Warmup: 2 iterations, 2 s each
# Measurement: 5 iterations, 2 s each
# Timeout: 10 min per iteration
# Threads: 20 threads (1 group; 4x "getWorkload", 16x "putWorkload" in each group), will synchronize iterations
# Benchmark mode: Throughput, ops/time
# Benchmark: org.hestiastore.benchmark.segmentindex.SegmentIndexMixedDrainBenchmark.partitionedIngestMixed
# Parameters: (hotKeySpace = 256, workloadMode = splitHeavy)

# Run progress: 0.00% complete, ETA 00:00:14
# Fork: 1 of 1
# Warmup Iteration   1: 375914.640 ops/s
# Warmup Iteration   2: 864730.003 ops/s
Iteration   1: 1068664.802 ops/s
                 getWorkload: 1036282.139 ops/s
                 putWorkload: 32382.662 ops/s

Iteration   2: 1275304.296 ops/s
                 getWorkload: 1238776.405 ops/s
                 putWorkload: 36527.891 ops/s

Iteration   3: 1251374.359 ops/s
                 getWorkload: 1215166.494 ops/s
                 putWorkload: 36207.865 ops/s

Iteration   4: 1369360.819 ops/s
                 getWorkload: 1338115.300 ops/s
                 putWorkload: 31245.519 ops/s

Iteration   5: 1474528.211 ops/s
                 getWorkload: 1439938.851 ops/s
                 putWorkload: 34589.360 ops/s



Result "org.hestiastore.benchmark.segmentindex.SegmentIndexMixedDrainBenchmark.partitionedIngestMixed":
  1287846.497 ±(99.9%) 580869.305 ops/s [Average]
  (min, avg, max) = (1068664.802, 1287846.497, 1474528.211), stdev = 150849.914
  CI (99.9%): [706977.192, 1868715.803] (assumes normal distribution)

Secondary result "org.hestiastore.benchmark.segmentindex.SegmentIndexMixedDrainBenchmark.partitionedIngestMixed:getWorkload":
  1253655.838 ±(99.9%) 580122.587 ops/s [Average]
  (min, avg, max) = (1036282.139, 1253655.838, 1439938.851), stdev = 150655.994
  CI (99.9%): [673533.251, 1833778.425] (assumes normal distribution)

Secondary result "org.hestiastore.benchmark.segmentindex.SegmentIndexMixedDrainBenchmark.partitionedIngestMixed:putWorkload":
  34190.659 ±(99.9%) 8955.011 ops/s [Average]
  (min, avg, max) = (31245.519, 34190.659, 36527.891), stdev = 2325.588
  CI (99.9%): [25235.648, 43145.670] (assumes normal distribution)


# Run complete. Total time: 00:00:18

REMEMBER: The numbers below are just data. To gain reusable insights, you need to follow up on
why the numbers are the way they are. Use profilers (see -prof, -lprof), design factorial
experiments, perform baseline and negative tests that provide experimental control, make sure
the benchmarking environment is safe on JVM/OS/HW level, ask for reviews from the domain experts.
Do not assume the numbers tell you what you want them to tell.

NOTE: Current JVM experimentally supports Compiler Blackholes, and they are in use. Please exercise
extra caution when trusting the results, look into the generated code to check the benchmark still
works, and factor in a small probability of new VM bugs. Additionally, while comparisons between
different JVMs are already problematic, the performance difference caused by different Blackhole
modes can be very significant. Please make sure you use the consistent Blackhole mode for comparisons.

Benchmark                                                           (hotKeySpace)  (workloadMode)   Mode  Cnt        Score        Error  Units
SegmentIndexMixedDrainBenchmark.partitionedIngestMixed                        256      splitHeavy  thrpt    5  1287846.497 ± 580869.305  ops/s
SegmentIndexMixedDrainBenchmark.partitionedIngestMixed:getWorkload            256      splitHeavy  thrpt    5  1253655.838 ± 580122.587  ops/s
SegmentIndexMixedDrainBenchmark.partitionedIngestMixed:putWorkload            256      splitHeavy  thrpt    5    34190.659 ±   8955.011  ops/s

Benchmark result is saved to /home/runner/work/_temp/benchmark-results/candidate/raw/segment-index-mixed-split-heavy.json
