# JMH version: 1.37
# VM version: JDK 21.0.12, OpenJDK 64-Bit Server VM, 21.0.12+8-LTS
# VM invoker: /usr/lib/jvm/temurin-21-jdk-amd64/bin/java
# VM options: <none>
# Blackhole mode: compiler (auto-detected, use -Djmh.blackhole.autoDetect=false to disable)
# Warmup: 1 iterations, 1 s each
# Measurement: 3 iterations, 1 s each
# Timeout: 10 min per iteration
# Threads: 1 thread, will synchronize iterations
# Benchmark mode: Average time, time/op
# Benchmark: org.hestiastore.benchmark.segmentindex.SegmentIndexRangeScanBenchmark.boundedScan
# Parameters: (keyCount = 32768, maxKeysInSegment = 1024, rangeSize = 128, snappy = true, valueLength = 64)

# Run progress: 0.00% complete, ETA 00:00:12
# Fork: 1 of 1
# Warmup Iteration   1: 77.277 us/op
Iteration   1: 41.212 us/op
Iteration   2: 27.812 us/op
Iteration   3: 27.708 us/op


Result "org.hestiastore.benchmark.segmentindex.SegmentIndexRangeScanBenchmark.boundedScan":
  32.244 ±(99.9%) 141.699 us/op [Average]
  (min, avg, max) = (27.708, 32.244, 41.212), stdev = 7.767
  CI (99.9%): [≈ 0, 173.943] (assumes normal distribution)


# JMH version: 1.37
# VM version: JDK 21.0.12, OpenJDK 64-Bit Server VM, 21.0.12+8-LTS
# VM invoker: /usr/lib/jvm/temurin-21-jdk-amd64/bin/java
# VM options: <none>
# Blackhole mode: compiler (auto-detected, use -Djmh.blackhole.autoDetect=false to disable)
# Warmup: 1 iterations, 1 s each
# Measurement: 3 iterations, 1 s each
# Timeout: 10 min per iteration
# Threads: 1 thread, will synchronize iterations
# Benchmark mode: Average time, time/op
# Benchmark: org.hestiastore.benchmark.segmentindex.SegmentIndexRangeScanBenchmark.fullStreamRangeFallback
# Parameters: (keyCount = 32768, maxKeysInSegment = 1024, rangeSize = 128, snappy = true, valueLength = 64)

# Run progress: 33.33% complete, ETA 00:00:12
# Fork: 1 of 1
# Warmup Iteration   1: 2782.704 us/op
Iteration   1: 2221.003 us/op
Iteration   2: 2143.900 us/op
Iteration   3: 2081.206 us/op


Result "org.hestiastore.benchmark.segmentindex.SegmentIndexRangeScanBenchmark.fullStreamRangeFallback":
  2148.703 ±(99.9%) 1277.457 us/op [Average]
  (min, avg, max) = (2081.206, 2148.703, 2221.003), stdev = 70.022
  CI (99.9%): [871.246, 3426.160] (assumes normal distribution)


# JMH version: 1.37
# VM version: JDK 21.0.12, OpenJDK 64-Bit Server VM, 21.0.12+8-LTS
# VM invoker: /usr/lib/jvm/temurin-21-jdk-amd64/bin/java
# VM options: <none>
# Blackhole mode: compiler (auto-detected, use -Djmh.blackhole.autoDetect=false to disable)
# Warmup: 1 iterations, 1 s each
# Measurement: 3 iterations, 1 s each
# Timeout: 10 min per iteration
# Threads: 1 thread, will synchronize iterations
# Benchmark mode: Average time, time/op
# Benchmark: org.hestiastore.benchmark.segmentindex.SegmentIndexRangeScanBenchmark.sequentialRead
# Parameters: (keyCount = 32768, maxKeysInSegment = 1024, rangeSize = 128, snappy = true, valueLength = 64)

# Run progress: 66.67% complete, ETA 00:00:06
# Fork: 1 of 1
# Warmup Iteration   1: 5089.003 us/op
Iteration   1: 4675.061 us/op
Iteration   2: 4594.882 us/op
Iteration   3: 4500.672 us/op


Result "org.hestiastore.benchmark.segmentindex.SegmentIndexRangeScanBenchmark.sequentialRead":
  4590.205 ±(99.9%) 1592.466 us/op [Average]
  (min, avg, max) = (4500.672, 4590.205, 4675.061), stdev = 87.288
  CI (99.9%): [2997.738, 6182.671] (assumes normal distribution)


# Run complete. Total time: 00:00:18

REMEMBER: The numbers below are just data. To gain reusable insights, you need to follow up on
why the numbers are the way they are. Use profilers (see -prof, -lprof), design factorial
experiments, perform baseline and negative tests that provide experimental control, make sure
the benchmarking environment is safe on JVM/OS/HW level, ask for reviews from the domain experts.
Do not assume the numbers tell you what you want them to tell.

NOTE: Current JVM experimentally supports Compiler Blackholes, and they are in use. Please exercise
extra caution when trusting the results, look into the generated code to check the benchmark still
works, and factor in a small probability of new VM bugs. Additionally, while comparisons between
different JVMs are already problematic, the performance difference caused by different Blackhole
modes can be very significant. Please make sure you use the consistent Blackhole mode for comparisons.

Benchmark                                               (keyCount)  (maxKeysInSegment)  (rangeSize)  (snappy)  (valueLength)  Mode  Cnt     Score      Error  Units
SegmentIndexRangeScanBenchmark.boundedScan                   32768                1024          128      true             64  avgt    3    32.244 ±  141.699  us/op
SegmentIndexRangeScanBenchmark.fullStreamRangeFallback       32768                1024          128      true             64  avgt    3  2148.703 ± 1277.457  us/op
SegmentIndexRangeScanBenchmark.sequentialRead                32768                1024          128      true             64  avgt    3  4590.205 ± 1592.466  us/op

Benchmark result is saved to /home/runner/work/_temp/benchmark-results/candidate/raw/segment-index-range-scan.json
