# JMH version: 1.37
# VM version: JDK 21.0.11, OpenJDK 64-Bit Server VM, 21.0.11+10-LTS
# VM invoker: /usr/lib/jvm/temurin-21-jdk-amd64/bin/java
# VM options: <none>
# Blackhole mode: compiler (auto-detected, use -Djmh.blackhole.autoDetect=false to disable)
# Warmup: 2 iterations, 2 s each
# Measurement: 5 iterations, 2 s each
# Timeout: 10 min per iteration
# Threads: 20 threads (1 group; 4x "getWorkload", 16x "putWorkload" in each group), will synchronize iterations
# Benchmark mode: Throughput, ops/time
# Benchmark: org.hestiastore.benchmark.segmentindex.SegmentIndexMixedDrainBenchmark.partitionedIngestMixed
# Parameters: (hotKeySpace = 256, workloadMode = drainOnly)

# Run progress: 0.00% complete, ETA 00:00:14
# Fork: 1 of 1
# Warmup Iteration   1: 507845.568 ops/s
# Warmup Iteration   2: 530000.235 ops/s
Iteration   1: 492568.860 ops/s
                 getWorkload: 257254.662 ops/s
                 putWorkload: 235314.198 ops/s

Iteration   2: 504212.947 ops/s
                 getWorkload: 256946.557 ops/s
                 putWorkload: 247266.390 ops/s

Iteration   3: 519861.420 ops/s
                 getWorkload: 273859.237 ops/s
                 putWorkload: 246002.182 ops/s

Iteration   4: 492627.820 ops/s
                 getWorkload: 240126.587 ops/s
                 putWorkload: 252501.233 ops/s

Iteration   5: 515489.542 ops/s
                 getWorkload: 257579.456 ops/s
                 putWorkload: 257910.086 ops/s



Result "org.hestiastore.benchmark.segmentindex.SegmentIndexMixedDrainBenchmark.partitionedIngestMixed":
  504952.118 ±(99.9%) 48673.127 ops/s [Average]
  (min, avg, max) = (492568.860, 504952.118, 519861.420), stdev = 12640.257
  CI (99.9%): [456278.991, 553625.245] (assumes normal distribution)

Secondary result "org.hestiastore.benchmark.segmentindex.SegmentIndexMixedDrainBenchmark.partitionedIngestMixed:getWorkload":
  257153.300 ±(99.9%) 45935.451 ops/s [Average]
  (min, avg, max) = (240126.587, 257153.300, 273859.237), stdev = 11929.291
  CI (99.9%): [211217.849, 303088.751] (assumes normal distribution)

Secondary result "org.hestiastore.benchmark.segmentindex.SegmentIndexMixedDrainBenchmark.partitionedIngestMixed:putWorkload":
  247798.818 ±(99.9%) 32430.536 ops/s [Average]
  (min, avg, max) = (235314.198, 247798.818, 257910.086), stdev = 8422.107
  CI (99.9%): [215368.281, 280229.354] (assumes normal distribution)


# Run complete. Total time: 00:00:15

REMEMBER: The numbers below are just data. To gain reusable insights, you need to follow up on
why the numbers are the way they are. Use profilers (see -prof, -lprof), design factorial
experiments, perform baseline and negative tests that provide experimental control, make sure
the benchmarking environment is safe on JVM/OS/HW level, ask for reviews from the domain experts.
Do not assume the numbers tell you what you want them to tell.

NOTE: Current JVM experimentally supports Compiler Blackholes, and they are in use. Please exercise
extra caution when trusting the results, look into the generated code to check the benchmark still
works, and factor in a small probability of new VM bugs. Additionally, while comparisons between
different JVMs are already problematic, the performance difference caused by different Blackhole
modes can be very significant. Please make sure you use the consistent Blackhole mode for comparisons.

Benchmark                                                           (hotKeySpace)  (workloadMode)   Mode  Cnt       Score       Error  Units
SegmentIndexMixedDrainBenchmark.partitionedIngestMixed                        256       drainOnly  thrpt    5  504952.118 ± 48673.127  ops/s
SegmentIndexMixedDrainBenchmark.partitionedIngestMixed:getWorkload            256       drainOnly  thrpt    5  257153.300 ± 45935.451  ops/s
SegmentIndexMixedDrainBenchmark.partitionedIngestMixed:putWorkload            256       drainOnly  thrpt    5  247798.818 ± 32430.536  ops/s

Benchmark result is saved to /home/runner/work/_temp/benchmark-results/candidate/raw/segment-index-mixed-drain.json
