# JMH version: 1.37
# VM version: JDK 21.0.12.1, OpenJDK 64-Bit Server VM, 21.0.12.1+1-LTS
# VM invoker: /usr/lib/jvm/temurin-21-jdk-amd64/bin/java
# VM options: <none>
# Blackhole mode: compiler (auto-detected, use -Djmh.blackhole.autoDetect=false to disable)
# Warmup: 2 iterations, 2 s each
# Measurement: 5 iterations, 2 s each
# Timeout: 10 min per iteration
# Threads: 4 threads, will synchronize iterations
# Benchmark mode: Throughput, ops/time
# Benchmark: org.hestiastore.benchmark.segmentindex.SegmentIndexGetBenchmark.getHitSync
# Parameters: (chunkStoreCachePageLimit = 0, contextLogging = false, keyCount = 12000, maxKeysInChunk = 256, readPathMode = live, snappy = true, valueLength = 64)

# Run progress: 0.00% complete, ETA 00:00:56
# Fork: 1 of 1
# Warmup Iteration   1: 3968739.591 ops/s
# Warmup Iteration   2: 4670213.416 ops/s
Iteration   1: 4500085.837 ops/s
Iteration   2: 4563542.793 ops/s
Iteration   3: 4560044.173 ops/s
Iteration   4: 4558572.275 ops/s
Iteration   5: 4561127.682 ops/s


Result "org.hestiastore.benchmark.segmentindex.SegmentIndexGetBenchmark.getHitSync":
  4548674.552 ±(99.9%) 104823.862 ops/s [Average]
  (min, avg, max) = (4500085.837, 4548674.552, 4563542.793), stdev = 27222.424
  CI (99.9%): [4443850.690, 4653498.414] (assumes normal distribution)


# JMH version: 1.37
# VM version: JDK 21.0.12.1, OpenJDK 64-Bit Server VM, 21.0.12.1+1-LTS
# VM invoker: /usr/lib/jvm/temurin-21-jdk-amd64/bin/java
# VM options: <none>
# Blackhole mode: compiler (auto-detected, use -Djmh.blackhole.autoDetect=false to disable)
# Warmup: 2 iterations, 2 s each
# Measurement: 5 iterations, 2 s each
# Timeout: 10 min per iteration
# Threads: 4 threads, will synchronize iterations
# Benchmark mode: Throughput, ops/time
# Benchmark: org.hestiastore.benchmark.segmentindex.SegmentIndexGetBenchmark.getHitSync
# Parameters: (chunkStoreCachePageLimit = 128, contextLogging = false, keyCount = 12000, maxKeysInChunk = 256, readPathMode = live, snappy = true, valueLength = 64)

# Run progress: 25.00% complete, ETA 00:00:47
# Fork: 1 of 1
# Warmup Iteration   1: 4323534.628 ops/s
# Warmup Iteration   2: 5300048.189 ops/s
Iteration   1: 5111826.803 ops/s
Iteration   2: 5135562.941 ops/s
Iteration   3: 5129532.356 ops/s
Iteration   4: 5114403.333 ops/s
Iteration   5: 5130799.157 ops/s


Result "org.hestiastore.benchmark.segmentindex.SegmentIndexGetBenchmark.getHitSync":
  5124424.918 ±(99.9%) 40838.483 ops/s [Average]
  (min, avg, max) = (5111826.803, 5124424.918, 5135562.941), stdev = 10605.624
  CI (99.9%): [5083586.435, 5165263.401] (assumes normal distribution)


# JMH version: 1.37
# VM version: JDK 21.0.12.1, OpenJDK 64-Bit Server VM, 21.0.12.1+1-LTS
# VM invoker: /usr/lib/jvm/temurin-21-jdk-amd64/bin/java
# VM options: <none>
# Blackhole mode: compiler (auto-detected, use -Djmh.blackhole.autoDetect=false to disable)
# Warmup: 2 iterations, 2 s each
# Measurement: 5 iterations, 2 s each
# Timeout: 10 min per iteration
# Threads: 4 threads, will synchronize iterations
# Benchmark mode: Throughput, ops/time
# Benchmark: org.hestiastore.benchmark.segmentindex.SegmentIndexGetBenchmark.getMissSync
# Parameters: (chunkStoreCachePageLimit = 0, contextLogging = false, keyCount = 12000, maxKeysInChunk = 256, readPathMode = live, snappy = true, valueLength = 64)

# Run progress: 50.00% complete, ETA 00:00:31
# Fork: 1 of 1
# Warmup Iteration   1: 3788114.280 ops/s
# Warmup Iteration   2: 4791681.321 ops/s
Iteration   1: 4748452.201 ops/s
Iteration   2: 4759350.249 ops/s
Iteration   3: 4752823.640 ops/s
Iteration   4: 4738127.114 ops/s
Iteration   5: 4754994.285 ops/s


Result "org.hestiastore.benchmark.segmentindex.SegmentIndexGetBenchmark.getMissSync":
  4750749.498 ±(99.9%) 31098.293 ops/s [Average]
  (min, avg, max) = (4738127.114, 4750749.498, 4759350.249), stdev = 8076.128
  CI (99.9%): [4719651.205, 4781847.791] (assumes normal distribution)


# JMH version: 1.37
# VM version: JDK 21.0.12.1, OpenJDK 64-Bit Server VM, 21.0.12.1+1-LTS
# VM invoker: /usr/lib/jvm/temurin-21-jdk-amd64/bin/java
# VM options: <none>
# Blackhole mode: compiler (auto-detected, use -Djmh.blackhole.autoDetect=false to disable)
# Warmup: 2 iterations, 2 s each
# Measurement: 5 iterations, 2 s each
# Timeout: 10 min per iteration
# Threads: 4 threads, will synchronize iterations
# Benchmark mode: Throughput, ops/time
# Benchmark: org.hestiastore.benchmark.segmentindex.SegmentIndexGetBenchmark.getMissSync
# Parameters: (chunkStoreCachePageLimit = 128, contextLogging = false, keyCount = 12000, maxKeysInChunk = 256, readPathMode = live, snappy = true, valueLength = 64)

# Run progress: 75.00% complete, ETA 00:00:15
# Fork: 1 of 1
# Warmup Iteration   1: 3525007.379 ops/s
# Warmup Iteration   2: 4637946.303 ops/s
Iteration   1: 4646336.569 ops/s
Iteration   2: 4650831.186 ops/s
Iteration   3: 4645290.769 ops/s
Iteration   4: 4649483.495 ops/s
Iteration   5: 4650395.181 ops/s


Result "org.hestiastore.benchmark.segmentindex.SegmentIndexGetBenchmark.getMissSync":
  4648467.440 ±(99.9%) 9620.389 ops/s [Average]
  (min, avg, max) = (4645290.769, 4648467.440, 4650831.186), stdev = 2498.384
  CI (99.9%): [4638847.051, 4658087.829] (assumes normal distribution)


# Run complete. Total time: 00:01:03

REMEMBER: The numbers below are just data. To gain reusable insights, you need to follow up on
why the numbers are the way they are. Use profilers (see -prof, -lprof), design factorial
experiments, perform baseline and negative tests that provide experimental control, make sure
the benchmarking environment is safe on JVM/OS/HW level, ask for reviews from the domain experts.
Do not assume the numbers tell you what you want them to tell.

NOTE: Current JVM experimentally supports Compiler Blackholes, and they are in use. Please exercise
extra caution when trusting the results, look into the generated code to check the benchmark still
works, and factor in a small probability of new VM bugs. Additionally, while comparisons between
different JVMs are already problematic, the performance difference caused by different Blackhole
modes can be very significant. Please make sure you use the consistent Blackhole mode for comparisons.

Benchmark                             (chunkStoreCachePageLimit)  (contextLogging)  (keyCount)  (maxKeysInChunk)  (readPathMode)  (snappy)  (valueLength)   Mode  Cnt        Score        Error  Units
SegmentIndexGetBenchmark.getHitSync                            0             false       12000               256            live      true             64  thrpt    5  4548674.552 ± 104823.862  ops/s
SegmentIndexGetBenchmark.getHitSync                          128             false       12000               256            live      true             64  thrpt    5  5124424.918 ±  40838.483  ops/s
SegmentIndexGetBenchmark.getMissSync                           0             false       12000               256            live      true             64  thrpt    5  4750749.498 ±  31098.293  ops/s
SegmentIndexGetBenchmark.getMissSync                         128             false       12000               256            live      true             64  thrpt    5  4648467.440 ±   9620.389  ops/s

Benchmark result is saved to /home/runner/work/_temp/benchmark-results/candidate/raw/segment-index-get-live.json
