# JMH version: 1.37
# VM version: JDK 21.0.12.1, OpenJDK 64-Bit Server VM, 21.0.12.1+1-LTS
# VM invoker: /usr/lib/jvm/temurin-21-jdk-amd64/bin/java
# VM options: <none>
# Blackhole mode: compiler (auto-detected, use -Djmh.blackhole.autoDetect=false to disable)
# Warmup: 2 iterations, 2 s each
# Measurement: 5 iterations, 2 s each
# Timeout: 10 min per iteration
# Threads: 1 thread, will synchronize iterations
# Benchmark mode: Average time, time/op
# Benchmark: org.hestiastore.benchmark.segmentindex.SegmentIndexRangeScanBenchmark.boundedScan
# Parameters: (keyCount = 32768, maxKeysInSegment = 1024, rangeSize = 128, snappy = true, valueLength = 64)

# Run progress: 0.00% complete, ETA 00:00:42
# Fork: 1 of 1
# Warmup Iteration   1: 34.550 us/op
# Warmup Iteration   2: 26.941 us/op
Iteration   1: 26.854 us/op
Iteration   2: 26.881 us/op
Iteration   3: 26.797 us/op
Iteration   4: 26.810 us/op
Iteration   5: 26.810 us/op


Result "org.hestiastore.benchmark.segmentindex.SegmentIndexRangeScanBenchmark.boundedScan":
  26.831 ±(99.9%) 0.137 us/op [Average]
  (min, avg, max) = (26.797, 26.831, 26.881), stdev = 0.036
  CI (99.9%): [26.693, 26.968] (assumes normal distribution)


# JMH version: 1.37
# VM version: JDK 21.0.12.1, OpenJDK 64-Bit Server VM, 21.0.12.1+1-LTS
# VM invoker: /usr/lib/jvm/temurin-21-jdk-amd64/bin/java
# VM options: <none>
# Blackhole mode: compiler (auto-detected, use -Djmh.blackhole.autoDetect=false to disable)
# Warmup: 2 iterations, 2 s each
# Measurement: 5 iterations, 2 s each
# Timeout: 10 min per iteration
# Threads: 1 thread, will synchronize iterations
# Benchmark mode: Average time, time/op
# Benchmark: org.hestiastore.benchmark.segmentindex.SegmentIndexRangeScanBenchmark.fullStreamRangeFallback
# Parameters: (keyCount = 32768, maxKeysInSegment = 1024, rangeSize = 128, snappy = true, valueLength = 64)

# Run progress: 33.33% complete, ETA 00:00:31
# Fork: 1 of 1
# Warmup Iteration   1: 2390.546 us/op
# Warmup Iteration   2: 2164.266 us/op
Iteration   1: 2087.429 us/op
Iteration   2: 2084.465 us/op
Iteration   3: 2082.699 us/op
Iteration   4: 2078.568 us/op
Iteration   5: 2078.272 us/op


Result "org.hestiastore.benchmark.segmentindex.SegmentIndexRangeScanBenchmark.fullStreamRangeFallback":
  2082.287 ±(99.9%) 15.075 us/op [Average]
  (min, avg, max) = (2078.272, 2082.287, 2087.429), stdev = 3.915
  CI (99.9%): [2067.212, 2097.362] (assumes normal distribution)


# JMH version: 1.37
# VM version: JDK 21.0.12.1, OpenJDK 64-Bit Server VM, 21.0.12.1+1-LTS
# VM invoker: /usr/lib/jvm/temurin-21-jdk-amd64/bin/java
# VM options: <none>
# Blackhole mode: compiler (auto-detected, use -Djmh.blackhole.autoDetect=false to disable)
# Warmup: 2 iterations, 2 s each
# Measurement: 5 iterations, 2 s each
# Timeout: 10 min per iteration
# Threads: 1 thread, will synchronize iterations
# Benchmark mode: Average time, time/op
# Benchmark: org.hestiastore.benchmark.segmentindex.SegmentIndexRangeScanBenchmark.sequentialRead
# Parameters: (keyCount = 32768, maxKeysInSegment = 1024, rangeSize = 128, snappy = true, valueLength = 64)

# Run progress: 66.67% complete, ETA 00:00:15
# Fork: 1 of 1
# Warmup Iteration   1: 4399.753 us/op
# Warmup Iteration   2: 4004.170 us/op
Iteration   1: 3994.002 us/op
Iteration   2: 3888.917 us/op
Iteration   3: 3900.772 us/op
Iteration   4: 3894.777 us/op
Iteration   5: 3929.102 us/op


Result "org.hestiastore.benchmark.segmentindex.SegmentIndexRangeScanBenchmark.sequentialRead":
  3921.514 ±(99.9%) 166.958 us/op [Average]
  (min, avg, max) = (3888.917, 3921.514, 3994.002), stdev = 43.358
  CI (99.9%): [3754.557, 4088.472] (assumes normal distribution)


# Run complete. Total time: 00:00:47

REMEMBER: The numbers below are just data. To gain reusable insights, you need to follow up on
why the numbers are the way they are. Use profilers (see -prof, -lprof), design factorial
experiments, perform baseline and negative tests that provide experimental control, make sure
the benchmarking environment is safe on JVM/OS/HW level, ask for reviews from the domain experts.
Do not assume the numbers tell you what you want them to tell.

NOTE: Current JVM experimentally supports Compiler Blackholes, and they are in use. Please exercise
extra caution when trusting the results, look into the generated code to check the benchmark still
works, and factor in a small probability of new VM bugs. Additionally, while comparisons between
different JVMs are already problematic, the performance difference caused by different Blackhole
modes can be very significant. Please make sure you use the consistent Blackhole mode for comparisons.

Benchmark                                               (keyCount)  (maxKeysInSegment)  (rangeSize)  (snappy)  (valueLength)  Mode  Cnt     Score     Error  Units
SegmentIndexRangeScanBenchmark.boundedScan                   32768                1024          128      true             64  avgt    5    26.831 ±   0.137  us/op
SegmentIndexRangeScanBenchmark.fullStreamRangeFallback       32768                1024          128      true             64  avgt    5  2082.287 ±  15.075  us/op
SegmentIndexRangeScanBenchmark.sequentialRead                32768                1024          128      true             64  avgt    5  3921.514 ± 166.958  us/op

Benchmark result is saved to /home/runner/work/_temp/benchmark-results/candidate/raw/segment-index-range-scan.json
