# JMH version: 1.37
# VM version: JDK 21.0.12.1, OpenJDK 64-Bit Server VM, 21.0.12.1+1-LTS
# VM invoker: /usr/lib/jvm/temurin-21-jdk-amd64/bin/java
# VM options: <none>
# Blackhole mode: compiler (auto-detected, use -Djmh.blackhole.autoDetect=false to disable)
# Warmup: 2 iterations, 2 s each
# Measurement: 5 iterations, 2 s each
# Timeout: 10 min per iteration
# Threads: 20 threads (1 group; 4x "getWorkload", 16x "putWorkload" in each group), will synchronize iterations
# Benchmark mode: Throughput, ops/time
# Benchmark: org.hestiastore.benchmark.segmentindex.SegmentIndexMixedDrainBenchmark.partitionedIngestMixed
# Parameters: (hotKeySpace = 256, workloadMode = splitHeavy)

# Run progress: 0.00% complete, ETA 00:00:14
# Fork: 1 of 1
# Warmup Iteration   1: 345069.723 ops/s
# Warmup Iteration   2: 870542.184 ops/s
Iteration   1: 1071666.663 ops/s
                 getWorkload: 1040574.159 ops/s
                 putWorkload: 31092.505 ops/s

Iteration   2: 1156280.071 ops/s
                 getWorkload: 1124931.262 ops/s
                 putWorkload: 31348.810 ops/s

Iteration   3: 1459968.994 ops/s
                 getWorkload: 1427101.254 ops/s
                 putWorkload: 32867.739 ops/s

Iteration   4: 1223181.987 ops/s
                 getWorkload: 1184651.538 ops/s
                 putWorkload: 38530.449 ops/s

Iteration   5: 1393968.776 ops/s
                 getWorkload: 1357996.926 ops/s
                 putWorkload: 35971.851 ops/s



Result "org.hestiastore.benchmark.segmentindex.SegmentIndexMixedDrainBenchmark.partitionedIngestMixed":
  1261013.298 ±(99.9%) 625397.604 ops/s [Average]
  (min, avg, max) = (1071666.663, 1261013.298, 1459968.994), stdev = 162413.772
  CI (99.9%): [635615.694, 1886410.902] (assumes normal distribution)

Secondary result "org.hestiastore.benchmark.segmentindex.SegmentIndexMixedDrainBenchmark.partitionedIngestMixed:getWorkload":
  1227051.028 ±(99.9%) 621395.114 ops/s [Average]
  (min, avg, max) = (1040574.159, 1227051.028, 1427101.254), stdev = 161374.338
  CI (99.9%): [605655.914, 1848446.141] (assumes normal distribution)

Secondary result "org.hestiastore.benchmark.segmentindex.SegmentIndexMixedDrainBenchmark.partitionedIngestMixed:putWorkload":
  33962.271 ±(99.9%) 12353.668 ops/s [Average]
  (min, avg, max) = (31092.505, 33962.271, 38530.449), stdev = 3208.208
  CI (99.9%): [21608.603, 46315.939] (assumes normal distribution)


# Run complete. Total time: 00:00:18

REMEMBER: The numbers below are just data. To gain reusable insights, you need to follow up on
why the numbers are the way they are. Use profilers (see -prof, -lprof), design factorial
experiments, perform baseline and negative tests that provide experimental control, make sure
the benchmarking environment is safe on JVM/OS/HW level, ask for reviews from the domain experts.
Do not assume the numbers tell you what you want them to tell.

NOTE: Current JVM experimentally supports Compiler Blackholes, and they are in use. Please exercise
extra caution when trusting the results, look into the generated code to check the benchmark still
works, and factor in a small probability of new VM bugs. Additionally, while comparisons between
different JVMs are already problematic, the performance difference caused by different Blackhole
modes can be very significant. Please make sure you use the consistent Blackhole mode for comparisons.

Benchmark                                                           (hotKeySpace)  (workloadMode)   Mode  Cnt        Score        Error  Units
SegmentIndexMixedDrainBenchmark.partitionedIngestMixed                        256      splitHeavy  thrpt    5  1261013.298 ± 625397.604  ops/s
SegmentIndexMixedDrainBenchmark.partitionedIngestMixed:getWorkload            256      splitHeavy  thrpt    5  1227051.028 ± 621395.114  ops/s
SegmentIndexMixedDrainBenchmark.partitionedIngestMixed:putWorkload            256      splitHeavy  thrpt    5    33962.271 ±  12353.668  ops/s

Benchmark result is saved to /home/runner/work/_temp/benchmark-results/candidate/raw/segment-index-mixed-split-heavy.json
