# JMH version: 1.37
# VM version: JDK 21.0.12.1, OpenJDK 64-Bit Server VM, 21.0.12.1+1-LTS
# VM invoker: /usr/lib/jvm/temurin-21-jdk-amd64/bin/java
# VM options: <none>
# Blackhole mode: compiler (auto-detected, use -Djmh.blackhole.autoDetect=false to disable)
# Warmup: 2 iterations, 2 s each
# Measurement: 5 iterations, 2 s each
# Timeout: 10 min per iteration
# Threads: 20 threads (1 group; 4x "getWorkload", 16x "putWorkload" in each group), will synchronize iterations
# Benchmark mode: Throughput, ops/time
# Benchmark: org.hestiastore.benchmark.segmentindex.SegmentIndexMixedDrainBenchmark.partitionedIngestMixed
# Parameters: (hotKeySpace = 256, workloadMode = drainOnly)

# Run progress: 0.00% complete, ETA 00:00:14
# Fork: 1 of 1
# Warmup Iteration   1: 374531.738 ops/s
# Warmup Iteration   2: 572747.252 ops/s
Iteration   1: 529875.324 ops/s
                 getWorkload: 256696.727 ops/s
                 putWorkload: 273178.597 ops/s

Iteration   2: 557137.462 ops/s
                 getWorkload: 268709.964 ops/s
                 putWorkload: 288427.497 ops/s

Iteration   3: 540602.068 ops/s
                 getWorkload: 249300.454 ops/s
                 putWorkload: 291301.615 ops/s

Iteration   4: 565908.171 ops/s
                 getWorkload: 259565.189 ops/s
                 putWorkload: 306342.981 ops/s

Iteration   5: 558290.494 ops/s
                 getWorkload: 256738.749 ops/s
                 putWorkload: 301551.744 ops/s



Result "org.hestiastore.benchmark.segmentindex.SegmentIndexMixedDrainBenchmark.partitionedIngestMixed":
  550362.704 ±(99.9%) 56638.884 ops/s [Average]
  (min, avg, max) = (529875.324, 550362.704, 565908.171), stdev = 14708.938
  CI (99.9%): [493723.819, 607001.588] (assumes normal distribution)

Secondary result "org.hestiastore.benchmark.segmentindex.SegmentIndexMixedDrainBenchmark.partitionedIngestMixed:getWorkload":
  258202.217 ±(99.9%) 26949.011 ops/s [Average]
  (min, avg, max) = (249300.454, 258202.217, 268709.964), stdev = 6998.573
  CI (99.9%): [231253.205, 285151.228] (assumes normal distribution)

Secondary result "org.hestiastore.benchmark.segmentindex.SegmentIndexMixedDrainBenchmark.partitionedIngestMixed:putWorkload":
  292160.487 ±(99.9%) 49624.175 ops/s [Average]
  (min, avg, max) = (273178.597, 292160.487, 306342.981), stdev = 12887.241
  CI (99.9%): [242536.312, 341784.662] (assumes normal distribution)


# Run complete. Total time: 00:00:15

REMEMBER: The numbers below are just data. To gain reusable insights, you need to follow up on
why the numbers are the way they are. Use profilers (see -prof, -lprof), design factorial
experiments, perform baseline and negative tests that provide experimental control, make sure
the benchmarking environment is safe on JVM/OS/HW level, ask for reviews from the domain experts.
Do not assume the numbers tell you what you want them to tell.

NOTE: Current JVM experimentally supports Compiler Blackholes, and they are in use. Please exercise
extra caution when trusting the results, look into the generated code to check the benchmark still
works, and factor in a small probability of new VM bugs. Additionally, while comparisons between
different JVMs are already problematic, the performance difference caused by different Blackhole
modes can be very significant. Please make sure you use the consistent Blackhole mode for comparisons.

Benchmark                                                           (hotKeySpace)  (workloadMode)   Mode  Cnt       Score       Error  Units
SegmentIndexMixedDrainBenchmark.partitionedIngestMixed                        256       drainOnly  thrpt    5  550362.704 ± 56638.884  ops/s
SegmentIndexMixedDrainBenchmark.partitionedIngestMixed:getWorkload            256       drainOnly  thrpt    5  258202.217 ± 26949.011  ops/s
SegmentIndexMixedDrainBenchmark.partitionedIngestMixed:putWorkload            256       drainOnly  thrpt    5  292160.487 ± 49624.175  ops/s

Benchmark result is saved to /home/runner/work/_temp/benchmark-results/candidate/raw/segment-index-mixed-drain.json
