# JMH version: 1.37
# VM version: JDK 21.0.12.1, OpenJDK 64-Bit Server VM, 21.0.12.1+1-LTS
# VM invoker: /usr/lib/jvm/temurin-21-jdk-amd64/bin/java
# VM options: <none>
# Blackhole mode: compiler (auto-detected, use -Djmh.blackhole.autoDetect=false to disable)
# Warmup: 2 iterations, 2 s each
# Measurement: 5 iterations, 2 s each
# Timeout: 10 min per iteration
# Threads: 20 threads, will synchronize iterations
# Benchmark mode: Throughput, ops/time
# Benchmark: org.hestiastore.benchmark.segmentindex.SegmentIndexHotRoutePutBenchmark.putHotRoute
# Parameters: (contextLogging = false)

# Run progress: 0.00% complete, ETA 00:00:28
# Fork: 1 of 1
# Warmup Iteration   1: 3185695.219 ops/s
# Warmup Iteration   2: 3904515.868 ops/s
Iteration   1: 4056080.335 ops/s
Iteration   2: 4059676.303 ops/s
Iteration   3: 4067237.397 ops/s
Iteration   4: 4077373.129 ops/s
Iteration   5: 4046348.535 ops/s


Result "org.hestiastore.benchmark.segmentindex.SegmentIndexHotRoutePutBenchmark.putHotRoute":
  4061343.140 ±(99.9%) 45030.168 ops/s [Average]
  (min, avg, max) = (4046348.535, 4061343.140, 4077373.129), stdev = 11694.192
  CI (99.9%): [4016312.972, 4106373.307] (assumes normal distribution)


# JMH version: 1.37
# VM version: JDK 21.0.12.1, OpenJDK 64-Bit Server VM, 21.0.12.1+1-LTS
# VM invoker: /usr/lib/jvm/temurin-21-jdk-amd64/bin/java
# VM options: <none>
# Blackhole mode: compiler (auto-detected, use -Djmh.blackhole.autoDetect=false to disable)
# Warmup: 2 iterations, 2 s each
# Measurement: 5 iterations, 2 s each
# Timeout: 10 min per iteration
# Threads: 20 threads, will synchronize iterations
# Benchmark mode: Throughput, ops/time
# Benchmark: org.hestiastore.benchmark.segmentindex.SegmentIndexHotRoutePutBenchmark.putThenGetHotRoute
# Parameters: (contextLogging = false)

# Run progress: 50.00% complete, ETA 00:00:15
# Fork: 1 of 1
# Warmup Iteration   1: 1620352.597 ops/s
# Warmup Iteration   2: 2054250.274 ops/s
Iteration   1: 2093362.601 ops/s
Iteration   2: 2044308.318 ops/s
Iteration   3: 2070422.670 ops/s
Iteration   4: 2091175.900 ops/s
Iteration   5: 2087178.287 ops/s


Result "org.hestiastore.benchmark.segmentindex.SegmentIndexHotRoutePutBenchmark.putThenGetHotRoute":
  2077289.555 ±(99.9%) 79005.710 ops/s [Average]
  (min, avg, max) = (2044308.318, 2077289.555, 2093362.601), stdev = 20517.532
  CI (99.9%): [1998283.845, 2156295.265] (assumes normal distribution)


# Run complete. Total time: 00:00:31

REMEMBER: The numbers below are just data. To gain reusable insights, you need to follow up on
why the numbers are the way they are. Use profilers (see -prof, -lprof), design factorial
experiments, perform baseline and negative tests that provide experimental control, make sure
the benchmarking environment is safe on JVM/OS/HW level, ask for reviews from the domain experts.
Do not assume the numbers tell you what you want them to tell.

NOTE: Current JVM experimentally supports Compiler Blackholes, and they are in use. Please exercise
extra caution when trusting the results, look into the generated code to check the benchmark still
works, and factor in a small probability of new VM bugs. Additionally, while comparisons between
different JVMs are already problematic, the performance difference caused by different Blackhole
modes can be very significant. Please make sure you use the consistent Blackhole mode for comparisons.

Benchmark                                            (contextLogging)   Mode  Cnt        Score       Error  Units
SegmentIndexHotRoutePutBenchmark.putHotRoute                    false  thrpt    5  4061343.140 ± 45030.168  ops/s
SegmentIndexHotRoutePutBenchmark.putThenGetHotRoute             false  thrpt    5  2077289.555 ± 79005.710  ops/s

Benchmark result is saved to /home/runner/work/_temp/benchmark-results/candidate/raw/segment-index-hot-route-put.json
