# JMH version: 1.37
# VM version: JDK 21.0.12.1, OpenJDK 64-Bit Server VM, 21.0.12.1+1-LTS
# VM invoker: /usr/lib/jvm/temurin-21-jdk-amd64/bin/java
# VM options: <none>
# Blackhole mode: compiler (auto-detected, use -Djmh.blackhole.autoDetect=false to disable)
# Warmup: 2 iterations, 2 s each
# Measurement: 5 iterations, 2 s each
# Timeout: 10 min per iteration
# Threads: 4 threads, will synchronize iterations
# Benchmark mode: Throughput, ops/time
# Benchmark: org.hestiastore.benchmark.segmentindex.SegmentIndexMultiSegmentGetBenchmark.getHitSync
# Parameters: (keyCount = 32768, maxKeysInSegment = 1024, maxSegmentsInCache = 3, snappy = true, valueLength = 64, workingSetMode = hot)

# Run progress: 0.00% complete, ETA 00:00:28
# Fork: 1 of 1
# Warmup Iteration   1: 2357162.920 ops/s
# Warmup Iteration   2: 3487384.093 ops/s
Iteration   1: 3432650.349 ops/s
Iteration   2: 3429352.012 ops/s
Iteration   3: 3431833.969 ops/s
Iteration   4: 3432355.354 ops/s
Iteration   5: 3420020.767 ops/s


Result "org.hestiastore.benchmark.segmentindex.SegmentIndexMultiSegmentGetBenchmark.getHitSync":
  3429242.490 ±(99.9%) 20472.914 ops/s [Average]
  (min, avg, max) = (3420020.767, 3429242.490, 3432650.349), stdev = 5316.751
  CI (99.9%): [3408769.576, 3449715.404] (assumes normal distribution)


# JMH version: 1.37
# VM version: JDK 21.0.12.1, OpenJDK 64-Bit Server VM, 21.0.12.1+1-LTS
# VM invoker: /usr/lib/jvm/temurin-21-jdk-amd64/bin/java
# VM options: <none>
# Blackhole mode: compiler (auto-detected, use -Djmh.blackhole.autoDetect=false to disable)
# Warmup: 2 iterations, 2 s each
# Measurement: 5 iterations, 2 s each
# Timeout: 10 min per iteration
# Threads: 4 threads, will synchronize iterations
# Benchmark mode: Throughput, ops/time
# Benchmark: org.hestiastore.benchmark.segmentindex.SegmentIndexMultiSegmentGetBenchmark.getMissSync
# Parameters: (keyCount = 32768, maxKeysInSegment = 1024, maxSegmentsInCache = 3, snappy = true, valueLength = 64, workingSetMode = hot)

# Run progress: 50.00% complete, ETA 00:00:17
# Fork: 1 of 1
# Warmup Iteration   1: 3441230.612 ops/s
# Warmup Iteration   2: 4513948.321 ops/s
Iteration   1: 4157058.528 ops/s
Iteration   2: 4156901.183 ops/s
Iteration   3: 4139978.024 ops/s
Iteration   4: 4170380.379 ops/s
Iteration   5: 4154422.041 ops/s


Result "org.hestiastore.benchmark.segmentindex.SegmentIndexMultiSegmentGetBenchmark.getMissSync":
  4155748.031 ±(99.9%) 41633.462 ops/s [Average]
  (min, avg, max) = (4139978.024, 4155748.031, 4170380.379), stdev = 10812.078
  CI (99.9%): [4114114.568, 4197381.493] (assumes normal distribution)


# Run complete. Total time: 00:00:34

REMEMBER: The numbers below are just data. To gain reusable insights, you need to follow up on
why the numbers are the way they are. Use profilers (see -prof, -lprof), design factorial
experiments, perform baseline and negative tests that provide experimental control, make sure
the benchmarking environment is safe on JVM/OS/HW level, ask for reviews from the domain experts.
Do not assume the numbers tell you what you want them to tell.

NOTE: Current JVM experimentally supports Compiler Blackholes, and they are in use. Please exercise
extra caution when trusting the results, look into the generated code to check the benchmark still
works, and factor in a small probability of new VM bugs. Additionally, while comparisons between
different JVMs are already problematic, the performance difference caused by different Blackhole
modes can be very significant. Please make sure you use the consistent Blackhole mode for comparisons.

Benchmark                                         (keyCount)  (maxKeysInSegment)  (maxSegmentsInCache)  (snappy)  (valueLength)  (workingSetMode)   Mode  Cnt        Score       Error  Units
SegmentIndexMultiSegmentGetBenchmark.getHitSync        32768                1024                     3      true             64               hot  thrpt    5  3429242.490 ± 20472.914  ops/s
SegmentIndexMultiSegmentGetBenchmark.getMissSync       32768                1024                     3      true             64               hot  thrpt    5  4155748.031 ± 41633.462  ops/s

Benchmark result is saved to /home/runner/work/_temp/benchmark-results/candidate/raw/segment-index-get-multisegment-hot.json
