# JMH version: 1.37
# VM version: JDK 21.0.12.1, OpenJDK 64-Bit Server VM, 21.0.12.1+1-LTS
# VM invoker: /usr/lib/jvm/temurin-21-jdk-amd64/bin/java
# VM options: <none>
# Blackhole mode: compiler (auto-detected, use -Djmh.blackhole.autoDetect=false to disable)
# Warmup: 2 iterations, 2 s each
# Measurement: 5 iterations, 2 s each
# Timeout: 10 min per iteration
# Threads: 20 threads (1 group; 4x "getWorkload", 16x "putWorkload" in each group), will synchronize iterations
# Benchmark mode: Throughput, ops/time
# Benchmark: org.hestiastore.benchmark.segmentindex.SegmentIndexMixedDrainBenchmark.partitionedIngestMixed
# Parameters: (hotKeySpace = 256, workloadMode = drainOnly)

# Run progress: 0.00% complete, ETA 00:00:14
# Fork: 1 of 1
# Warmup Iteration   1: 406081.898 ops/s
# Warmup Iteration   2: 516528.822 ops/s
Iteration   1: 511180.847 ops/s
                 getWorkload: 248221.787 ops/s
                 putWorkload: 262959.060 ops/s

Iteration   2: 534641.662 ops/s
                 getWorkload: 268168.890 ops/s
                 putWorkload: 266472.771 ops/s

Iteration   3: 541167.825 ops/s
                 getWorkload: 257163.441 ops/s
                 putWorkload: 284004.384 ops/s

Iteration   4: 558381.937 ops/s
                 getWorkload: 273607.417 ops/s
                 putWorkload: 284774.520 ops/s

Iteration   5: 571724.080 ops/s
                 getWorkload: 281834.707 ops/s
                 putWorkload: 289889.372 ops/s



Result "org.hestiastore.benchmark.segmentindex.SegmentIndexMixedDrainBenchmark.partitionedIngestMixed":
  543419.270 ±(99.9%) 89200.293 ops/s [Average]
  (min, avg, max) = (511180.847, 543419.270, 571724.080), stdev = 23165.033
  CI (99.9%): [454218.977, 632619.563] (assumes normal distribution)

Secondary result "org.hestiastore.benchmark.segmentindex.SegmentIndexMixedDrainBenchmark.partitionedIngestMixed:getWorkload":
  265799.249 ±(99.9%) 51202.814 ops/s [Average]
  (min, avg, max) = (248221.787, 265799.249, 281834.707), stdev = 13297.208
  CI (99.9%): [214596.435, 317002.062] (assumes normal distribution)

Secondary result "org.hestiastore.benchmark.segmentindex.SegmentIndexMixedDrainBenchmark.partitionedIngestMixed:putWorkload":
  277620.021 ±(99.9%) 46435.352 ops/s [Average]
  (min, avg, max) = (262959.060, 277620.021, 289889.372), stdev = 12059.113
  CI (99.9%): [231184.669, 324055.373] (assumes normal distribution)


# Run complete. Total time: 00:00:15

REMEMBER: The numbers below are just data. To gain reusable insights, you need to follow up on
why the numbers are the way they are. Use profilers (see -prof, -lprof), design factorial
experiments, perform baseline and negative tests that provide experimental control, make sure
the benchmarking environment is safe on JVM/OS/HW level, ask for reviews from the domain experts.
Do not assume the numbers tell you what you want them to tell.

NOTE: Current JVM experimentally supports Compiler Blackholes, and they are in use. Please exercise
extra caution when trusting the results, look into the generated code to check the benchmark still
works, and factor in a small probability of new VM bugs. Additionally, while comparisons between
different JVMs are already problematic, the performance difference caused by different Blackhole
modes can be very significant. Please make sure you use the consistent Blackhole mode for comparisons.

Benchmark                                                           (hotKeySpace)  (workloadMode)   Mode  Cnt       Score       Error  Units
SegmentIndexMixedDrainBenchmark.partitionedIngestMixed                        256       drainOnly  thrpt    5  543419.270 ± 89200.293  ops/s
SegmentIndexMixedDrainBenchmark.partitionedIngestMixed:getWorkload            256       drainOnly  thrpt    5  265799.249 ± 51202.814  ops/s
SegmentIndexMixedDrainBenchmark.partitionedIngestMixed:putWorkload            256       drainOnly  thrpt    5  277620.021 ± 46435.352  ops/s

Benchmark result is saved to /home/runner/work/_temp/benchmark-results/candidate/raw/segment-index-mixed-drain.json
