# JMH version: 1.37
# VM version: JDK 21.0.12.1, OpenJDK 64-Bit Server VM, 21.0.12.1+1-LTS
# VM invoker: /usr/lib/jvm/temurin-21-jdk-amd64/bin/java
# VM options: <none>
# Blackhole mode: compiler (auto-detected, use -Djmh.blackhole.autoDetect=false to disable)
# Warmup: 2 iterations, 2 s each
# Measurement: 5 iterations, 2 s each
# Timeout: 10 min per iteration
# Threads: 20 threads (1 group; 4x "getWorkload", 16x "putWorkload" in each group), will synchronize iterations
# Benchmark mode: Throughput, ops/time
# Benchmark: org.hestiastore.benchmark.segmentindex.SegmentIndexMixedDrainBenchmark.partitionedIngestMixed
# Parameters: (hotKeySpace = 256, workloadMode = splitHeavy)

# Run progress: 0.00% complete, ETA 00:00:14
# Fork: 1 of 1
# Warmup Iteration   1: 444216.504 ops/s
# Warmup Iteration   2: 824142.974 ops/s
Iteration   1: 1058489.231 ops/s
                 getWorkload: 1035116.439 ops/s
                 putWorkload: 23372.792 ops/s

Iteration   2: 1215376.715 ops/s
                 getWorkload: 1194554.205 ops/s
                 putWorkload: 20822.511 ops/s

Iteration   3: 1497832.497 ops/s
                 getWorkload: 1476118.279 ops/s
                 putWorkload: 21714.218 ops/s

Iteration   4: 1442357.910 ops/s
                 getWorkload: 1421677.051 ops/s
                 putWorkload: 20680.859 ops/s

Iteration   5: 1391815.528 ops/s
                 getWorkload: 1370133.419 ops/s
                 putWorkload: 21682.109 ops/s



Result "org.hestiastore.benchmark.segmentindex.SegmentIndexMixedDrainBenchmark.partitionedIngestMixed":
  1321174.376 ±(99.9%) 697063.192 ops/s [Average]
  (min, avg, max) = (1058489.231, 1321174.376, 1497832.497), stdev = 181025.097
  CI (99.9%): [624111.184, 2018237.568] (assumes normal distribution)

Secondary result "org.hestiastore.benchmark.segmentindex.SegmentIndexMixedDrainBenchmark.partitionedIngestMixed:getWorkload":
  1299519.878 ±(99.9%) 699564.122 ops/s [Average]
  (min, avg, max) = (1035116.439, 1299519.878, 1476118.279), stdev = 181674.581
  CI (99.9%): [599955.757, 1999084.000] (assumes normal distribution)

Secondary result "org.hestiastore.benchmark.segmentindex.SegmentIndexMixedDrainBenchmark.partitionedIngestMixed:putWorkload":
  21654.498 ±(99.9%) 4128.026 ops/s [Average]
  (min, avg, max) = (20680.859, 21654.498, 23372.792), stdev = 1072.035
  CI (99.9%): [17526.472, 25782.524] (assumes normal distribution)


# Run complete. Total time: 00:00:19

REMEMBER: The numbers below are just data. To gain reusable insights, you need to follow up on
why the numbers are the way they are. Use profilers (see -prof, -lprof), design factorial
experiments, perform baseline and negative tests that provide experimental control, make sure
the benchmarking environment is safe on JVM/OS/HW level, ask for reviews from the domain experts.
Do not assume the numbers tell you what you want them to tell.

NOTE: Current JVM experimentally supports Compiler Blackholes, and they are in use. Please exercise
extra caution when trusting the results, look into the generated code to check the benchmark still
works, and factor in a small probability of new VM bugs. Additionally, while comparisons between
different JVMs are already problematic, the performance difference caused by different Blackhole
modes can be very significant. Please make sure you use the consistent Blackhole mode for comparisons.

Benchmark                                                           (hotKeySpace)  (workloadMode)   Mode  Cnt        Score        Error  Units
SegmentIndexMixedDrainBenchmark.partitionedIngestMixed                        256      splitHeavy  thrpt    5  1321174.376 ± 697063.192  ops/s
SegmentIndexMixedDrainBenchmark.partitionedIngestMixed:getWorkload            256      splitHeavy  thrpt    5  1299519.878 ± 699564.122  ops/s
SegmentIndexMixedDrainBenchmark.partitionedIngestMixed:putWorkload            256      splitHeavy  thrpt    5    21654.498 ±   4128.026  ops/s

Benchmark result is saved to /home/runner/work/_temp/benchmark-results/candidate/raw/segment-index-mixed-split-heavy.json
