# JMH version: 1.37
# VM version: JDK 21.0.11, OpenJDK 64-Bit Server VM, 21.0.11+10-LTS
# VM invoker: /usr/lib/jvm/temurin-21-jdk-amd64/bin/java
# VM options: <none>
# Blackhole mode: compiler (auto-detected, use -Djmh.blackhole.autoDetect=false to disable)
# Warmup: 2 iterations, 2 s each
# Measurement: 5 iterations, 2 s each
# Timeout: 10 min per iteration
# Threads: 20 threads (1 group; 4x "getWorkload", 16x "putWorkload" in each group), will synchronize iterations
# Benchmark mode: Throughput, ops/time
# Benchmark: org.hestiastore.benchmark.segmentindex.SegmentIndexMixedDrainBenchmark.partitionedIngestMixed
# Parameters: (hotKeySpace = 256, workloadMode = drainOnly)

# Run progress: 0.00% complete, ETA 00:00:14
# Fork: 1 of 1
# Warmup Iteration   1: 477455.583 ops/s
# Warmup Iteration   2: 537014.191 ops/s
Iteration   1: 559647.410 ops/s
                 getWorkload: 323699.520 ops/s
                 putWorkload: 235947.890 ops/s

Iteration   2: 510219.998 ops/s
                 getWorkload: 263511.510 ops/s
                 putWorkload: 246708.488 ops/s

Iteration   3: 524203.416 ops/s
                 getWorkload: 260952.385 ops/s
                 putWorkload: 263251.031 ops/s

Iteration   4: 523152.201 ops/s
                 getWorkload: 260720.955 ops/s
                 putWorkload: 262431.246 ops/s

Iteration   5: 499443.067 ops/s
                 getWorkload: 231420.443 ops/s
                 putWorkload: 268022.623 ops/s



Result "org.hestiastore.benchmark.segmentindex.SegmentIndexMixedDrainBenchmark.partitionedIngestMixed":
  523333.219 ±(99.9%) 87431.803 ops/s [Average]
  (min, avg, max) = (499443.067, 523333.219, 559647.410), stdev = 22705.762
  CI (99.9%): [435901.416, 610765.021] (assumes normal distribution)

Secondary result "org.hestiastore.benchmark.segmentindex.SegmentIndexMixedDrainBenchmark.partitionedIngestMixed:getWorkload":
  268060.963 ±(99.9%) 130059.479 ops/s [Average]
  (min, avg, max) = (231420.443, 268060.963, 323699.520), stdev = 33776.034
  CI (99.9%): [138001.484, 398120.442] (assumes normal distribution)

Secondary result "org.hestiastore.benchmark.segmentindex.SegmentIndexMixedDrainBenchmark.partitionedIngestMixed:putWorkload":
  255272.256 ±(99.9%) 51814.170 ops/s [Average]
  (min, avg, max) = (235947.890, 255272.256, 268022.623), stdev = 13455.975
  CI (99.9%): [203458.086, 307086.426] (assumes normal distribution)


# Run complete. Total time: 00:00:15

REMEMBER: The numbers below are just data. To gain reusable insights, you need to follow up on
why the numbers are the way they are. Use profilers (see -prof, -lprof), design factorial
experiments, perform baseline and negative tests that provide experimental control, make sure
the benchmarking environment is safe on JVM/OS/HW level, ask for reviews from the domain experts.
Do not assume the numbers tell you what you want them to tell.

NOTE: Current JVM experimentally supports Compiler Blackholes, and they are in use. Please exercise
extra caution when trusting the results, look into the generated code to check the benchmark still
works, and factor in a small probability of new VM bugs. Additionally, while comparisons between
different JVMs are already problematic, the performance difference caused by different Blackhole
modes can be very significant. Please make sure you use the consistent Blackhole mode for comparisons.

Benchmark                                                           (hotKeySpace)  (workloadMode)   Mode  Cnt       Score        Error  Units
SegmentIndexMixedDrainBenchmark.partitionedIngestMixed                        256       drainOnly  thrpt    5  523333.219 ±  87431.803  ops/s
SegmentIndexMixedDrainBenchmark.partitionedIngestMixed:getWorkload            256       drainOnly  thrpt    5  268060.963 ± 130059.479  ops/s
SegmentIndexMixedDrainBenchmark.partitionedIngestMixed:putWorkload            256       drainOnly  thrpt    5  255272.256 ±  51814.170  ops/s

Benchmark result is saved to /home/runner/work/_temp/benchmark-results/candidate/raw/segment-index-mixed-drain.json
