# JMH version: 1.37
# VM version: JDK 21.0.11, OpenJDK 64-Bit Server VM, 21.0.11+10-LTS
# VM invoker: /usr/lib/jvm/temurin-21-jdk-amd64/bin/java
# VM options: <none>
# Blackhole mode: compiler (auto-detected, use -Djmh.blackhole.autoDetect=false to disable)
# Warmup: 2 iterations, 2 s each
# Measurement: 5 iterations, 2 s each
# Timeout: 10 min per iteration
# Threads: 20 threads (1 group; 4x "getWorkload", 16x "putWorkload" in each group), will synchronize iterations
# Benchmark mode: Throughput, ops/time
# Benchmark: org.hestiastore.benchmark.segmentindex.SegmentIndexMixedDrainBenchmark.partitionedIngestMixed
# Parameters: (hotKeySpace = 256, workloadMode = splitHeavy)

# Run progress: 0.00% complete, ETA 00:00:14
# Fork: 1 of 1
# Warmup Iteration   1: SLF4J(W): No SLF4J providers were found.
SLF4J(W): Defaulting to no-operation (NOP) logger implementation
SLF4J(W): See https://www.slf4j.org/codes.html#noProviders for further details.
233339.684 ops/s
# Warmup Iteration   2: 569505.048 ops/s
Iteration   1: 841675.712 ops/s
                 getWorkload: 825218.452 ops/s
                 putWorkload: 16457.260 ops/s

Iteration   2: 759073.070 ops/s
                 getWorkload: 741218.366 ops/s
                 putWorkload: 17854.703 ops/s

Iteration   3: 745812.648 ops/s
                 getWorkload: 729722.217 ops/s
                 putWorkload: 16090.431 ops/s

Iteration   4: 931833.350 ops/s
                 getWorkload: 913629.355 ops/s
                 putWorkload: 18203.994 ops/s

Iteration   5: 811598.773 ops/s
                 getWorkload: 793154.578 ops/s
                 putWorkload: 18444.194 ops/s



Result "org.hestiastore.benchmark.segmentindex.SegmentIndexMixedDrainBenchmark.partitionedIngestMixed":
  817998.710 ±(99.9%) 287143.834 ops/s [Average]
  (min, avg, max) = (745812.648, 817998.710, 931833.350), stdev = 74570.342
  CI (99.9%): [530854.876, 1105142.545] (assumes normal distribution)

Secondary result "org.hestiastore.benchmark.segmentindex.SegmentIndexMixedDrainBenchmark.partitionedIngestMixed:getWorkload":
  800588.594 ±(99.9%) 285486.853 ops/s [Average]
  (min, avg, max) = (729722.217, 800588.594, 913629.355), stdev = 74140.029
  CI (99.9%): [515101.741, 1086075.447] (assumes normal distribution)

Secondary result "org.hestiastore.benchmark.segmentindex.SegmentIndexMixedDrainBenchmark.partitionedIngestMixed:putWorkload":
  17410.117 ±(99.9%) 4105.372 ops/s [Average]
  (min, avg, max) = (16090.431, 17410.117, 18444.194), stdev = 1066.152
  CI (99.9%): [13304.745, 21515.489] (assumes normal distribution)


# Run complete. Total time: 00:00:18

REMEMBER: The numbers below are just data. To gain reusable insights, you need to follow up on
why the numbers are the way they are. Use profilers (see -prof, -lprof), design factorial
experiments, perform baseline and negative tests that provide experimental control, make sure
the benchmarking environment is safe on JVM/OS/HW level, ask for reviews from the domain experts.
Do not assume the numbers tell you what you want them to tell.

NOTE: Current JVM experimentally supports Compiler Blackholes, and they are in use. Please exercise
extra caution when trusting the results, look into the generated code to check the benchmark still
works, and factor in a small probability of new VM bugs. Additionally, while comparisons between
different JVMs are already problematic, the performance difference caused by different Blackhole
modes can be very significant. Please make sure you use the consistent Blackhole mode for comparisons.

Benchmark                                                           (hotKeySpace)  (workloadMode)   Mode  Cnt       Score        Error  Units
SegmentIndexMixedDrainBenchmark.partitionedIngestMixed                        256      splitHeavy  thrpt    5  817998.710 ± 287143.834  ops/s
SegmentIndexMixedDrainBenchmark.partitionedIngestMixed:getWorkload            256      splitHeavy  thrpt    5  800588.594 ± 285486.853  ops/s
SegmentIndexMixedDrainBenchmark.partitionedIngestMixed:putWorkload            256      splitHeavy  thrpt    5   17410.117 ±   4105.372  ops/s

Benchmark result is saved to /home/runner/work/_temp/benchmark-results/candidate/raw/segment-index-mixed-split-heavy.json
