# JMH version: 1.37
# VM version: JDK 21.0.12, OpenJDK 64-Bit Server VM, 21.0.12+8-LTS
# VM invoker: /usr/lib/jvm/temurin-21-jdk-amd64/bin/java
# VM options: <none>
# Blackhole mode: compiler (auto-detected, use -Djmh.blackhole.autoDetect=false to disable)
# Warmup: 2 iterations, 2 s each
# Measurement: 5 iterations, 2 s each
# Timeout: 10 min per iteration
# Threads: 4 threads, will synchronize iterations
# Benchmark mode: Throughput, ops/time
# Benchmark: org.hestiastore.benchmark.segmentindex.SegmentIndexMultiSegmentGetBenchmark.getHitSync
# Parameters: (keyCount = 32768, maxKeysInSegment = 1024, maxSegmentsInCache = 3, snappy = true, valueLength = 64, workingSetMode = hot)

# Run progress: 0.00% complete, ETA 00:00:28
# Fork: 1 of 1
# Warmup Iteration   1: 1605019.946 ops/s
# Warmup Iteration   2: 2212046.451 ops/s
Iteration   1: 2121525.993 ops/s
Iteration   2: 2080900.153 ops/s
Iteration   3: 2072485.055 ops/s
Iteration   4: 2076337.768 ops/s
Iteration   5: 2077908.254 ops/s


Result "org.hestiastore.benchmark.segmentindex.SegmentIndexMultiSegmentGetBenchmark.getHitSync":
  2085831.445 ±(99.9%) 77718.438 ops/s [Average]
  (min, avg, max) = (2072485.055, 2085831.445, 2121525.993), stdev = 20183.232
  CI (99.9%): [2008113.006, 2163549.883] (assumes normal distribution)


# JMH version: 1.37
# VM version: JDK 21.0.12, OpenJDK 64-Bit Server VM, 21.0.12+8-LTS
# VM invoker: /usr/lib/jvm/temurin-21-jdk-amd64/bin/java
# VM options: <none>
# Blackhole mode: compiler (auto-detected, use -Djmh.blackhole.autoDetect=false to disable)
# Warmup: 2 iterations, 2 s each
# Measurement: 5 iterations, 2 s each
# Timeout: 10 min per iteration
# Threads: 4 threads, will synchronize iterations
# Benchmark mode: Throughput, ops/time
# Benchmark: org.hestiastore.benchmark.segmentindex.SegmentIndexMultiSegmentGetBenchmark.getMissSync
# Parameters: (keyCount = 32768, maxKeysInSegment = 1024, maxSegmentsInCache = 3, snappy = true, valueLength = 64, workingSetMode = hot)

# Run progress: 50.00% complete, ETA 00:00:16
# Fork: 1 of 1
# Warmup Iteration   1: 2324758.192 ops/s
# Warmup Iteration   2: 2862379.793 ops/s
Iteration   1: 2698017.605 ops/s
Iteration   2: 2772614.579 ops/s
Iteration   3: 2757630.796 ops/s
Iteration   4: 2771155.869 ops/s
Iteration   5: 2768603.108 ops/s


Result "org.hestiastore.benchmark.segmentindex.SegmentIndexMultiSegmentGetBenchmark.getMissSync":
  2753604.391 ±(99.9%) 121775.752 ops/s [Average]
  (min, avg, max) = (2698017.605, 2753604.391, 2772614.579), stdev = 31624.776
  CI (99.9%): [2631828.639, 2875380.144] (assumes normal distribution)


# Run complete. Total time: 00:00:33

REMEMBER: The numbers below are just data. To gain reusable insights, you need to follow up on
why the numbers are the way they are. Use profilers (see -prof, -lprof), design factorial
experiments, perform baseline and negative tests that provide experimental control, make sure
the benchmarking environment is safe on JVM/OS/HW level, ask for reviews from the domain experts.
Do not assume the numbers tell you what you want them to tell.

NOTE: Current JVM experimentally supports Compiler Blackholes, and they are in use. Please exercise
extra caution when trusting the results, look into the generated code to check the benchmark still
works, and factor in a small probability of new VM bugs. Additionally, while comparisons between
different JVMs are already problematic, the performance difference caused by different Blackhole
modes can be very significant. Please make sure you use the consistent Blackhole mode for comparisons.

Benchmark                                         (keyCount)  (maxKeysInSegment)  (maxSegmentsInCache)  (snappy)  (valueLength)  (workingSetMode)   Mode  Cnt        Score        Error  Units
SegmentIndexMultiSegmentGetBenchmark.getHitSync        32768                1024                     3      true             64               hot  thrpt    5  2085831.445 ±  77718.438  ops/s
SegmentIndexMultiSegmentGetBenchmark.getMissSync       32768                1024                     3      true             64               hot  thrpt    5  2753604.391 ± 121775.752  ops/s

Benchmark result is saved to /home/runner/work/_temp/benchmark-results/candidate/raw/segment-index-get-multisegment-hot.json
