# JMH version: 1.37
# VM version: JDK 21.0.12, OpenJDK 64-Bit Server VM, 21.0.12+8-LTS
# VM invoker: /usr/lib/jvm/temurin-21-jdk-amd64/bin/java
# VM options: <none>
# Blackhole mode: compiler (auto-detected, use -Djmh.blackhole.autoDetect=false to disable)
# Warmup: 2 iterations, 2 s each
# Measurement: 5 iterations, 2 s each
# Timeout: 10 min per iteration
# Threads: 20 threads (1 group; 4x "getWorkload", 16x "putWorkload" in each group), will synchronize iterations
# Benchmark mode: Throughput, ops/time
# Benchmark: org.hestiastore.benchmark.segmentindex.SegmentIndexMixedDrainBenchmark.partitionedIngestMixed
# Parameters: (hotKeySpace = 256, workloadMode = drainOnly)

# Run progress: 0.00% complete, ETA 00:00:14
# Fork: 1 of 1
# Warmup Iteration   1: 441858.277 ops/s
# Warmup Iteration   2: 512191.796 ops/s
Iteration   1: 471212.337 ops/s
                 getWorkload: 202399.040 ops/s
                 putWorkload: 268813.297 ops/s

Iteration   2: 502229.428 ops/s
                 getWorkload: 242183.073 ops/s
                 putWorkload: 260046.355 ops/s

Iteration   3: 488053.570 ops/s
                 getWorkload: 208371.076 ops/s
                 putWorkload: 279682.494 ops/s

Iteration   4: 494482.630 ops/s
                 getWorkload: 206122.376 ops/s
                 putWorkload: 288360.254 ops/s

Iteration   5: 509358.222 ops/s
                 getWorkload: 233271.772 ops/s
                 putWorkload: 276086.450 ops/s



Result "org.hestiastore.benchmark.segmentindex.SegmentIndexMixedDrainBenchmark.partitionedIngestMixed":
  493067.237 ±(99.9%) 56268.132 ops/s [Average]
  (min, avg, max) = (471212.337, 493067.237, 509358.222), stdev = 14612.655
  CI (99.9%): [436799.105, 549335.369] (assumes normal distribution)

Secondary result "org.hestiastore.benchmark.segmentindex.SegmentIndexMixedDrainBenchmark.partitionedIngestMixed:getWorkload":
  218469.467 ±(99.9%) 69261.570 ops/s [Average]
  (min, avg, max) = (202399.040, 218469.467, 242183.073), stdev = 17987.010
  CI (99.9%): [149207.897, 287731.038] (assumes normal distribution)

Secondary result "org.hestiastore.benchmark.segmentindex.SegmentIndexMixedDrainBenchmark.partitionedIngestMixed:putWorkload":
  274597.770 ±(99.9%) 41413.687 ops/s [Average]
  (min, avg, max) = (260046.355, 274597.770, 288360.254), stdev = 10755.003
  CI (99.9%): [233184.083, 316011.457] (assumes normal distribution)


# Run complete. Total time: 00:00:15

REMEMBER: The numbers below are just data. To gain reusable insights, you need to follow up on
why the numbers are the way they are. Use profilers (see -prof, -lprof), design factorial
experiments, perform baseline and negative tests that provide experimental control, make sure
the benchmarking environment is safe on JVM/OS/HW level, ask for reviews from the domain experts.
Do not assume the numbers tell you what you want them to tell.

NOTE: Current JVM experimentally supports Compiler Blackholes, and they are in use. Please exercise
extra caution when trusting the results, look into the generated code to check the benchmark still
works, and factor in a small probability of new VM bugs. Additionally, while comparisons between
different JVMs are already problematic, the performance difference caused by different Blackhole
modes can be very significant. Please make sure you use the consistent Blackhole mode for comparisons.

Benchmark                                                           (hotKeySpace)  (workloadMode)   Mode  Cnt       Score       Error  Units
SegmentIndexMixedDrainBenchmark.partitionedIngestMixed                        256       drainOnly  thrpt    5  493067.237 ± 56268.132  ops/s
SegmentIndexMixedDrainBenchmark.partitionedIngestMixed:getWorkload            256       drainOnly  thrpt    5  218469.467 ± 69261.570  ops/s
SegmentIndexMixedDrainBenchmark.partitionedIngestMixed:putWorkload            256       drainOnly  thrpt    5  274597.770 ± 41413.687  ops/s

Benchmark result is saved to /home/runner/work/_temp/benchmark-results/candidate/raw/segment-index-mixed-drain.json
