# JMH version: 1.37
# VM version: JDK 21.0.12.1, OpenJDK 64-Bit Server VM, 21.0.12.1+1-LTS
# VM invoker: /usr/lib/jvm/temurin-21-jdk-amd64/bin/java
# VM options: <none>
# Blackhole mode: compiler (auto-detected, use -Djmh.blackhole.autoDetect=false to disable)
# Warmup: 2 iterations, 2 s each
# Measurement: 5 iterations, 2 s each
# Timeout: 10 min per iteration
# Threads: 20 threads (1 group; 4x "getWorkload", 16x "putWorkload" in each group), will synchronize iterations
# Benchmark mode: Throughput, ops/time
# Benchmark: org.hestiastore.benchmark.segmentindex.SegmentIndexMixedDrainBenchmark.partitionedIngestMixed
# Parameters: (hotKeySpace = 256, workloadMode = splitHeavy)

# Run progress: 0.00% complete, ETA 00:00:14
# Fork: 1 of 1
# Warmup Iteration   1: 284054.580 ops/s
# Warmup Iteration   2: 865670.091 ops/s
Iteration   1: 1220678.783 ops/s
                 getWorkload: 1201146.069 ops/s
                 putWorkload: 19532.713 ops/s

Iteration   2: 1213155.520 ops/s
                 getWorkload: 1194941.850 ops/s
                 putWorkload: 18213.670 ops/s

Iteration   3: 1342159.333 ops/s
                 getWorkload: 1321044.193 ops/s
                 putWorkload: 21115.140 ops/s

Iteration   4: 1366689.731 ops/s
                 getWorkload: 1347184.150 ops/s
                 putWorkload: 19505.581 ops/s

Iteration   5: 1458775.112 ops/s
                 getWorkload: 1437718.081 ops/s
                 putWorkload: 21057.031 ops/s



Result "org.hestiastore.benchmark.segmentindex.SegmentIndexMixedDrainBenchmark.partitionedIngestMixed":
  1320291.696 ±(99.9%) 400214.747 ops/s [Average]
  (min, avg, max) = (1213155.520, 1320291.696, 1458775.112), stdev = 103934.499
  CI (99.9%): [920076.949, 1720506.443] (assumes normal distribution)

Secondary result "org.hestiastore.benchmark.segmentindex.SegmentIndexMixedDrainBenchmark.partitionedIngestMixed:getWorkload":
  1300406.869 ±(99.9%) 396653.514 ops/s [Average]
  (min, avg, max) = (1194941.850, 1300406.869, 1437718.081), stdev = 103009.658
  CI (99.9%): [903753.355, 1697060.383] (assumes normal distribution)

Secondary result "org.hestiastore.benchmark.segmentindex.SegmentIndexMixedDrainBenchmark.partitionedIngestMixed:putWorkload":
  19884.827 ±(99.9%) 4695.697 ops/s [Average]
  (min, avg, max) = (18213.670, 19884.827, 21115.140), stdev = 1219.458
  CI (99.9%): [15189.130, 24580.524] (assumes normal distribution)


# Run complete. Total time: 00:00:19

REMEMBER: The numbers below are just data. To gain reusable insights, you need to follow up on
why the numbers are the way they are. Use profilers (see -prof, -lprof), design factorial
experiments, perform baseline and negative tests that provide experimental control, make sure
the benchmarking environment is safe on JVM/OS/HW level, ask for reviews from the domain experts.
Do not assume the numbers tell you what you want them to tell.

NOTE: Current JVM experimentally supports Compiler Blackholes, and they are in use. Please exercise
extra caution when trusting the results, look into the generated code to check the benchmark still
works, and factor in a small probability of new VM bugs. Additionally, while comparisons between
different JVMs are already problematic, the performance difference caused by different Blackhole
modes can be very significant. Please make sure you use the consistent Blackhole mode for comparisons.

Benchmark                                                           (hotKeySpace)  (workloadMode)   Mode  Cnt        Score        Error  Units
SegmentIndexMixedDrainBenchmark.partitionedIngestMixed                        256      splitHeavy  thrpt    5  1320291.696 ± 400214.747  ops/s
SegmentIndexMixedDrainBenchmark.partitionedIngestMixed:getWorkload            256      splitHeavy  thrpt    5  1300406.869 ± 396653.514  ops/s
SegmentIndexMixedDrainBenchmark.partitionedIngestMixed:putWorkload            256      splitHeavy  thrpt    5    19884.827 ±   4695.697  ops/s

Benchmark result is saved to /home/runner/work/_temp/benchmark-results/candidate/raw/segment-index-mixed-split-heavy.json
