# JMH version: 1.37
# VM version: JDK 21.0.12.1, OpenJDK 64-Bit Server VM, 21.0.12.1+1-LTS
# VM invoker: /usr/lib/jvm/temurin-21-jdk-amd64/bin/java
# VM options: <none>
# Blackhole mode: compiler (auto-detected, use -Djmh.blackhole.autoDetect=false to disable)
# Warmup: 2 iterations, 2 s each
# Measurement: 5 iterations, 2 s each
# Timeout: 10 min per iteration
# Threads: 20 threads, will synchronize iterations
# Benchmark mode: Throughput, ops/time
# Benchmark: org.hestiastore.benchmark.segmentindex.SegmentIndexHotRoutePutBenchmark.putHotRoute
# Parameters: (contextLogging = false)

# Run progress: 0.00% complete, ETA 00:00:28
# Fork: 1 of 1
# Warmup Iteration   1: 3467275.237 ops/s
# Warmup Iteration   2: 3822029.584 ops/s
Iteration   1: 4091257.900 ops/s
Iteration   2: 4246371.613 ops/s
Iteration   3: 4287186.418 ops/s
Iteration   4: 4304110.240 ops/s
Iteration   5: 4308488.653 ops/s


Result "org.hestiastore.benchmark.segmentindex.SegmentIndexHotRoutePutBenchmark.putHotRoute":
  4247482.965 ±(99.9%) 349286.583 ops/s [Average]
  (min, avg, max) = (4091257.900, 4247482.965, 4308488.653), stdev = 90708.616
  CI (99.9%): [3898196.382, 4596769.547] (assumes normal distribution)


# JMH version: 1.37
# VM version: JDK 21.0.12.1, OpenJDK 64-Bit Server VM, 21.0.12.1+1-LTS
# VM invoker: /usr/lib/jvm/temurin-21-jdk-amd64/bin/java
# VM options: <none>
# Blackhole mode: compiler (auto-detected, use -Djmh.blackhole.autoDetect=false to disable)
# Warmup: 2 iterations, 2 s each
# Measurement: 5 iterations, 2 s each
# Timeout: 10 min per iteration
# Threads: 20 threads, will synchronize iterations
# Benchmark mode: Throughput, ops/time
# Benchmark: org.hestiastore.benchmark.segmentindex.SegmentIndexHotRoutePutBenchmark.putThenGetHotRoute
# Parameters: (contextLogging = false)

# Run progress: 50.00% complete, ETA 00:00:16
# Fork: 1 of 1
# Warmup Iteration   1: 1756952.799 ops/s
# Warmup Iteration   2: 2249263.083 ops/s
Iteration   1: 2383790.853 ops/s
Iteration   2: 2365511.146 ops/s
Iteration   3: 2391705.041 ops/s
Iteration   4: 2389073.173 ops/s
Iteration   5: 2392596.308 ops/s


Result "org.hestiastore.benchmark.segmentindex.SegmentIndexHotRoutePutBenchmark.putThenGetHotRoute":
  2384535.304 ±(99.9%) 43027.821 ops/s [Average]
  (min, avg, max) = (2365511.146, 2384535.304, 2392596.308), stdev = 11174.188
  CI (99.9%): [2341507.483, 2427563.125] (assumes normal distribution)


# Run complete. Total time: 00:00:31

REMEMBER: The numbers below are just data. To gain reusable insights, you need to follow up on
why the numbers are the way they are. Use profilers (see -prof, -lprof), design factorial
experiments, perform baseline and negative tests that provide experimental control, make sure
the benchmarking environment is safe on JVM/OS/HW level, ask for reviews from the domain experts.
Do not assume the numbers tell you what you want them to tell.

NOTE: Current JVM experimentally supports Compiler Blackholes, and they are in use. Please exercise
extra caution when trusting the results, look into the generated code to check the benchmark still
works, and factor in a small probability of new VM bugs. Additionally, while comparisons between
different JVMs are already problematic, the performance difference caused by different Blackhole
modes can be very significant. Please make sure you use the consistent Blackhole mode for comparisons.

Benchmark                                            (contextLogging)   Mode  Cnt        Score        Error  Units
SegmentIndexHotRoutePutBenchmark.putHotRoute                    false  thrpt    5  4247482.965 ± 349286.583  ops/s
SegmentIndexHotRoutePutBenchmark.putThenGetHotRoute             false  thrpt    5  2384535.304 ±  43027.821  ops/s

Benchmark result is saved to /home/runner/work/_temp/benchmark-results/candidate/raw/segment-index-hot-route-put.json
