# JMH version: 1.37
# VM version: JDK 21.0.12.1, OpenJDK 64-Bit Server VM, 21.0.12.1+1-LTS
# VM invoker: /usr/lib/jvm/temurin-21-jdk-amd64/bin/java
# VM options: <none>
# Blackhole mode: compiler (auto-detected, use -Djmh.blackhole.autoDetect=false to disable)
# Warmup: 2 iterations, 2 s each
# Measurement: 5 iterations, 2 s each
# Timeout: 10 min per iteration
# Threads: 20 threads (1 group; 4x "getWorkload", 16x "putWorkload" in each group), will synchronize iterations
# Benchmark mode: Throughput, ops/time
# Benchmark: org.hestiastore.benchmark.segmentindex.SegmentIndexMixedDrainBenchmark.partitionedIngestMixed
# Parameters: (hotKeySpace = 256, workloadMode = drainOnly)

# Run progress: 0.00% complete, ETA 00:00:14
# Fork: 1 of 1
# Warmup Iteration   1: 378269.075 ops/s
# Warmup Iteration   2: 543233.256 ops/s
Iteration   1: 522235.980 ops/s
                 getWorkload: 256898.786 ops/s
                 putWorkload: 265337.194 ops/s

Iteration   2: 555764.715 ops/s
                 getWorkload: 262659.425 ops/s
                 putWorkload: 293105.289 ops/s

Iteration   3: 552467.933 ops/s
                 getWorkload: 251524.933 ops/s
                 putWorkload: 300943.001 ops/s

Iteration   4: 567015.503 ops/s
                 getWorkload: 264404.531 ops/s
                 putWorkload: 302610.972 ops/s

Iteration   5: 589310.430 ops/s
                 getWorkload: 287979.762 ops/s
                 putWorkload: 301330.668 ops/s



Result "org.hestiastore.benchmark.segmentindex.SegmentIndexMixedDrainBenchmark.partitionedIngestMixed":
  557358.912 ±(99.9%) 93813.430 ops/s [Average]
  (min, avg, max) = (522235.980, 557358.912, 589310.430), stdev = 24363.050
  CI (99.9%): [463545.483, 651172.342] (assumes normal distribution)

Secondary result "org.hestiastore.benchmark.segmentindex.SegmentIndexMixedDrainBenchmark.partitionedIngestMixed:getWorkload":
  264693.487 ±(99.9%) 53793.361 ops/s [Average]
  (min, avg, max) = (251524.933, 264693.487, 287979.762), stdev = 13969.965
  CI (99.9%): [210900.126, 318486.849] (assumes normal distribution)

Secondary result "org.hestiastore.benchmark.segmentindex.SegmentIndexMixedDrainBenchmark.partitionedIngestMixed:putWorkload":
  292665.425 ±(99.9%) 60564.897 ops/s [Average]
  (min, avg, max) = (265337.194, 292665.425, 302610.972), stdev = 15728.511
  CI (99.9%): [232100.528, 353230.322] (assumes normal distribution)


# Run complete. Total time: 00:00:15

REMEMBER: The numbers below are just data. To gain reusable insights, you need to follow up on
why the numbers are the way they are. Use profilers (see -prof, -lprof), design factorial
experiments, perform baseline and negative tests that provide experimental control, make sure
the benchmarking environment is safe on JVM/OS/HW level, ask for reviews from the domain experts.
Do not assume the numbers tell you what you want them to tell.

NOTE: Current JVM experimentally supports Compiler Blackholes, and they are in use. Please exercise
extra caution when trusting the results, look into the generated code to check the benchmark still
works, and factor in a small probability of new VM bugs. Additionally, while comparisons between
different JVMs are already problematic, the performance difference caused by different Blackhole
modes can be very significant. Please make sure you use the consistent Blackhole mode for comparisons.

Benchmark                                                           (hotKeySpace)  (workloadMode)   Mode  Cnt       Score       Error  Units
SegmentIndexMixedDrainBenchmark.partitionedIngestMixed                        256       drainOnly  thrpt    5  557358.912 ± 93813.430  ops/s
SegmentIndexMixedDrainBenchmark.partitionedIngestMixed:getWorkload            256       drainOnly  thrpt    5  264693.487 ± 53793.361  ops/s
SegmentIndexMixedDrainBenchmark.partitionedIngestMixed:putWorkload            256       drainOnly  thrpt    5  292665.425 ± 60564.897  ops/s

Benchmark result is saved to /home/runner/work/_temp/benchmark-results/candidate/raw/segment-index-mixed-drain.json
