# JMH version: 1.37
# VM version: JDK 21.0.12.1, OpenJDK 64-Bit Server VM, 21.0.12.1+1-LTS
# VM invoker: /usr/lib/jvm/temurin-21-jdk-amd64/bin/java
# VM options: <none>
# Blackhole mode: compiler (auto-detected, use -Djmh.blackhole.autoDetect=false to disable)
# Warmup: 2 iterations, 2 s each
# Measurement: 5 iterations, 2 s each
# Timeout: 10 min per iteration
# Threads: 20 threads (1 group; 4x "getWorkload", 16x "putWorkload" in each group), will synchronize iterations
# Benchmark mode: Throughput, ops/time
# Benchmark: org.hestiastore.benchmark.segmentindex.SegmentIndexMixedDrainBenchmark.partitionedIngestMixed
# Parameters: (hotKeySpace = 256, workloadMode = splitHeavy)

# Run progress: 0.00% complete, ETA 00:00:14
# Fork: 1 of 1
# Warmup Iteration   1: 234228.264 ops/s
# Warmup Iteration   2: 761448.879 ops/s
Iteration   1: 1104500.084 ops/s
                 getWorkload: 1071878.480 ops/s
                 putWorkload: 32621.603 ops/s

Iteration   2: 1070299.354 ops/s
                 getWorkload: 1032714.245 ops/s
                 putWorkload: 37585.108 ops/s

Iteration   3: 1305530.745 ops/s
                 getWorkload: 1270833.296 ops/s
                 putWorkload: 34697.449 ops/s

Iteration   4: 1379966.642 ops/s
                 getWorkload: 1345983.500 ops/s
                 putWorkload: 33983.141 ops/s

Iteration   5: 1358219.492 ops/s
                 getWorkload: 1322366.189 ops/s
                 putWorkload: 35853.303 ops/s



Result "org.hestiastore.benchmark.segmentindex.SegmentIndexMixedDrainBenchmark.partitionedIngestMixed":
  1243703.263 ±(99.9%) 561160.357 ops/s [Average]
  (min, avg, max) = (1070299.354, 1243703.263, 1379966.642), stdev = 145731.563
  CI (99.9%): [682542.906, 1804863.621] (assumes normal distribution)

Secondary result "org.hestiastore.benchmark.segmentindex.SegmentIndexMixedDrainBenchmark.partitionedIngestMixed:getWorkload":
  1208755.142 ±(99.9%) 562373.354 ops/s [Average]
  (min, avg, max) = (1032714.245, 1208755.142, 1345983.500), stdev = 146046.574
  CI (99.9%): [646381.788, 1771128.496] (assumes normal distribution)

Secondary result "org.hestiastore.benchmark.segmentindex.SegmentIndexMixedDrainBenchmark.partitionedIngestMixed:putWorkload":
  34948.121 ±(99.9%) 7249.998 ops/s [Average]
  (min, avg, max) = (32621.603, 34948.121, 37585.108), stdev = 1882.801
  CI (99.9%): [27698.124, 42198.119] (assumes normal distribution)


# Run complete. Total time: 00:00:18

REMEMBER: The numbers below are just data. To gain reusable insights, you need to follow up on
why the numbers are the way they are. Use profilers (see -prof, -lprof), design factorial
experiments, perform baseline and negative tests that provide experimental control, make sure
the benchmarking environment is safe on JVM/OS/HW level, ask for reviews from the domain experts.
Do not assume the numbers tell you what you want them to tell.

NOTE: Current JVM experimentally supports Compiler Blackholes, and they are in use. Please exercise
extra caution when trusting the results, look into the generated code to check the benchmark still
works, and factor in a small probability of new VM bugs. Additionally, while comparisons between
different JVMs are already problematic, the performance difference caused by different Blackhole
modes can be very significant. Please make sure you use the consistent Blackhole mode for comparisons.

Benchmark                                                           (hotKeySpace)  (workloadMode)   Mode  Cnt        Score        Error  Units
SegmentIndexMixedDrainBenchmark.partitionedIngestMixed                        256      splitHeavy  thrpt    5  1243703.263 ± 561160.357  ops/s
SegmentIndexMixedDrainBenchmark.partitionedIngestMixed:getWorkload            256      splitHeavy  thrpt    5  1208755.142 ± 562373.354  ops/s
SegmentIndexMixedDrainBenchmark.partitionedIngestMixed:putWorkload            256      splitHeavy  thrpt    5    34948.121 ±   7249.998  ops/s

Benchmark result is saved to /home/runner/work/_temp/benchmark-results/candidate/raw/segment-index-mixed-split-heavy.json
