# JMH version: 1.37
# VM version: JDK 21.0.12, OpenJDK 64-Bit Server VM, 21.0.12+8-LTS
# VM invoker: /usr/lib/jvm/temurin-21-jdk-amd64/bin/java
# VM options: <none>
# Blackhole mode: compiler (auto-detected, use -Djmh.blackhole.autoDetect=false to disable)
# Warmup: 2 iterations, 2 s each
# Measurement: 5 iterations, 2 s each
# Timeout: 10 min per iteration
# Threads: 20 threads (1 group; 4x "getWorkload", 16x "putWorkload" in each group), will synchronize iterations
# Benchmark mode: Throughput, ops/time
# Benchmark: org.hestiastore.benchmark.segmentindex.SegmentIndexMixedDrainBenchmark.partitionedIngestMixed
# Parameters: (hotKeySpace = 256, workloadMode = splitHeavy)

# Run progress: 0.00% complete, ETA 00:00:14
# Fork: 1 of 1
# Warmup Iteration   1: 411427.576 ops/s
# Warmup Iteration   2: 897357.675 ops/s
Iteration   1: 1075584.910 ops/s
                 getWorkload: 1059937.649 ops/s
                 putWorkload: 15647.261 ops/s

Iteration   2: 1085629.813 ops/s
                 getWorkload: 1070970.457 ops/s
                 putWorkload: 14659.355 ops/s

Iteration   3: 1215248.464 ops/s
                 getWorkload: 1203135.610 ops/s
                 putWorkload: 12112.853 ops/s

Iteration   4: 1290836.453 ops/s
                 getWorkload: 1276606.409 ops/s
                 putWorkload: 14230.044 ops/s

Iteration   5: 1236578.129 ops/s
                 getWorkload: 1222803.737 ops/s
                 putWorkload: 13774.392 ops/s



Result "org.hestiastore.benchmark.segmentindex.SegmentIndexMixedDrainBenchmark.partitionedIngestMixed":
  1180775.554 ±(99.9%) 368000.975 ops/s [Average]
  (min, avg, max) = (1075584.910, 1180775.554, 1290836.453), stdev = 95568.685
  CI (99.9%): [812774.578, 1548776.529] (assumes normal distribution)

Secondary result "org.hestiastore.benchmark.segmentindex.SegmentIndexMixedDrainBenchmark.partitionedIngestMixed:getWorkload":
  1166690.773 ±(99.9%) 370927.886 ops/s [Average]
  (min, avg, max) = (1059937.649, 1166690.773, 1276606.409), stdev = 96328.794
  CI (99.9%): [795762.887, 1537618.659] (assumes normal distribution)

Secondary result "org.hestiastore.benchmark.segmentindex.SegmentIndexMixedDrainBenchmark.partitionedIngestMixed:putWorkload":
  14084.781 ±(99.9%) 5012.283 ops/s [Average]
  (min, avg, max) = (12112.853, 14084.781, 15647.261), stdev = 1301.674
  CI (99.9%): [9072.498, 19097.064] (assumes normal distribution)


# Run complete. Total time: 00:00:19

REMEMBER: The numbers below are just data. To gain reusable insights, you need to follow up on
why the numbers are the way they are. Use profilers (see -prof, -lprof), design factorial
experiments, perform baseline and negative tests that provide experimental control, make sure
the benchmarking environment is safe on JVM/OS/HW level, ask for reviews from the domain experts.
Do not assume the numbers tell you what you want them to tell.

NOTE: Current JVM experimentally supports Compiler Blackholes, and they are in use. Please exercise
extra caution when trusting the results, look into the generated code to check the benchmark still
works, and factor in a small probability of new VM bugs. Additionally, while comparisons between
different JVMs are already problematic, the performance difference caused by different Blackhole
modes can be very significant. Please make sure you use the consistent Blackhole mode for comparisons.

Benchmark                                                           (hotKeySpace)  (workloadMode)   Mode  Cnt        Score        Error  Units
SegmentIndexMixedDrainBenchmark.partitionedIngestMixed                        256      splitHeavy  thrpt    5  1180775.554 ± 368000.975  ops/s
SegmentIndexMixedDrainBenchmark.partitionedIngestMixed:getWorkload            256      splitHeavy  thrpt    5  1166690.773 ± 370927.886  ops/s
SegmentIndexMixedDrainBenchmark.partitionedIngestMixed:putWorkload            256      splitHeavy  thrpt    5    14084.781 ±   5012.283  ops/s

Benchmark result is saved to /home/runner/work/_temp/benchmark-results/candidate/raw/segment-index-mixed-split-heavy.json
