# JMH version: 1.37
# VM version: JDK 21.0.12.1, OpenJDK 64-Bit Server VM, 21.0.12.1+1-LTS
# VM invoker: /usr/lib/jvm/temurin-21-jdk-amd64/bin/java
# VM options: <none>
# Blackhole mode: compiler (auto-detected, use -Djmh.blackhole.autoDetect=false to disable)
# Warmup: 2 iterations, 2 s each
# Measurement: 5 iterations, 2 s each
# Timeout: 10 min per iteration
# Threads: 20 threads (1 group; 4x "getWorkload", 16x "putWorkload" in each group), will synchronize iterations
# Benchmark mode: Throughput, ops/time
# Benchmark: org.hestiastore.benchmark.segmentindex.SegmentIndexMixedDrainBenchmark.partitionedIngestMixed
# Parameters: (hotKeySpace = 256, workloadMode = drainOnly)

# Run progress: 0.00% complete, ETA 00:00:14
# Fork: 1 of 1
# Warmup Iteration   1: 465744.805 ops/s
# Warmup Iteration   2: 536700.369 ops/s
Iteration   1: 529417.366 ops/s
                 getWorkload: 233143.353 ops/s
                 putWorkload: 296274.013 ops/s

Iteration   2: 571878.712 ops/s
                 getWorkload: 280896.074 ops/s
                 putWorkload: 290982.639 ops/s

Iteration   3: 585028.056 ops/s
                 getWorkload: 284140.530 ops/s
                 putWorkload: 300887.526 ops/s

Iteration   4: 579541.183 ops/s
                 getWorkload: 267315.418 ops/s
                 putWorkload: 312225.765 ops/s

Iteration   5: 586209.249 ops/s
                 getWorkload: 286207.387 ops/s
                 putWorkload: 300001.862 ops/s



Result "org.hestiastore.benchmark.segmentindex.SegmentIndexMixedDrainBenchmark.partitionedIngestMixed":
  570414.913 ±(99.9%) 90903.652 ops/s [Average]
  (min, avg, max) = (529417.366, 570414.913, 586209.249), stdev = 23607.390
  CI (99.9%): [479511.262, 661318.565] (assumes normal distribution)

Secondary result "org.hestiastore.benchmark.segmentindex.SegmentIndexMixedDrainBenchmark.partitionedIngestMixed:getWorkload":
  270340.552 ±(99.9%) 84941.354 ops/s [Average]
  (min, avg, max) = (233143.353, 270340.552, 286207.387), stdev = 22059.000
  CI (99.9%): [185399.198, 355281.906] (assumes normal distribution)

Secondary result "org.hestiastore.benchmark.segmentindex.SegmentIndexMixedDrainBenchmark.partitionedIngestMixed:putWorkload":
  300074.361 ±(99.9%) 30162.193 ops/s [Average]
  (min, avg, max) = (290982.639, 300074.361, 312225.765), stdev = 7833.026
  CI (99.9%): [269912.168, 330236.554] (assumes normal distribution)


# Run complete. Total time: 00:00:15

REMEMBER: The numbers below are just data. To gain reusable insights, you need to follow up on
why the numbers are the way they are. Use profilers (see -prof, -lprof), design factorial
experiments, perform baseline and negative tests that provide experimental control, make sure
the benchmarking environment is safe on JVM/OS/HW level, ask for reviews from the domain experts.
Do not assume the numbers tell you what you want them to tell.

NOTE: Current JVM experimentally supports Compiler Blackholes, and they are in use. Please exercise
extra caution when trusting the results, look into the generated code to check the benchmark still
works, and factor in a small probability of new VM bugs. Additionally, while comparisons between
different JVMs are already problematic, the performance difference caused by different Blackhole
modes can be very significant. Please make sure you use the consistent Blackhole mode for comparisons.

Benchmark                                                           (hotKeySpace)  (workloadMode)   Mode  Cnt       Score       Error  Units
SegmentIndexMixedDrainBenchmark.partitionedIngestMixed                        256       drainOnly  thrpt    5  570414.913 ± 90903.652  ops/s
SegmentIndexMixedDrainBenchmark.partitionedIngestMixed:getWorkload            256       drainOnly  thrpt    5  270340.552 ± 84941.354  ops/s
SegmentIndexMixedDrainBenchmark.partitionedIngestMixed:putWorkload            256       drainOnly  thrpt    5  300074.361 ± 30162.193  ops/s

Benchmark result is saved to /home/runner/work/_temp/benchmark-results/candidate/raw/segment-index-mixed-drain.json
