# JMH version: 1.37
# VM version: JDK 21.0.12.1, OpenJDK 64-Bit Server VM, 21.0.12.1+1-LTS
# VM invoker: /usr/lib/jvm/temurin-21-jdk-amd64/bin/java
# VM options: <none>
# Blackhole mode: compiler (auto-detected, use -Djmh.blackhole.autoDetect=false to disable)
# Warmup: 2 iterations, 2 s each
# Measurement: 5 iterations, 2 s each
# Timeout: 10 min per iteration
# Threads: 20 threads (1 group; 4x "getWorkload", 16x "putWorkload" in each group), will synchronize iterations
# Benchmark mode: Throughput, ops/time
# Benchmark: org.hestiastore.benchmark.segmentindex.SegmentIndexMixedDrainBenchmark.partitionedIngestMixed
# Parameters: (hotKeySpace = 256, workloadMode = splitHeavy)

# Run progress: 0.00% complete, ETA 00:00:14
# Fork: 1 of 1
# Warmup Iteration   1: 364435.633 ops/s
# Warmup Iteration   2: 909492.458 ops/s
Iteration   1: 1109508.884 ops/s
                 getWorkload: 1076023.095 ops/s
                 putWorkload: 33485.789 ops/s

Iteration   2: 1322820.171 ops/s
                 getWorkload: 1287099.316 ops/s
                 putWorkload: 35720.855 ops/s

Iteration   3: 1351021.148 ops/s
                 getWorkload: 1316056.980 ops/s
                 putWorkload: 34964.168 ops/s

Iteration   4: 1332996.787 ops/s
                 getWorkload: 1296948.969 ops/s
                 putWorkload: 36047.818 ops/s

Iteration   5: 1231563.961 ops/s
                 getWorkload: 1193610.956 ops/s
                 putWorkload: 37953.005 ops/s



Result "org.hestiastore.benchmark.segmentindex.SegmentIndexMixedDrainBenchmark.partitionedIngestMixed":
  1269582.190 ±(99.9%) 387735.401 ops/s [Average]
  (min, avg, max) = (1109508.884, 1269582.190, 1351021.148), stdev = 100693.652
  CI (99.9%): [881846.789, 1657317.592] (assumes normal distribution)

Secondary result "org.hestiastore.benchmark.segmentindex.SegmentIndexMixedDrainBenchmark.partitionedIngestMixed:getWorkload":
  1233947.863 ±(99.9%) 385561.872 ops/s [Average]
  (min, avg, max) = (1076023.095, 1233947.863, 1316056.980), stdev = 100129.194
  CI (99.9%): [848385.992, 1619509.735] (assumes normal distribution)

Secondary result "org.hestiastore.benchmark.segmentindex.SegmentIndexMixedDrainBenchmark.partitionedIngestMixed:putWorkload":
  35634.327 ±(99.9%) 6274.322 ops/s [Average]
  (min, avg, max) = (33485.789, 35634.327, 37953.005), stdev = 1629.422
  CI (99.9%): [29360.005, 41908.649] (assumes normal distribution)


# Run complete. Total time: 00:00:18

REMEMBER: The numbers below are just data. To gain reusable insights, you need to follow up on
why the numbers are the way they are. Use profilers (see -prof, -lprof), design factorial
experiments, perform baseline and negative tests that provide experimental control, make sure
the benchmarking environment is safe on JVM/OS/HW level, ask for reviews from the domain experts.
Do not assume the numbers tell you what you want them to tell.

NOTE: Current JVM experimentally supports Compiler Blackholes, and they are in use. Please exercise
extra caution when trusting the results, look into the generated code to check the benchmark still
works, and factor in a small probability of new VM bugs. Additionally, while comparisons between
different JVMs are already problematic, the performance difference caused by different Blackhole
modes can be very significant. Please make sure you use the consistent Blackhole mode for comparisons.

Benchmark                                                           (hotKeySpace)  (workloadMode)   Mode  Cnt        Score        Error  Units
SegmentIndexMixedDrainBenchmark.partitionedIngestMixed                        256      splitHeavy  thrpt    5  1269582.190 ± 387735.401  ops/s
SegmentIndexMixedDrainBenchmark.partitionedIngestMixed:getWorkload            256      splitHeavy  thrpt    5  1233947.863 ± 385561.872  ops/s
SegmentIndexMixedDrainBenchmark.partitionedIngestMixed:putWorkload            256      splitHeavy  thrpt    5    35634.327 ±   6274.322  ops/s

Benchmark result is saved to /home/runner/work/_temp/benchmark-results/candidate/raw/segment-index-mixed-split-heavy.json
