# JMH version: 1.37
# VM version: JDK 21.0.12.1, OpenJDK 64-Bit Server VM, 21.0.12.1+1-LTS
# VM invoker: /usr/lib/jvm/temurin-21-jdk-amd64/bin/java
# VM options: <none>
# Blackhole mode: compiler (auto-detected, use -Djmh.blackhole.autoDetect=false to disable)
# Warmup: 2 iterations, 2 s each
# Measurement: 5 iterations, 2 s each
# Timeout: 10 min per iteration
# Threads: 20 threads (1 group; 4x "getWorkload", 16x "putWorkload" in each group), will synchronize iterations
# Benchmark mode: Throughput, ops/time
# Benchmark: org.hestiastore.benchmark.segmentindex.SegmentIndexMixedDrainBenchmark.partitionedIngestMixed
# Parameters: (hotKeySpace = 256, workloadMode = drainOnly)

# Run progress: 0.00% complete, ETA 00:00:14
# Fork: 1 of 1
# Warmup Iteration   1: 446119.501 ops/s
# Warmup Iteration   2: 612877.691 ops/s
Iteration   1: 538562.826 ops/s
                 getWorkload: 274862.988 ops/s
                 putWorkload: 263699.837 ops/s

Iteration   2: 559143.516 ops/s
                 getWorkload: 293648.303 ops/s
                 putWorkload: 265495.213 ops/s

Iteration   3: 535655.707 ops/s
                 getWorkload: 255870.853 ops/s
                 putWorkload: 279784.855 ops/s

Iteration   4: 553372.603 ops/s
                 getWorkload: 272849.177 ops/s
                 putWorkload: 280523.426 ops/s

Iteration   5: 564551.702 ops/s
                 getWorkload: 282902.317 ops/s
                 putWorkload: 281649.385 ops/s



Result "org.hestiastore.benchmark.segmentindex.SegmentIndexMixedDrainBenchmark.partitionedIngestMixed":
  550257.271 ±(99.9%) 48819.997 ops/s [Average]
  (min, avg, max) = (535655.707, 550257.271, 564551.702), stdev = 12678.398
  CI (99.9%): [501437.274, 599077.268] (assumes normal distribution)

Secondary result "org.hestiastore.benchmark.segmentindex.SegmentIndexMixedDrainBenchmark.partitionedIngestMixed:getWorkload":
  276026.728 ±(99.9%) 53616.123 ops/s [Average]
  (min, avg, max) = (255870.853, 276026.728, 293648.303), stdev = 13923.937
  CI (99.9%): [222410.605, 329642.851] (assumes normal distribution)

Secondary result "org.hestiastore.benchmark.segmentindex.SegmentIndexMixedDrainBenchmark.partitionedIngestMixed:putWorkload":
  274230.543 ±(99.9%) 34045.644 ops/s [Average]
  (min, avg, max) = (263699.837, 274230.543, 281649.385), stdev = 8841.546
  CI (99.9%): [240184.899, 308276.187] (assumes normal distribution)


# Run complete. Total time: 00:00:15

REMEMBER: The numbers below are just data. To gain reusable insights, you need to follow up on
why the numbers are the way they are. Use profilers (see -prof, -lprof), design factorial
experiments, perform baseline and negative tests that provide experimental control, make sure
the benchmarking environment is safe on JVM/OS/HW level, ask for reviews from the domain experts.
Do not assume the numbers tell you what you want them to tell.

NOTE: Current JVM experimentally supports Compiler Blackholes, and they are in use. Please exercise
extra caution when trusting the results, look into the generated code to check the benchmark still
works, and factor in a small probability of new VM bugs. Additionally, while comparisons between
different JVMs are already problematic, the performance difference caused by different Blackhole
modes can be very significant. Please make sure you use the consistent Blackhole mode for comparisons.

Benchmark                                                           (hotKeySpace)  (workloadMode)   Mode  Cnt       Score       Error  Units
SegmentIndexMixedDrainBenchmark.partitionedIngestMixed                        256       drainOnly  thrpt    5  550257.271 ± 48819.997  ops/s
SegmentIndexMixedDrainBenchmark.partitionedIngestMixed:getWorkload            256       drainOnly  thrpt    5  276026.728 ± 53616.123  ops/s
SegmentIndexMixedDrainBenchmark.partitionedIngestMixed:putWorkload            256       drainOnly  thrpt    5  274230.543 ± 34045.644  ops/s

Benchmark result is saved to /home/runner/work/_temp/benchmark-results/candidate/raw/segment-index-mixed-drain.json
