# JMH version: 1.37
# VM version: JDK 21.0.12.1, OpenJDK 64-Bit Server VM, 21.0.12.1+1-LTS
# VM invoker: /usr/lib/jvm/temurin-21-jdk-amd64/bin/java
# VM options: <none>
# Blackhole mode: compiler (auto-detected, use -Djmh.blackhole.autoDetect=false to disable)
# Warmup: 2 iterations, 2 s each
# Measurement: 5 iterations, 2 s each
# Timeout: 10 min per iteration
# Threads: 20 threads (1 group; 4x "getWorkload", 16x "putWorkload" in each group), will synchronize iterations
# Benchmark mode: Throughput, ops/time
# Benchmark: org.hestiastore.benchmark.segmentindex.SegmentIndexMixedDrainBenchmark.partitionedIngestMixed
# Parameters: (hotKeySpace = 256, workloadMode = splitHeavy)

# Run progress: 0.00% complete, ETA 00:00:14
# Fork: 1 of 1
# Warmup Iteration   1: 308370.446 ops/s
# Warmup Iteration   2: 792803.472 ops/s
Iteration   1: 1127158.053 ops/s
                 getWorkload: 1108356.447 ops/s
                 putWorkload: 18801.607 ops/s

Iteration   2: 1107531.944 ops/s
                 getWorkload: 1087099.616 ops/s
                 putWorkload: 20432.328 ops/s

Iteration   3: 1317517.693 ops/s
                 getWorkload: 1294865.880 ops/s
                 putWorkload: 22651.813 ops/s

Iteration   4: 1350275.523 ops/s
                 getWorkload: 1328667.500 ops/s
                 putWorkload: 21608.023 ops/s

Iteration   5: 1395916.327 ops/s
                 getWorkload: 1376993.296 ops/s
                 putWorkload: 18923.031 ops/s



Result "org.hestiastore.benchmark.segmentindex.SegmentIndexMixedDrainBenchmark.partitionedIngestMixed":
  1259679.908 ±(99.9%) 512382.334 ops/s [Average]
  (min, avg, max) = (1107531.944, 1259679.908, 1395916.327), stdev = 133064.065
  CI (99.9%): [747297.574, 1772062.243] (assumes normal distribution)

Secondary result "org.hestiastore.benchmark.segmentindex.SegmentIndexMixedDrainBenchmark.partitionedIngestMixed:getWorkload":
  1239196.548 ±(99.9%) 510644.889 ops/s [Average]
  (min, avg, max) = (1087099.616, 1239196.548, 1376993.296), stdev = 132612.856
  CI (99.9%): [728551.659, 1749841.437] (assumes normal distribution)

Secondary result "org.hestiastore.benchmark.segmentindex.SegmentIndexMixedDrainBenchmark.partitionedIngestMixed:putWorkload":
  20483.360 ±(99.9%) 6452.724 ops/s [Average]
  (min, avg, max) = (18801.607, 20483.360, 22651.813), stdev = 1675.752
  CI (99.9%): [14030.636, 26936.085] (assumes normal distribution)


# Run complete. Total time: 00:00:19

REMEMBER: The numbers below are just data. To gain reusable insights, you need to follow up on
why the numbers are the way they are. Use profilers (see -prof, -lprof), design factorial
experiments, perform baseline and negative tests that provide experimental control, make sure
the benchmarking environment is safe on JVM/OS/HW level, ask for reviews from the domain experts.
Do not assume the numbers tell you what you want them to tell.

NOTE: Current JVM experimentally supports Compiler Blackholes, and they are in use. Please exercise
extra caution when trusting the results, look into the generated code to check the benchmark still
works, and factor in a small probability of new VM bugs. Additionally, while comparisons between
different JVMs are already problematic, the performance difference caused by different Blackhole
modes can be very significant. Please make sure you use the consistent Blackhole mode for comparisons.

Benchmark                                                           (hotKeySpace)  (workloadMode)   Mode  Cnt        Score        Error  Units
SegmentIndexMixedDrainBenchmark.partitionedIngestMixed                        256      splitHeavy  thrpt    5  1259679.908 ± 512382.334  ops/s
SegmentIndexMixedDrainBenchmark.partitionedIngestMixed:getWorkload            256      splitHeavy  thrpt    5  1239196.548 ± 510644.889  ops/s
SegmentIndexMixedDrainBenchmark.partitionedIngestMixed:putWorkload            256      splitHeavy  thrpt    5    20483.360 ±   6452.724  ops/s

Benchmark result is saved to /home/runner/work/_temp/benchmark-results/candidate/raw/segment-index-mixed-split-heavy.json
