# JMH version: 1.37
# VM version: JDK 21.0.11, OpenJDK 64-Bit Server VM, 21.0.11+10-LTS
# VM invoker: /usr/lib/jvm/temurin-21-jdk-amd64/bin/java
# VM options: <none>
# Blackhole mode: compiler (auto-detected, use -Djmh.blackhole.autoDetect=false to disable)
# Warmup: 2 iterations, 2 s each
# Measurement: 5 iterations, 2 s each
# Timeout: 10 min per iteration
# Threads: 20 threads (1 group; 4x "getWorkload", 16x "putWorkload" in each group), will synchronize iterations
# Benchmark mode: Throughput, ops/time
# Benchmark: org.hestiastore.benchmark.segmentindex.SegmentIndexMixedDrainBenchmark.partitionedIngestMixed
# Parameters: (hotKeySpace = 256, workloadMode = splitHeavy)

# Run progress: 0.00% complete, ETA 00:00:14
# Fork: 1 of 1
# Warmup Iteration   1: 420336.995 ops/s
# Warmup Iteration   2: 894393.392 ops/s
Iteration   1: 1136620.764 ops/s
                 getWorkload: 1120880.052 ops/s
                 putWorkload: 15740.712 ops/s

Iteration   2: 1071861.751 ops/s
                 getWorkload: 1058461.441 ops/s
                 putWorkload: 13400.310 ops/s

Iteration   3: 1234183.174 ops/s
                 getWorkload: 1219824.102 ops/s
                 putWorkload: 14359.071 ops/s

Iteration   4: 1339219.803 ops/s
                 getWorkload: 1324503.663 ops/s
                 putWorkload: 14716.140 ops/s

Iteration   5: 1330677.510 ops/s
                 getWorkload: 1315733.166 ops/s
                 putWorkload: 14944.344 ops/s



Result "org.hestiastore.benchmark.segmentindex.SegmentIndexMixedDrainBenchmark.partitionedIngestMixed":
  1222512.600 ±(99.9%) 453696.339 ops/s [Average]
  (min, avg, max) = (1071861.751, 1222512.600, 1339219.803), stdev = 117823.498
  CI (99.9%): [768816.261, 1676208.939] (assumes normal distribution)

Secondary result "org.hestiastore.benchmark.segmentindex.SegmentIndexMixedDrainBenchmark.partitionedIngestMixed:getWorkload":
  1207880.485 ±(99.9%) 452638.822 ops/s [Average]
  (min, avg, max) = (1058461.441, 1207880.485, 1324503.663), stdev = 117548.865
  CI (99.9%): [755241.662, 1660519.307] (assumes normal distribution)

Secondary result "org.hestiastore.benchmark.segmentindex.SegmentIndexMixedDrainBenchmark.partitionedIngestMixed:putWorkload":
  14632.116 ±(99.9%) 3293.051 ops/s [Average]
  (min, avg, max) = (13400.310, 14632.116, 15740.712), stdev = 855.195
  CI (99.9%): [11339.065, 17925.166] (assumes normal distribution)


# Run complete. Total time: 00:00:18

REMEMBER: The numbers below are just data. To gain reusable insights, you need to follow up on
why the numbers are the way they are. Use profilers (see -prof, -lprof), design factorial
experiments, perform baseline and negative tests that provide experimental control, make sure
the benchmarking environment is safe on JVM/OS/HW level, ask for reviews from the domain experts.
Do not assume the numbers tell you what you want them to tell.

NOTE: Current JVM experimentally supports Compiler Blackholes, and they are in use. Please exercise
extra caution when trusting the results, look into the generated code to check the benchmark still
works, and factor in a small probability of new VM bugs. Additionally, while comparisons between
different JVMs are already problematic, the performance difference caused by different Blackhole
modes can be very significant. Please make sure you use the consistent Blackhole mode for comparisons.

Benchmark                                                           (hotKeySpace)  (workloadMode)   Mode  Cnt        Score        Error  Units
SegmentIndexMixedDrainBenchmark.partitionedIngestMixed                        256      splitHeavy  thrpt    5  1222512.600 ± 453696.339  ops/s
SegmentIndexMixedDrainBenchmark.partitionedIngestMixed:getWorkload            256      splitHeavy  thrpt    5  1207880.485 ± 452638.822  ops/s
SegmentIndexMixedDrainBenchmark.partitionedIngestMixed:putWorkload            256      splitHeavy  thrpt    5    14632.116 ±   3293.051  ops/s

Benchmark result is saved to /home/runner/work/_temp/benchmark-results/candidate/raw/segment-index-mixed-split-heavy.json
