# JMH version: 1.37
# VM version: JDK 21.0.11, OpenJDK 64-Bit Server VM, 21.0.11+10-LTS
# VM invoker: /usr/lib/jvm/temurin-21-jdk-amd64/bin/java
# VM options: <none>
# Blackhole mode: compiler (auto-detected, use -Djmh.blackhole.autoDetect=false to disable)
# Warmup: 2 iterations, 2 s each
# Measurement: 5 iterations, 2 s each
# Timeout: 10 min per iteration
# Threads: 20 threads (1 group; 4x "getWorkload", 16x "putWorkload" in each group), will synchronize iterations
# Benchmark mode: Throughput, ops/time
# Benchmark: org.hestiastore.benchmark.segmentindex.SegmentIndexMixedDrainBenchmark.partitionedIngestMixed
# Parameters: (hotKeySpace = 256, workloadMode = drainOnly)

# Run progress: 0.00% complete, ETA 00:00:14
# Fork: 1 of 1
# Warmup Iteration   1: 427749.128 ops/s
# Warmup Iteration   2: 542467.755 ops/s
Iteration   1: 493740.045 ops/s
                 getWorkload: 254601.163 ops/s
                 putWorkload: 239138.882 ops/s

Iteration   2: 519423.053 ops/s
                 getWorkload: 287165.162 ops/s
                 putWorkload: 232257.891 ops/s

Iteration   3: 488999.639 ops/s
                 getWorkload: 226196.656 ops/s
                 putWorkload: 262802.982 ops/s

Iteration   4: 527518.997 ops/s
                 getWorkload: 274535.464 ops/s
                 putWorkload: 252983.534 ops/s

Iteration   5: 516015.684 ops/s
                 getWorkload: 266852.866 ops/s
                 putWorkload: 249162.818 ops/s



Result "org.hestiastore.benchmark.segmentindex.SegmentIndexMixedDrainBenchmark.partitionedIngestMixed":
  509139.484 ±(99.9%) 64823.521 ops/s [Average]
  (min, avg, max) = (488999.639, 509139.484, 527518.997), stdev = 16834.463
  CI (99.9%): [444315.962, 573963.005] (assumes normal distribution)

Secondary result "org.hestiastore.benchmark.segmentindex.SegmentIndexMixedDrainBenchmark.partitionedIngestMixed:getWorkload":
  261870.262 ±(99.9%) 89284.127 ops/s [Average]
  (min, avg, max) = (226196.656, 261870.262, 287165.162), stdev = 23186.804
  CI (99.9%): [172586.135, 351154.389] (assumes normal distribution)

Secondary result "org.hestiastore.benchmark.segmentindex.SegmentIndexMixedDrainBenchmark.partitionedIngestMixed:putWorkload":
  247269.221 ±(99.9%) 45925.255 ops/s [Average]
  (min, avg, max) = (232257.891, 247269.221, 262802.982), stdev = 11926.643
  CI (99.9%): [201343.966, 293194.477] (assumes normal distribution)


# Run complete. Total time: 00:00:15

REMEMBER: The numbers below are just data. To gain reusable insights, you need to follow up on
why the numbers are the way they are. Use profilers (see -prof, -lprof), design factorial
experiments, perform baseline and negative tests that provide experimental control, make sure
the benchmarking environment is safe on JVM/OS/HW level, ask for reviews from the domain experts.
Do not assume the numbers tell you what you want them to tell.

NOTE: Current JVM experimentally supports Compiler Blackholes, and they are in use. Please exercise
extra caution when trusting the results, look into the generated code to check the benchmark still
works, and factor in a small probability of new VM bugs. Additionally, while comparisons between
different JVMs are already problematic, the performance difference caused by different Blackhole
modes can be very significant. Please make sure you use the consistent Blackhole mode for comparisons.

Benchmark                                                           (hotKeySpace)  (workloadMode)   Mode  Cnt       Score       Error  Units
SegmentIndexMixedDrainBenchmark.partitionedIngestMixed                        256       drainOnly  thrpt    5  509139.484 ± 64823.521  ops/s
SegmentIndexMixedDrainBenchmark.partitionedIngestMixed:getWorkload            256       drainOnly  thrpt    5  261870.262 ± 89284.127  ops/s
SegmentIndexMixedDrainBenchmark.partitionedIngestMixed:putWorkload            256       drainOnly  thrpt    5  247269.221 ± 45925.255  ops/s

Benchmark result is saved to /home/runner/work/_temp/benchmark-results/candidate/raw/segment-index-mixed-drain.json
